<?xml version="1.0" encoding="ISO-8859-1" ?>
<link_info>
   <banner>TI ARM Clang Linker PC v4.0.4.LTS</banner>
   <copyright>Copyright (c) 1996-2018 Texas Instruments Incorporated</copyright>
   <command_line>F:\MCU\11_TI_MSP\CCS_ide\install\ccs\tools\compiler\ti-cgt-armllvm_4.0.4.LTS\bin\tiarmlnk.exe -IF:\MCU\11_TI_MSP\CCS_project\2026project\balance_car_final -IF:\MCU\11_TI_MSP\CCS_project\2026project\balance_car_final/Debug -IF:\MCU\11_TI_MSP\CCS_ide\install\ccs\tools\compiler\ti-cgt-armllvm_4.0.4.LTS\lib -iC:/TI/mspm0_sdk_2_10_00_04/source --diag_wrap=off --display_error_number --warn_sections --rom_model -o F:\MCU\11_TI_MSP\CCS_project\2026project\balance_car_final/Debug/verify_clean/balance_car_final_clean.out -m F:\MCU\11_TI_MSP\CCS_project\2026project\balance_car_final/Debug/verify_clean/balance_car_final_clean.map --xml_link_info=F:\MCU\11_TI_MSP\CCS_project\2026project\balance_car_final/Debug/verify_clean/balance_car_final_clean_linkInfo.xml ./verify_clean/ball_controller.o ./verify_clean/ball_estimator.o ./verify_clean/ball_fast_estimator.o ./verify_clean/ball_pid_bank.o ./verify_clean/ball_quiet_observer.o ./verify_clean/ball_ui.o ./verify_clean/curve_control_q2.o ./verify_clean/curve_control_v4.o ./verify_clean/curve_control_v5.o ./verify_clean/curve_pid.o ./verify_clean/delay.o ./verify_clean/huidu.o ./verify_clean/main.o ./verify_clean/mode_q2.o ./verify_clean/mode_q3.o ./verify_clean/mode_q4.o ./verify_clean/mode_q5.o ./verify_clean/pid.o ./verify_clean/pid_q2.o ./verify_clean/Debug/ti_msp_dl_config.o ./verify_clean/startup_mspm0g350x_ticlang.o ./verify_clean/driver/encoder.o ./verify_clean/driver/key.o ./verify_clean/driver/motor.o ./verify_clean/driver/oled.o ./verify_clean/driver/servo.o ./verify_clean/driver/uart.o ./verify_clean/driver/mpu6050/inv_mpu.o ./verify_clean/driver/mpu6050/inv_mpu_dmp_motion_driver.o ./verify_clean/driver/mpu6050/mpu6050.o ./verify_clean/driver/mpu6050/mpu_port.o -l./device_linker.cmd -ldevice.cmd.genlibs -llibc.a --start-group -llibc++.a -llibc++abi.a -llibc.a -llibsys.a -llibsysbm.a -llibclang_rt.builtins.a -llibclang_rt.profile.a --end-group --cg_opt_level=0</command_line>
   <link_time>0x6a6d6a17</link_time>
   <link_errors>0x0</link_errors>
   <output_file>F:\MCU\11_TI_MSP\CCS_project\2026project\balance_car_final/Debug/verify_clean/balance_car_final_clean.out</output_file>
   <entry_point>
      <name>_c_int00_noargs</name>
      <address>0xf2f5</address>
   </entry_point>
   <input_file_list>
      <input_file id="fl-1">
         <path>F:\MCU\11_TI_MSP\CCS_project\2026project\balance_car_final\Debug\.\verify_clean\</path>
         <kind>object</kind>
         <file>ball_controller.o</file>
         <name>ball_controller.o</name>
      </input_file>
      <input_file id="fl-2">
         <path>F:\MCU\11_TI_MSP\CCS_project\2026project\balance_car_final\Debug\.\verify_clean\</path>
         <kind>object</kind>
         <file>ball_estimator.o</file>
         <name>ball_estimator.o</name>
      </input_file>
      <input_file id="fl-3">
         <path>F:\MCU\11_TI_MSP\CCS_project\2026project\balance_car_final\Debug\.\verify_clean\</path>
         <kind>object</kind>
         <file>ball_fast_estimator.o</file>
         <name>ball_fast_estimator.o</name>
      </input_file>
      <input_file id="fl-4">
         <path>F:\MCU\11_TI_MSP\CCS_project\2026project\balance_car_final\Debug\.\verify_clean\</path>
         <kind>object</kind>
         <file>ball_pid_bank.o</file>
         <name>ball_pid_bank.o</name>
      </input_file>
      <input_file id="fl-5">
         <path>F:\MCU\11_TI_MSP\CCS_project\2026project\balance_car_final\Debug\.\verify_clean\</path>
         <kind>object</kind>
         <file>ball_quiet_observer.o</file>
         <name>ball_quiet_observer.o</name>
      </input_file>
      <input_file id="fl-6">
         <path>F:\MCU\11_TI_MSP\CCS_project\2026project\balance_car_final\Debug\.\verify_clean\</path>
         <kind>object</kind>
         <file>ball_ui.o</file>
         <name>ball_ui.o</name>
      </input_file>
      <input_file id="fl-7">
         <path>F:\MCU\11_TI_MSP\CCS_project\2026project\balance_car_final\Debug\.\verify_clean\</path>
         <kind>object</kind>
         <file>curve_control_q2.o</file>
         <name>curve_control_q2.o</name>
      </input_file>
      <input_file id="fl-8">
         <path>F:\MCU\11_TI_MSP\CCS_project\2026project\balance_car_final\Debug\.\verify_clean\</path>
         <kind>object</kind>
         <file>curve_control_v4.o</file>
         <name>curve_control_v4.o</name>
      </input_file>
      <input_file id="fl-9">
         <path>F:\MCU\11_TI_MSP\CCS_project\2026project\balance_car_final\Debug\.\verify_clean\</path>
         <kind>object</kind>
         <file>curve_control_v5.o</file>
         <name>curve_control_v5.o</name>
      </input_file>
      <input_file id="fl-a">
         <path>F:\MCU\11_TI_MSP\CCS_project\2026project\balance_car_final\Debug\.\verify_clean\</path>
         <kind>object</kind>
         <file>curve_pid.o</file>
         <name>curve_pid.o</name>
      </input_file>
      <input_file id="fl-b">
         <path>F:\MCU\11_TI_MSP\CCS_project\2026project\balance_car_final\Debug\.\verify_clean\</path>
         <kind>object</kind>
         <file>delay.o</file>
         <name>delay.o</name>
      </input_file>
      <input_file id="fl-c">
         <path>F:\MCU\11_TI_MSP\CCS_project\2026project\balance_car_final\Debug\.\verify_clean\</path>
         <kind>object</kind>
         <file>huidu.o</file>
         <name>huidu.o</name>
      </input_file>
      <input_file id="fl-d">
         <path>F:\MCU\11_TI_MSP\CCS_project\2026project\balance_car_final\Debug\.\verify_clean\</path>
         <kind>object</kind>
         <file>main.o</file>
         <name>main.o</name>
      </input_file>
      <input_file id="fl-e">
         <path>F:\MCU\11_TI_MSP\CCS_project\2026project\balance_car_final\Debug\.\verify_clean\</path>
         <kind>object</kind>
         <file>mode_q2.o</file>
         <name>mode_q2.o</name>
      </input_file>
      <input_file id="fl-f">
         <path>F:\MCU\11_TI_MSP\CCS_project\2026project\balance_car_final\Debug\.\verify_clean\</path>
         <kind>object</kind>
         <file>mode_q3.o</file>
         <name>mode_q3.o</name>
      </input_file>
      <input_file id="fl-10">
         <path>F:\MCU\11_TI_MSP\CCS_project\2026project\balance_car_final\Debug\.\verify_clean\</path>
         <kind>object</kind>
         <file>mode_q4.o</file>
         <name>mode_q4.o</name>
      </input_file>
      <input_file id="fl-11">
         <path>F:\MCU\11_TI_MSP\CCS_project\2026project\balance_car_final\Debug\.\verify_clean\</path>
         <kind>object</kind>
         <file>mode_q5.o</file>
         <name>mode_q5.o</name>
      </input_file>
      <input_file id="fl-12">
         <path>F:\MCU\11_TI_MSP\CCS_project\2026project\balance_car_final\Debug\.\verify_clean\</path>
         <kind>object</kind>
         <file>pid.o</file>
         <name>pid.o</name>
      </input_file>
      <input_file id="fl-13">
         <path>F:\MCU\11_TI_MSP\CCS_project\2026project\balance_car_final\Debug\.\verify_clean\</path>
         <kind>object</kind>
         <file>pid_q2.o</file>
         <name>pid_q2.o</name>
      </input_file>
      <input_file id="fl-14">
         <path>F:\MCU\11_TI_MSP\CCS_project\2026project\balance_car_final\Debug\.\verify_clean\Debug\</path>
         <kind>object</kind>
         <file>ti_msp_dl_config.o</file>
         <name>ti_msp_dl_config.o</name>
      </input_file>
      <input_file id="fl-15">
         <path>F:\MCU\11_TI_MSP\CCS_project\2026project\balance_car_final\Debug\.\verify_clean\</path>
         <kind>object</kind>
         <file>startup_mspm0g350x_ticlang.o</file>
         <name>startup_mspm0g350x_ticlang.o</name>
      </input_file>
      <input_file id="fl-16">
         <path>F:\MCU\11_TI_MSP\CCS_project\2026project\balance_car_final\Debug\.\verify_clean\driver\</path>
         <kind>object</kind>
         <file>encoder.o</file>
         <name>encoder.o</name>
      </input_file>
      <input_file id="fl-17">
         <path>F:\MCU\11_TI_MSP\CCS_project\2026project\balance_car_final\Debug\.\verify_clean\driver\</path>
         <kind>object</kind>
         <file>key.o</file>
         <name>key.o</name>
      </input_file>
      <input_file id="fl-18">
         <path>F:\MCU\11_TI_MSP\CCS_project\2026project\balance_car_final\Debug\.\verify_clean\driver\</path>
         <kind>object</kind>
         <file>motor.o</file>
         <name>motor.o</name>
      </input_file>
      <input_file id="fl-19">
         <path>F:\MCU\11_TI_MSP\CCS_project\2026project\balance_car_final\Debug\.\verify_clean\driver\</path>
         <kind>object</kind>
         <file>oled.o</file>
         <name>oled.o</name>
      </input_file>
      <input_file id="fl-1a">
         <path>F:\MCU\11_TI_MSP\CCS_project\2026project\balance_car_final\Debug\.\verify_clean\driver\</path>
         <kind>object</kind>
         <file>servo.o</file>
         <name>servo.o</name>
      </input_file>
      <input_file id="fl-1b">
         <path>F:\MCU\11_TI_MSP\CCS_project\2026project\balance_car_final\Debug\.\verify_clean\driver\</path>
         <kind>object</kind>
         <file>uart.o</file>
         <name>uart.o</name>
      </input_file>
      <input_file id="fl-1c">
         <path>F:\MCU\11_TI_MSP\CCS_project\2026project\balance_car_final\Debug\.\verify_clean\driver\mpu6050\</path>
         <kind>object</kind>
         <file>inv_mpu.o</file>
         <name>inv_mpu.o</name>
      </input_file>
      <input_file id="fl-1d">
         <path>F:\MCU\11_TI_MSP\CCS_project\2026project\balance_car_final\Debug\.\verify_clean\driver\mpu6050\</path>
         <kind>object</kind>
         <file>inv_mpu_dmp_motion_driver.o</file>
         <name>inv_mpu_dmp_motion_driver.o</name>
      </input_file>
      <input_file id="fl-1e">
         <path>F:\MCU\11_TI_MSP\CCS_project\2026project\balance_car_final\Debug\.\verify_clean\driver\mpu6050\</path>
         <kind>object</kind>
         <file>mpu6050.o</file>
         <name>mpu6050.o</name>
      </input_file>
      <input_file id="fl-1f">
         <path>F:\MCU\11_TI_MSP\CCS_project\2026project\balance_car_final\Debug\.\verify_clean\driver\mpu6050\</path>
         <kind>object</kind>
         <file>mpu_port.o</file>
         <name>mpu_port.o</name>
      </input_file>
      <input_file id="fl-2c">
         <path>F:\MCU\11_TI_MSP\CCS_project\2026project\balance_car_final\Debug\</path>
         <kind>object</kind>
         <file>&lt;internal&gt;</file>
         <name>&lt;internal&gt;</name>
      </input_file>
      <input_file id="fl-2d">
         <path>C:\TI\mspm0_sdk_2_10_00_04\source\ti\driverlib\lib\ticlang\m0p\mspm0g1x0x_g3x0x\</path>
         <kind>archive</kind>
         <file>driverlib.a</file>
         <name>dl_common.o</name>
      </input_file>
      <input_file id="fl-2e">
         <path>C:\TI\mspm0_sdk_2_10_00_04\source\ti\driverlib\lib\ticlang\m0p\mspm0g1x0x_g3x0x\</path>
         <kind>archive</kind>
         <file>driverlib.a</file>
         <name>dl_i2c.o</name>
      </input_file>
      <input_file id="fl-2f">
         <path>C:\TI\mspm0_sdk_2_10_00_04\source\ti\driverlib\lib\ticlang\m0p\mspm0g1x0x_g3x0x\</path>
         <kind>archive</kind>
         <file>driverlib.a</file>
         <name>dl_timer.o</name>
      </input_file>
      <input_file id="fl-30">
         <path>C:\TI\mspm0_sdk_2_10_00_04\source\ti\driverlib\lib\ticlang\m0p\mspm0g1x0x_g3x0x\</path>
         <kind>archive</kind>
         <file>driverlib.a</file>
         <name>dl_uart.o</name>
      </input_file>
      <input_file id="fl-31">
         <path>C:\TI\mspm0_sdk_2_10_00_04\source\ti\driverlib\lib\ticlang\m0p\mspm0g1x0x_g3x0x\</path>
         <kind>archive</kind>
         <file>driverlib.a</file>
         <name>dl_sysctl_mspm0g1x0x_g3x0x.o</name>
      </input_file>
      <input_file id="fl-48">
         <path>F:\MCU\11_TI_MSP\CCS_ide\install\ccs\tools\compiler\ti-cgt-armllvm_4.0.4.LTS\lib\armv6m-ti-none-eabi\c\</path>
         <kind>archive</kind>
         <file>libc.a</file>
         <name>e_asin.c.obj</name>
      </input_file>
      <input_file id="fl-49">
         <path>F:\MCU\11_TI_MSP\CCS_ide\install\ccs\tools\compiler\ti-cgt-armllvm_4.0.4.LTS\lib\armv6m-ti-none-eabi\c\</path>
         <kind>archive</kind>
         <file>libc.a</file>
         <name>e_atan2.c.obj</name>
      </input_file>
      <input_file id="fl-4a">
         <path>F:\MCU\11_TI_MSP\CCS_ide\install\ccs\tools\compiler\ti-cgt-armllvm_4.0.4.LTS\lib\armv6m-ti-none-eabi\c\</path>
         <kind>archive</kind>
         <file>libc.a</file>
         <name>e_sqrt.c.obj</name>
      </input_file>
      <input_file id="fl-4b">
         <path>F:\MCU\11_TI_MSP\CCS_ide\install\ccs\tools\compiler\ti-cgt-armllvm_4.0.4.LTS\lib\armv6m-ti-none-eabi\c\</path>
         <kind>archive</kind>
         <file>libc.a</file>
         <name>s_atan.c.obj</name>
      </input_file>
      <input_file id="fl-4c">
         <path>F:\MCU\11_TI_MSP\CCS_ide\install\ccs\tools\compiler\ti-cgt-armllvm_4.0.4.LTS\lib\armv6m-ti-none-eabi\c\</path>
         <kind>archive</kind>
         <file>libc.a</file>
         <name>e_sqrtf.c.obj</name>
      </input_file>
      <input_file id="fl-4d">
         <path>F:\MCU\11_TI_MSP\CCS_ide\install\ccs\tools\compiler\ti-cgt-armllvm_4.0.4.LTS\lib\armv6m-ti-none-eabi\c\</path>
         <kind>archive</kind>
         <file>libc.a</file>
         <name>printf.c.obj</name>
      </input_file>
      <input_file id="fl-4e">
         <path>F:\MCU\11_TI_MSP\CCS_ide\install\ccs\tools\compiler\ti-cgt-armllvm_4.0.4.LTS\lib\armv6m-ti-none-eabi\c\</path>
         <kind>archive</kind>
         <file>libc.a</file>
         <name>_printfi.c.obj</name>
      </input_file>
      <input_file id="fl-4f">
         <path>F:\MCU\11_TI_MSP\CCS_ide\install\ccs\tools\compiler\ti-cgt-armllvm_4.0.4.LTS\lib\armv6m-ti-none-eabi\c\</path>
         <kind>archive</kind>
         <file>libc.a</file>
         <name>vsprintf.c.obj</name>
      </input_file>
      <input_file id="fl-50">
         <path>F:\MCU\11_TI_MSP\CCS_ide\install\ccs\tools\compiler\ti-cgt-armllvm_4.0.4.LTS\lib\armv6m-ti-none-eabi\c\</path>
         <kind>archive</kind>
         <file>libc.a</file>
         <name>fputs.c.obj</name>
      </input_file>
      <input_file id="fl-51">
         <path>F:\MCU\11_TI_MSP\CCS_ide\install\ccs\tools\compiler\ti-cgt-armllvm_4.0.4.LTS\lib\armv6m-ti-none-eabi\c\</path>
         <kind>archive</kind>
         <file>libc.a</file>
         <name>_io_perm.c.obj</name>
      </input_file>
      <input_file id="fl-52">
         <path>F:\MCU\11_TI_MSP\CCS_ide\install\ccs\tools\compiler\ti-cgt-armllvm_4.0.4.LTS\lib\armv6m-ti-none-eabi\c\</path>
         <kind>archive</kind>
         <file>libc.a</file>
         <name>setvbuf.c.obj</name>
      </input_file>
      <input_file id="fl-53">
         <path>F:\MCU\11_TI_MSP\CCS_ide\install\ccs\tools\compiler\ti-cgt-armllvm_4.0.4.LTS\lib\armv6m-ti-none-eabi\c\</path>
         <kind>archive</kind>
         <file>libc.a</file>
         <name>aeabi_portable.c.obj</name>
      </input_file>
      <input_file id="fl-54">
         <path>F:\MCU\11_TI_MSP\CCS_ide\install\ccs\tools\compiler\ti-cgt-armllvm_4.0.4.LTS\lib\armv6m-ti-none-eabi\c\</path>
         <kind>archive</kind>
         <file>libc.a</file>
         <name>exit.c.obj</name>
      </input_file>
      <input_file id="fl-55">
         <path>F:\MCU\11_TI_MSP\CCS_ide\install\ccs\tools\compiler\ti-cgt-armllvm_4.0.4.LTS\lib\armv6m-ti-none-eabi\c\</path>
         <kind>archive</kind>
         <file>libc.a</file>
         <name>_lock.c.obj</name>
      </input_file>
      <input_file id="fl-56">
         <path>F:\MCU\11_TI_MSP\CCS_ide\install\ccs\tools\compiler\ti-cgt-armllvm_4.0.4.LTS\lib\armv6m-ti-none-eabi\c\</path>
         <kind>archive</kind>
         <file>libc.a</file>
         <name>_ltoa.c.obj</name>
      </input_file>
      <input_file id="fl-57">
         <path>F:\MCU\11_TI_MSP\CCS_ide\install\ccs\tools\compiler\ti-cgt-armllvm_4.0.4.LTS\lib\armv6m-ti-none-eabi\c\</path>
         <kind>archive</kind>
         <file>libc.a</file>
         <name>assert.c.obj</name>
      </input_file>
      <input_file id="fl-58">
         <path>F:\MCU\11_TI_MSP\CCS_ide\install\ccs\tools\compiler\ti-cgt-armllvm_4.0.4.LTS\lib\armv6m-ti-none-eabi\c\</path>
         <kind>archive</kind>
         <file>libc.a</file>
         <name>atoi.c.obj</name>
      </input_file>
      <input_file id="fl-59">
         <path>F:\MCU\11_TI_MSP\CCS_ide\install\ccs\tools\compiler\ti-cgt-armllvm_4.0.4.LTS\lib\armv6m-ti-none-eabi\c\</path>
         <kind>archive</kind>
         <file>libc.a</file>
         <name>defs.c.obj</name>
      </input_file>
      <input_file id="fl-5a">
         <path>F:\MCU\11_TI_MSP\CCS_ide\install\ccs\tools\compiler\ti-cgt-armllvm_4.0.4.LTS\lib\armv6m-ti-none-eabi\c\</path>
         <kind>archive</kind>
         <file>libc.a</file>
         <name>memccpy.c.obj</name>
      </input_file>
      <input_file id="fl-5b">
         <path>F:\MCU\11_TI_MSP\CCS_ide\install\ccs\tools\compiler\ti-cgt-armllvm_4.0.4.LTS\lib\armv6m-ti-none-eabi\c\</path>
         <kind>archive</kind>
         <file>libc.a</file>
         <name>memcmp.c.obj</name>
      </input_file>
      <input_file id="fl-5c">
         <path>F:\MCU\11_TI_MSP\CCS_ide\install\ccs\tools\compiler\ti-cgt-armllvm_4.0.4.LTS\lib\armv6m-ti-none-eabi\c\</path>
         <kind>archive</kind>
         <file>libc.a</file>
         <name>memory.c.obj</name>
      </input_file>
      <input_file id="fl-5d">
         <path>F:\MCU\11_TI_MSP\CCS_ide\install\ccs\tools\compiler\ti-cgt-armllvm_4.0.4.LTS\lib\armv6m-ti-none-eabi\c\</path>
         <kind>archive</kind>
         <file>libc.a</file>
         <name>boot_cortex_m.c.obj</name>
      </input_file>
      <input_file id="fl-5e">
         <path>F:\MCU\11_TI_MSP\CCS_ide\install\ccs\tools\compiler\ti-cgt-armllvm_4.0.4.LTS\lib\armv6m-ti-none-eabi\c\</path>
         <kind>archive</kind>
         <file>libc.a</file>
         <name>mathacl_init.c.obj</name>
      </input_file>
      <input_file id="fl-5f">
         <path>F:\MCU\11_TI_MSP\CCS_ide\install\ccs\tools\compiler\ti-cgt-armllvm_4.0.4.LTS\lib\armv6m-ti-none-eabi\c\</path>
         <kind>archive</kind>
         <file>libc.a</file>
         <name>autoinit.c.obj</name>
      </input_file>
      <input_file id="fl-60">
         <path>F:\MCU\11_TI_MSP\CCS_ide\install\ccs\tools\compiler\ti-cgt-armllvm_4.0.4.LTS\lib\armv6m-ti-none-eabi\c\</path>
         <kind>archive</kind>
         <file>libc.a</file>
         <name>pre_init.c.obj</name>
      </input_file>
      <input_file id="fl-61">
         <path>F:\MCU\11_TI_MSP\CCS_ide\install\ccs\tools\compiler\ti-cgt-armllvm_4.0.4.LTS\lib\armv6m-ti-none-eabi\c\</path>
         <kind>archive</kind>
         <file>libc.a</file>
         <name>cpy_tbl.c.obj</name>
      </input_file>
      <input_file id="fl-62">
         <path>F:\MCU\11_TI_MSP\CCS_ide\install\ccs\tools\compiler\ti-cgt-armllvm_4.0.4.LTS\lib\armv6m-ti-none-eabi\c\</path>
         <kind>archive</kind>
         <file>libc.a</file>
         <name>copy_zero_init.c.obj</name>
      </input_file>
      <input_file id="fl-63">
         <path>F:\MCU\11_TI_MSP\CCS_ide\install\ccs\tools\compiler\ti-cgt-armllvm_4.0.4.LTS\lib\armv6m-ti-none-eabi\c\</path>
         <kind>archive</kind>
         <file>libc.a</file>
         <name>copy_decompress_none.c.obj</name>
      </input_file>
      <input_file id="fl-64">
         <path>F:\MCU\11_TI_MSP\CCS_ide\install\ccs\tools\compiler\ti-cgt-armllvm_4.0.4.LTS\lib\armv6m-ti-none-eabi\c\</path>
         <kind>archive</kind>
         <file>libc.a</file>
         <name>copy_decompress_lzss.c.obj</name>
      </input_file>
      <input_file id="fl-65">
         <path>F:\MCU\11_TI_MSP\CCS_ide\install\ccs\tools\compiler\ti-cgt-armllvm_4.0.4.LTS\lib\armv6m-ti-none-eabi\c\</path>
         <kind>archive</kind>
         <file>libc.a</file>
         <name>s_frexp.c.obj</name>
      </input_file>
      <input_file id="fl-66">
         <path>F:\MCU\11_TI_MSP\CCS_ide\install\ccs\tools\compiler\ti-cgt-armllvm_4.0.4.LTS\lib\armv6m-ti-none-eabi\c\</path>
         <kind>archive</kind>
         <file>libc.a</file>
         <name>s_scalbn.c.obj</name>
      </input_file>
      <input_file id="fl-67">
         <path>F:\MCU\11_TI_MSP\CCS_ide\install\ccs\tools\compiler\ti-cgt-armllvm_4.0.4.LTS\lib\armv6m-ti-none-eabi\c\</path>
         <kind>archive</kind>
         <file>libc.a</file>
         <name>wcslen.c.obj</name>
      </input_file>
      <input_file id="fl-68">
         <path>F:\MCU\11_TI_MSP\CCS_ide\install\ccs\tools\compiler\ti-cgt-armllvm_4.0.4.LTS\lib\armv6m-ti-none-eabi\c\</path>
         <kind>archive</kind>
         <file>libc.a</file>
         <name>sprintf.c.obj</name>
      </input_file>
      <input_file id="fl-69">
         <path>F:\MCU\11_TI_MSP\CCS_ide\install\ccs\tools\compiler\ti-cgt-armllvm_4.0.4.LTS\lib\armv6m-ti-none-eabi\c\</path>
         <kind>archive</kind>
         <file>libc.a</file>
         <name>fflush.c.obj</name>
      </input_file>
      <input_file id="fl-6a">
         <path>F:\MCU\11_TI_MSP\CCS_ide\install\ccs\tools\compiler\ti-cgt-armllvm_4.0.4.LTS\lib\armv6m-ti-none-eabi\c\</path>
         <kind>archive</kind>
         <file>libc.a</file>
         <name>fopen.c.obj</name>
      </input_file>
      <input_file id="fl-6b">
         <path>F:\MCU\11_TI_MSP\CCS_ide\install\ccs\tools\compiler\ti-cgt-armllvm_4.0.4.LTS\lib\armv6m-ti-none-eabi\c\</path>
         <kind>archive</kind>
         <file>libc.a</file>
         <name>fseek.c.obj</name>
      </input_file>
      <input_file id="fl-6c">
         <path>F:\MCU\11_TI_MSP\CCS_ide\install\ccs\tools\compiler\ti-cgt-armllvm_4.0.4.LTS\lib\armv6m-ti-none-eabi\c\</path>
         <kind>archive</kind>
         <file>libc.a</file>
         <name>aeabi_ctype.S.obj</name>
      </input_file>
      <input_file id="fl-6d">
         <path>F:\MCU\11_TI_MSP\CCS_ide\install\ccs\tools\compiler\ti-cgt-armllvm_4.0.4.LTS\lib\armv6m-ti-none-eabi\c\</path>
         <kind>archive</kind>
         <file>libc.a</file>
         <name>args_main.c.obj</name>
      </input_file>
      <input_file id="fl-6e">
         <path>F:\MCU\11_TI_MSP\CCS_ide\install\ccs\tools\compiler\ti-cgt-armllvm_4.0.4.LTS\lib\armv6m-ti-none-eabi\c\</path>
         <kind>archive</kind>
         <file>libc.a</file>
         <name>fclose.c.obj</name>
      </input_file>
      <input_file id="fl-10e">
         <path>F:\MCU\11_TI_MSP\CCS_ide\install\ccs\tools\compiler\ti-cgt-armllvm_4.0.4.LTS\lib\armv6m-ti-none-eabi\c\</path>
         <kind>archive</kind>
         <file>libsysbm.a</file>
         <name>hostexit.c.obj</name>
      </input_file>
      <input_file id="fl-10f">
         <path>F:\MCU\11_TI_MSP\CCS_ide\install\ccs\tools\compiler\ti-cgt-armllvm_4.0.4.LTS\lib\armv6m-ti-none-eabi\c\</path>
         <kind>archive</kind>
         <file>libsysbm.a</file>
         <name>write.c.obj</name>
      </input_file>
      <input_file id="fl-110">
         <path>F:\MCU\11_TI_MSP\CCS_ide\install\ccs\tools\compiler\ti-cgt-armllvm_4.0.4.LTS\lib\armv6m-ti-none-eabi\c\</path>
         <kind>archive</kind>
         <file>libsysbm.a</file>
         <name>host_device.c.obj</name>
      </input_file>
      <input_file id="fl-111">
         <path>F:\MCU\11_TI_MSP\CCS_ide\install\ccs\tools\compiler\ti-cgt-armllvm_4.0.4.LTS\lib\armv6m-ti-none-eabi\c\</path>
         <kind>archive</kind>
         <file>libsysbm.a</file>
         <name>remove.c.obj</name>
      </input_file>
      <input_file id="fl-112">
         <path>F:\MCU\11_TI_MSP\CCS_ide\install\ccs\tools\compiler\ti-cgt-armllvm_4.0.4.LTS\lib\armv6m-ti-none-eabi\c\</path>
         <kind>archive</kind>
         <file>libsysbm.a</file>
         <name>open.c.obj</name>
      </input_file>
      <input_file id="fl-113">
         <path>F:\MCU\11_TI_MSP\CCS_ide\install\ccs\tools\compiler\ti-cgt-armllvm_4.0.4.LTS\lib\armv6m-ti-none-eabi\c\</path>
         <kind>archive</kind>
         <file>libsysbm.a</file>
         <name>lseek.c.obj</name>
      </input_file>
      <input_file id="fl-114">
         <path>F:\MCU\11_TI_MSP\CCS_ide\install\ccs\tools\compiler\ti-cgt-armllvm_4.0.4.LTS\lib\armv6m-ti-none-eabi\c\</path>
         <kind>archive</kind>
         <file>libsysbm.a</file>
         <name>close.c.obj</name>
      </input_file>
      <input_file id="fl-115">
         <path>F:\MCU\11_TI_MSP\CCS_ide\install\ccs\tools\compiler\ti-cgt-armllvm_4.0.4.LTS\lib\armv6m-ti-none-eabi\c\</path>
         <kind>archive</kind>
         <file>libsysbm.a</file>
         <name>unlink.c.obj</name>
      </input_file>
      <input_file id="fl-116">
         <path>F:\MCU\11_TI_MSP\CCS_ide\install\ccs\tools\compiler\ti-cgt-armllvm_4.0.4.LTS\lib\armv6m-ti-none-eabi\c\</path>
         <kind>archive</kind>
         <file>libsysbm.a</file>
         <name>hostclose.c.obj</name>
      </input_file>
      <input_file id="fl-117">
         <path>F:\MCU\11_TI_MSP\CCS_ide\install\ccs\tools\compiler\ti-cgt-armllvm_4.0.4.LTS\lib\armv6m-ti-none-eabi\c\</path>
         <kind>archive</kind>
         <file>libsysbm.a</file>
         <name>hostlseek.c.obj</name>
      </input_file>
      <input_file id="fl-118">
         <path>F:\MCU\11_TI_MSP\CCS_ide\install\ccs\tools\compiler\ti-cgt-armllvm_4.0.4.LTS\lib\armv6m-ti-none-eabi\c\</path>
         <kind>archive</kind>
         <file>libsysbm.a</file>
         <name>hostopen.c.obj</name>
      </input_file>
      <input_file id="fl-119">
         <path>F:\MCU\11_TI_MSP\CCS_ide\install\ccs\tools\compiler\ti-cgt-armllvm_4.0.4.LTS\lib\armv6m-ti-none-eabi\c\</path>
         <kind>archive</kind>
         <file>libsysbm.a</file>
         <name>hostread.c.obj</name>
      </input_file>
      <input_file id="fl-11a">
         <path>F:\MCU\11_TI_MSP\CCS_ide\install\ccs\tools\compiler\ti-cgt-armllvm_4.0.4.LTS\lib\armv6m-ti-none-eabi\c\</path>
         <kind>archive</kind>
         <file>libsysbm.a</file>
         <name>hostrename.c.obj</name>
      </input_file>
      <input_file id="fl-11b">
         <path>F:\MCU\11_TI_MSP\CCS_ide\install\ccs\tools\compiler\ti-cgt-armllvm_4.0.4.LTS\lib\armv6m-ti-none-eabi\c\</path>
         <kind>archive</kind>
         <file>libsysbm.a</file>
         <name>hostunlink.c.obj</name>
      </input_file>
      <input_file id="fl-11c">
         <path>F:\MCU\11_TI_MSP\CCS_ide\install\ccs\tools\compiler\ti-cgt-armllvm_4.0.4.LTS\lib\armv6m-ti-none-eabi\c\</path>
         <kind>archive</kind>
         <file>libsysbm.a</file>
         <name>hostwrite.c.obj</name>
      </input_file>
      <input_file id="fl-11d">
         <path>F:\MCU\11_TI_MSP\CCS_ide\install\ccs\tools\compiler\ti-cgt-armllvm_4.0.4.LTS\lib\armv6m-ti-none-eabi\c\</path>
         <kind>archive</kind>
         <file>libsysbm.a</file>
         <name>trgmsg.c.obj</name>
      </input_file>
      <input_file id="fl-11e">
         <path>F:\MCU\11_TI_MSP\CCS_ide\install\ccs\tools\compiler\ti-cgt-armllvm_4.0.4.LTS\lib\armv6m-ti-none-eabi\</path>
         <kind>archive</kind>
         <file>libclang_rt.builtins.a</file>
         <name>addsf3.S.obj</name>
      </input_file>
      <input_file id="fl-11f">
         <path>F:\MCU\11_TI_MSP\CCS_ide\install\ccs\tools\compiler\ti-cgt-armllvm_4.0.4.LTS\lib\armv6m-ti-none-eabi\</path>
         <kind>archive</kind>
         <file>libclang_rt.builtins.a</file>
         <name>adddf3.S.obj</name>
      </input_file>
      <input_file id="fl-120">
         <path>F:\MCU\11_TI_MSP\CCS_ide\install\ccs\tools\compiler\ti-cgt-armllvm_4.0.4.LTS\lib\armv6m-ti-none-eabi\</path>
         <kind>archive</kind>
         <file>libclang_rt.builtins.a</file>
         <name>muldf3.S.obj</name>
      </input_file>
      <input_file id="fl-121">
         <path>F:\MCU\11_TI_MSP\CCS_ide\install\ccs\tools\compiler\ti-cgt-armllvm_4.0.4.LTS\lib\armv6m-ti-none-eabi\</path>
         <kind>archive</kind>
         <file>libclang_rt.builtins.a</file>
         <name>muldsi3.S.obj</name>
      </input_file>
      <input_file id="fl-122">
         <path>F:\MCU\11_TI_MSP\CCS_ide\install\ccs\tools\compiler\ti-cgt-armllvm_4.0.4.LTS\lib\armv6m-ti-none-eabi\</path>
         <kind>archive</kind>
         <file>libclang_rt.builtins.a</file>
         <name>mulsf3.S.obj</name>
      </input_file>
      <input_file id="fl-123">
         <path>F:\MCU\11_TI_MSP\CCS_ide\install\ccs\tools\compiler\ti-cgt-armllvm_4.0.4.LTS\lib\armv6m-ti-none-eabi\</path>
         <kind>archive</kind>
         <file>libclang_rt.builtins.a</file>
         <name>divsf3.S.obj</name>
      </input_file>
      <input_file id="fl-124">
         <path>F:\MCU\11_TI_MSP\CCS_ide\install\ccs\tools\compiler\ti-cgt-armllvm_4.0.4.LTS\lib\armv6m-ti-none-eabi\</path>
         <kind>archive</kind>
         <file>libclang_rt.builtins.a</file>
         <name>divdf3.S.obj</name>
      </input_file>
      <input_file id="fl-125">
         <path>F:\MCU\11_TI_MSP\CCS_ide\install\ccs\tools\compiler\ti-cgt-armllvm_4.0.4.LTS\lib\armv6m-ti-none-eabi\</path>
         <kind>archive</kind>
         <file>libclang_rt.builtins.a</file>
         <name>extendsfdf2.S.obj</name>
      </input_file>
      <input_file id="fl-126">
         <path>F:\MCU\11_TI_MSP\CCS_ide\install\ccs\tools\compiler\ti-cgt-armllvm_4.0.4.LTS\lib\armv6m-ti-none-eabi\</path>
         <kind>archive</kind>
         <file>libclang_rt.builtins.a</file>
         <name>fixdfsi.S.obj</name>
      </input_file>
      <input_file id="fl-127">
         <path>F:\MCU\11_TI_MSP\CCS_ide\install\ccs\tools\compiler\ti-cgt-armllvm_4.0.4.LTS\lib\armv6m-ti-none-eabi\</path>
         <kind>archive</kind>
         <file>libclang_rt.builtins.a</file>
         <name>fixsfsi.S.obj</name>
      </input_file>
      <input_file id="fl-128">
         <path>F:\MCU\11_TI_MSP\CCS_ide\install\ccs\tools\compiler\ti-cgt-armllvm_4.0.4.LTS\lib\armv6m-ti-none-eabi\</path>
         <kind>archive</kind>
         <file>libclang_rt.builtins.a</file>
         <name>fixunsdfsi.S.obj</name>
      </input_file>
      <input_file id="fl-129">
         <path>F:\MCU\11_TI_MSP\CCS_ide\install\ccs\tools\compiler\ti-cgt-armllvm_4.0.4.LTS\lib\armv6m-ti-none-eabi\</path>
         <kind>archive</kind>
         <file>libclang_rt.builtins.a</file>
         <name>fixunssfsi.S.obj</name>
      </input_file>
      <input_file id="fl-12a">
         <path>F:\MCU\11_TI_MSP\CCS_ide\install\ccs\tools\compiler\ti-cgt-armllvm_4.0.4.LTS\lib\armv6m-ti-none-eabi\</path>
         <kind>archive</kind>
         <file>libclang_rt.builtins.a</file>
         <name>floatsidf.S.obj</name>
      </input_file>
      <input_file id="fl-12b">
         <path>F:\MCU\11_TI_MSP\CCS_ide\install\ccs\tools\compiler\ti-cgt-armllvm_4.0.4.LTS\lib\armv6m-ti-none-eabi\</path>
         <kind>archive</kind>
         <file>libclang_rt.builtins.a</file>
         <name>floatsisf.S.obj</name>
      </input_file>
      <input_file id="fl-12c">
         <path>F:\MCU\11_TI_MSP\CCS_ide\install\ccs\tools\compiler\ti-cgt-armllvm_4.0.4.LTS\lib\armv6m-ti-none-eabi\</path>
         <kind>archive</kind>
         <file>libclang_rt.builtins.a</file>
         <name>floatunsidf.S.obj</name>
      </input_file>
      <input_file id="fl-12d">
         <path>F:\MCU\11_TI_MSP\CCS_ide\install\ccs\tools\compiler\ti-cgt-armllvm_4.0.4.LTS\lib\armv6m-ti-none-eabi\</path>
         <kind>archive</kind>
         <file>libclang_rt.builtins.a</file>
         <name>floatunsisf.S.obj</name>
      </input_file>
      <input_file id="fl-12e">
         <path>F:\MCU\11_TI_MSP\CCS_ide\install\ccs\tools\compiler\ti-cgt-armllvm_4.0.4.LTS\lib\armv6m-ti-none-eabi\</path>
         <kind>archive</kind>
         <file>libclang_rt.builtins.a</file>
         <name>muldi3.S.obj</name>
      </input_file>
      <input_file id="fl-12f">
         <path>F:\MCU\11_TI_MSP\CCS_ide\install\ccs\tools\compiler\ti-cgt-armllvm_4.0.4.LTS\lib\armv6m-ti-none-eabi\</path>
         <kind>archive</kind>
         <file>libclang_rt.builtins.a</file>
         <name>truncdfsf2.S.obj</name>
      </input_file>
      <input_file id="fl-130">
         <path>F:\MCU\11_TI_MSP\CCS_ide\install\ccs\tools\compiler\ti-cgt-armllvm_4.0.4.LTS\lib\armv6m-ti-none-eabi\</path>
         <kind>archive</kind>
         <file>libclang_rt.builtins.a</file>
         <name>aeabi_dcmp.S.obj</name>
      </input_file>
      <input_file id="fl-131">
         <path>F:\MCU\11_TI_MSP\CCS_ide\install\ccs\tools\compiler\ti-cgt-armllvm_4.0.4.LTS\lib\armv6m-ti-none-eabi\</path>
         <kind>archive</kind>
         <file>libclang_rt.builtins.a</file>
         <name>aeabi_fcmp.S.obj</name>
      </input_file>
      <input_file id="fl-132">
         <path>F:\MCU\11_TI_MSP\CCS_ide\install\ccs\tools\compiler\ti-cgt-armllvm_4.0.4.LTS\lib\armv6m-ti-none-eabi\</path>
         <kind>archive</kind>
         <file>libclang_rt.builtins.a</file>
         <name>aeabi_idivmod.S.obj</name>
      </input_file>
      <input_file id="fl-133">
         <path>F:\MCU\11_TI_MSP\CCS_ide\install\ccs\tools\compiler\ti-cgt-armllvm_4.0.4.LTS\lib\armv6m-ti-none-eabi\</path>
         <kind>archive</kind>
         <file>libclang_rt.builtins.a</file>
         <name>aeabi_ldivmod.S.obj</name>
      </input_file>
      <input_file id="fl-134">
         <path>F:\MCU\11_TI_MSP\CCS_ide\install\ccs\tools\compiler\ti-cgt-armllvm_4.0.4.LTS\lib\armv6m-ti-none-eabi\</path>
         <kind>archive</kind>
         <file>libclang_rt.builtins.a</file>
         <name>aeabi_memcpy.S.obj</name>
      </input_file>
      <input_file id="fl-135">
         <path>F:\MCU\11_TI_MSP\CCS_ide\install\ccs\tools\compiler\ti-cgt-armllvm_4.0.4.LTS\lib\armv6m-ti-none-eabi\</path>
         <kind>archive</kind>
         <file>libclang_rt.builtins.a</file>
         <name>aeabi_memset.S.obj</name>
      </input_file>
      <input_file id="fl-136">
         <path>F:\MCU\11_TI_MSP\CCS_ide\install\ccs\tools\compiler\ti-cgt-armllvm_4.0.4.LTS\lib\armv6m-ti-none-eabi\</path>
         <kind>archive</kind>
         <file>libclang_rt.builtins.a</file>
         <name>aeabi_uidivmod.S.obj</name>
      </input_file>
      <input_file id="fl-137">
         <path>F:\MCU\11_TI_MSP\CCS_ide\install\ccs\tools\compiler\ti-cgt-armllvm_4.0.4.LTS\lib\armv6m-ti-none-eabi\</path>
         <kind>archive</kind>
         <file>libclang_rt.builtins.a</file>
         <name>aeabi_uldivmod.S.obj</name>
      </input_file>
      <input_file id="fl-138">
         <path>F:\MCU\11_TI_MSP\CCS_ide\install\ccs\tools\compiler\ti-cgt-armllvm_4.0.4.LTS\lib\armv6m-ti-none-eabi\</path>
         <kind>archive</kind>
         <file>libclang_rt.builtins.a</file>
         <name>comparesf2.S.obj</name>
      </input_file>
      <input_file id="fl-139">
         <path>F:\MCU\11_TI_MSP\CCS_ide\install\ccs\tools\compiler\ti-cgt-armllvm_4.0.4.LTS\lib\armv6m-ti-none-eabi\</path>
         <kind>archive</kind>
         <file>libclang_rt.builtins.a</file>
         <name>udivmoddi4.S.obj</name>
      </input_file>
      <input_file id="fl-13a">
         <path>F:\MCU\11_TI_MSP\CCS_ide\install\ccs\tools\compiler\ti-cgt-armllvm_4.0.4.LTS\lib\armv6m-ti-none-eabi\</path>
         <kind>archive</kind>
         <file>libclang_rt.builtins.a</file>
         <name>ashldi3.S.obj</name>
      </input_file>
      <input_file id="fl-13b">
         <path>F:\MCU\11_TI_MSP\CCS_ide\install\ccs\tools\compiler\ti-cgt-armllvm_4.0.4.LTS\lib\armv6m-ti-none-eabi\</path>
         <kind>archive</kind>
         <file>libclang_rt.builtins.a</file>
         <name>comparedf2.c.obj</name>
      </input_file>
      <input_file id="fl-13c">
         <path>F:\MCU\11_TI_MSP\CCS_ide\install\ccs\tools\compiler\ti-cgt-armllvm_4.0.4.LTS\lib\armv6m-ti-none-eabi\</path>
         <kind>archive</kind>
         <file>libclang_rt.builtins.a</file>
         <name>divmoddi4.c.obj</name>
      </input_file>
      <input_file id="fl-13d">
         <path>F:\MCU\11_TI_MSP\CCS_ide\install\ccs\tools\compiler\ti-cgt-armllvm_4.0.4.LTS\lib\armv6m-ti-none-eabi\</path>
         <kind>archive</kind>
         <file>libclang_rt.builtins.a</file>
         <name>aeabi_div0.c.obj</name>
      </input_file>
      <input_file id="fl-13e">
         <path>F:\MCU\11_TI_MSP\CCS_ide\install\ccs\tools\compiler\ti-cgt-armllvm_4.0.4.LTS\lib\armv6m-ti-none-eabi\c\</path>
         <kind>archive</kind>
         <file>libc.a</file>
         <name>getdevice.c.obj</name>
      </input_file>
      <input_file id="fl-13f">
         <path>F:\MCU\11_TI_MSP\CCS_ide\install\ccs\tools\compiler\ti-cgt-armllvm_4.0.4.LTS\lib\armv6m-ti-none-eabi\c\</path>
         <kind>archive</kind>
         <file>libc.a</file>
         <name>memcpy16.S.obj</name>
      </input_file>
      <input_file id="fl-140">
         <path>F:\MCU\11_TI_MSP\CCS_ide\install\ccs\tools\compiler\ti-cgt-armllvm_4.0.4.LTS\lib\armv6m-ti-none-eabi\c\</path>
         <kind>archive</kind>
         <file>libc.a</file>
         <name>memset16.S.obj</name>
      </input_file>
      <input_file id="fl-141">
         <path>F:\MCU\11_TI_MSP\CCS_ide\install\ccs\tools\compiler\ti-cgt-armllvm_4.0.4.LTS\lib\armv6m-ti-none-eabi\c\</path>
         <kind>archive</kind>
         <file>libc.a</file>
         <name>strcmp-armv6m.S.obj</name>
      </input_file>
   </input_file_list>
   <object_component_list>
      <object_component id="oc-18">
         <name>.intvecs</name>
         <load_address>0x0</load_address>
         <readonly>true</readonly>
         <run_address>0x0</run_address>
         <size>0xc0</size>
         <alignment>0x4</alignment>
         <input_file_ref idref="fl-15"/>
      </object_component>
      <object_component id="oc-2d6">
         <name>.text.BallController_OnMeasurement</name>
         <load_address>0xc0</load_address>
         <readonly>true</readonly>
         <executable>true</executable>
         <run_address>0xc0</run_address>
         <size>0xdac</size>
         <alignment>0x4</alignment>
         <input_file_ref idref="fl-1"/>
      </object_component>
      <object_component id="oc-478">
         <name>.text:__TI_printfi</name>
         <load_address>0xe6c</load_address>
         <readonly>true</readonly>
         <executable>true</executable>
         <run_address>0xe6c</run_address>
         <size>0x9d0</size>
         <alignment>0x4</alignment>
         <input_file_ref idref="fl-4e"/>
      </object_component>
      <object_component id="oc-374">
         <name>.text.Ball_ControlBSettle</name>
         <load_address>0x183c</load_address>
         <readonly>true</readonly>
         <executable>true</executable>
         <run_address>0x183c</run_address>
         <size>0x8f8</size>
         <alignment>0x4</alignment>
         <input_file_ref idref="fl-1"/>
      </object_component>
      <object_component id="oc-2e0">
         <name>.text.OLED_RenderStatus</name>
         <load_address>0x2134</load_address>
         <readonly>true</readonly>
         <executable>true</executable>
         <run_address>0x2134</run_address>
         <size>0x62c</size>
         <alignment>0x4</alignment>
         <input_file_ref idref="fl-f"/>
      </object_component>
      <object_component id="oc-376">
         <name>.text.Ball_ControlQuiet</name>
         <load_address>0x2760</load_address>
         <readonly>true</readonly>
         <executable>true</executable>
         <run_address>0x2760</run_address>
         <size>0x588</size>
         <alignment>0x4</alignment>
         <input_file_ref idref="fl-1"/>
      </object_component>
      <object_component id="oc-353">
         <name>.text.Ball_CenterWindowReady</name>
         <load_address>0x2ce8</load_address>
         <readonly>true</readonly>
         <executable>true</executable>
         <run_address>0x2ce8</run_address>
         <size>0x30c</size>
         <alignment>0x4</alignment>
         <input_file_ref idref="fl-1"/>
      </object_component>
      <object_component id="oc-362">
         <name>.text.BallPidBank_Update</name>
         <load_address>0x2ff4</load_address>
         <readonly>true</readonly>
         <executable>true</executable>
         <run_address>0x2ff4</run_address>
         <size>0x2d8</size>
         <alignment>0x4</alignment>
         <input_file_ref idref="fl-4"/>
      </object_component>
      <object_component id="oc-34f">
         <name>.text.Ball_Log</name>
         <load_address>0x32cc</load_address>
         <readonly>true</readonly>
         <executable>true</executable>
         <run_address>0x32cc</run_address>
         <size>0x2cc</size>
         <alignment>0x4</alignment>
         <input_file_ref idref="fl-1"/>
      </object_component>
      <object_component id="oc-2e1">
         <name>.text.LogDumpService</name>
         <load_address>0x3598</load_address>
         <readonly>true</readonly>
         <executable>true</executable>
         <run_address>0x3598</run_address>
         <size>0x2cc</size>
         <alignment>0x4</alignment>
         <input_file_ref idref="fl-f"/>
      </object_component>
      <object_component id="oc-2b6">
         <name>.text.OLED_VPrintf</name>
         <load_address>0x3864</load_address>
         <readonly>true</readonly>
         <executable>true</executable>
         <run_address>0x3864</run_address>
         <size>0x2ba</size>
         <alignment>0x2</alignment>
         <input_file_ref idref="fl-19"/>
      </object_component>
      <object_component id="oc-198">
         <name>.text.PID_Update</name>
         <load_address>0x3b1e</load_address>
         <readonly>true</readonly>
         <executable>true</executable>
         <run_address>0x3b1e</run_address>
         <size>0x288</size>
         <alignment>0x2</alignment>
         <input_file_ref idref="fl-12"/>
      </object_component>
      <object_component id="oc-13b">
         <name>.text.Key_Init</name>
         <load_address>0x3da6</load_address>
         <readonly>true</readonly>
         <executable>true</executable>
         <run_address>0x3da6</run_address>
         <size>0x2</size>
         <alignment>0x2</alignment>
         <input_file_ref idref="fl-17"/>
      </object_component>
      <object_component id="oc-201">
         <name>.text.ModeQ3_Loop</name>
         <load_address>0x3da8</load_address>
         <readonly>true</readonly>
         <executable>true</executable>
         <run_address>0x3da8</run_address>
         <size>0x25c</size>
         <alignment>0x4</alignment>
         <input_file_ref idref="fl-f"/>
      </object_component>
      <object_component id="oc-1cb">
         <name>.text.SYSCFG_DL_GPIO_init</name>
         <load_address>0x4004</load_address>
         <readonly>true</readonly>
         <executable>true</executable>
         <run_address>0x4004</run_address>
         <size>0x228</size>
         <alignment>0x4</alignment>
         <input_file_ref idref="fl-14"/>
      </object_component>
      <object_component id="oc-493">
         <name>.text._pconv_a</name>
         <load_address>0x422c</load_address>
         <readonly>true</readonly>
         <executable>true</executable>
         <run_address>0x422c</run_address>
         <size>0x220</size>
         <alignment>0x4</alignment>
         <input_file_ref idref="fl-4e"/>
      </object_component>
      <object_component id="oc-fd">
         <name>.text.Ball_Control_Tick</name>
         <load_address>0x444c</load_address>
         <readonly>true</readonly>
         <executable>true</executable>
         <run_address>0x444c</run_address>
         <size>0x20c</size>
         <alignment>0x4</alignment>
         <input_file_ref idref="fl-10"/>
      </object_component>
      <object_component id="oc-11a">
         <name>.text.CurveControlV5_Step5ms</name>
         <load_address>0x4658</load_address>
         <readonly>true</readonly>
         <executable>true</executable>
         <run_address>0x4658</run_address>
         <size>0x1fc</size>
         <alignment>0x4</alignment>
         <input_file_ref idref="fl-9"/>
      </object_component>
      <object_component id="oc-111">
         <name>.text.Ball_Control_Tick</name>
         <load_address>0x4854</load_address>
         <readonly>true</readonly>
         <executable>true</executable>
         <run_address>0x4854</run_address>
         <size>0x1f8</size>
         <alignment>0x4</alignment>
         <input_file_ref idref="fl-11"/>
      </object_component>
      <object_component id="oc-242">
         <name>.text.Curve_PID_Update</name>
         <load_address>0x4a4c</load_address>
         <readonly>true</readonly>
         <executable>true</executable>
         <run_address>0x4a4c</run_address>
         <size>0x1f6</size>
         <alignment>0x2</alignment>
         <input_file_ref idref="fl-a"/>
      </object_component>
      <object_component id="oc-21e">
         <name>.text.Q2_PID_Update</name>
         <load_address>0x4c42</load_address>
         <readonly>true</readonly>
         <executable>true</executable>
         <run_address>0x4c42</run_address>
         <size>0x1f6</size>
         <alignment>0x2</alignment>
         <input_file_ref idref="fl-13"/>
      </object_component>
      <object_component id="oc-92">
         <name>.text.ModeQ4_Tick1ms</name>
         <load_address>0x4e38</load_address>
         <readonly>true</readonly>
         <executable>true</executable>
         <run_address>0x4e38</run_address>
         <size>0x1f0</size>
         <alignment>0x4</alignment>
         <input_file_ref idref="fl-10"/>
      </object_component>
      <object_component id="oc-494">
         <name>.text._pconv_g</name>
         <load_address>0x5028</load_address>
         <readonly>true</readonly>
         <executable>true</executable>
         <run_address>0x5028</run_address>
         <size>0x1dc</size>
         <alignment>0x4</alignment>
         <input_file_ref idref="fl-4e"/>
      </object_component>
      <object_component id="oc-108">
         <name>.text.CurveControlV4_Step5ms</name>
         <load_address>0x5204</load_address>
         <readonly>true</readonly>
         <executable>true</executable>
         <run_address>0x5204</run_address>
         <size>0x1c4</size>
         <alignment>0x4</alignment>
         <input_file_ref idref="fl-8"/>
      </object_component>
      <object_component id="oc-e6">
         <name>.text.Q2CurveControl_Step5ms</name>
         <load_address>0x53c8</load_address>
         <readonly>true</readonly>
         <executable>true</executable>
         <run_address>0x53c8</run_address>
         <size>0x1c4</size>
         <alignment>0x4</alignment>
         <input_file_ref idref="fl-7"/>
      </object_component>
      <object_component id="oc-97">
         <name>.text.ModeQ5_Tick1ms</name>
         <load_address>0x558c</load_address>
         <readonly>true</readonly>
         <executable>true</executable>
         <run_address>0x558c</run_address>
         <size>0x1ac</size>
         <alignment>0x4</alignment>
         <input_file_ref idref="fl-11"/>
      </object_component>
      <object_component id="oc-324">
         <name>.text.OLED_PrintNum</name>
         <load_address>0x5738</load_address>
         <readonly>true</readonly>
         <executable>true</executable>
         <run_address>0x5738</run_address>
         <size>0x1ac</size>
         <alignment>0x2</alignment>
         <input_file_ref idref="fl-19"/>
      </object_component>
      <object_component id="oc-356">
         <name>.text.BallEstimator_Add</name>
         <load_address>0x58e4</load_address>
         <readonly>true</readonly>
         <executable>true</executable>
         <run_address>0x58e4</run_address>
         <size>0x194</size>
         <alignment>0x4</alignment>
         <input_file_ref idref="fl-2"/>
      </object_component>
      <object_component id="oc-3cc">
         <name>.text.adddf3_subdf3</name>
         <load_address>0x5a78</load_address>
         <readonly>true</readonly>
         <executable>true</executable>
         <run_address>0x5a78</run_address>
         <size>0x192</size>
         <alignment>0x4</alignment>
         <input_file_ref idref="fl-11f"/>
      </object_component>
      <object_component id="oc-cc">
         <name>.text.__aeabi_idiv0</name>
         <load_address>0x5c0a</load_address>
         <readonly>true</readonly>
         <executable>true</executable>
         <run_address>0x5c0a</run_address>
         <size>0x2</size>
         <alignment>0x2</alignment>
         <input_file_ref idref="fl-13d"/>
      </object_component>
      <object_component id="oc-361">
         <name>.text.Ball_UpdateQuietObserver</name>
         <load_address>0x5c0c</load_address>
         <readonly>true</readonly>
         <executable>true</executable>
         <run_address>0x5c0c</run_address>
         <size>0x190</size>
         <alignment>0x4</alignment>
         <input_file_ref idref="fl-1"/>
      </object_component>
      <object_component id="oc-326">
         <name>.text.OLED_PrintFloat</name>
         <load_address>0x5d9c</load_address>
         <readonly>true</readonly>
         <executable>true</executable>
         <run_address>0x5d9c</run_address>
         <size>0x174</size>
         <alignment>0x4</alignment>
         <input_file_ref idref="fl-19"/>
      </object_component>
      <object_component id="oc-415">
         <name>.text.Ball_FinishQuietObserve</name>
         <load_address>0x5f10</load_address>
         <readonly>true</readonly>
         <executable>true</executable>
         <run_address>0x5f10</run_address>
         <size>0x16c</size>
         <alignment>0x4</alignment>
         <input_file_ref idref="fl-1"/>
      </object_component>
      <object_component id="oc-1ab">
         <name>.text.CurveControlV4_RunLinePid</name>
         <load_address>0x607c</load_address>
         <readonly>true</readonly>
         <executable>true</executable>
         <run_address>0x607c</run_address>
         <size>0x16a</size>
         <alignment>0x2</alignment>
         <input_file_ref idref="fl-8"/>
      </object_component>
      <object_component id="oc-1c2">
         <name>.text.CurveControlV5_RunLinePid</name>
         <load_address>0x61e6</load_address>
         <readonly>true</readonly>
         <executable>true</executable>
         <run_address>0x61e6</run_address>
         <size>0x16a</size>
         <alignment>0x2</alignment>
         <input_file_ref idref="fl-9"/>
      </object_component>
      <object_component id="oc-179">
         <name>.text.Q2CurveControl_RunLinePid</name>
         <load_address>0x6350</load_address>
         <readonly>true</readonly>
         <executable>true</executable>
         <run_address>0x6350</run_address>
         <size>0x16a</size>
         <alignment>0x2</alignment>
         <input_file_ref idref="fl-7"/>
      </object_component>
      <object_component id="oc-4c6">
         <name>.text.__aeabi_ldiv0</name>
         <load_address>0x64ba</load_address>
         <readonly>true</readonly>
         <executable>true</executable>
         <run_address>0x64ba</run_address>
         <size>0x2</size>
         <alignment>0x2</alignment>
         <input_file_ref idref="fl-13d"/>
      </object_component>
      <object_component id="oc-35b">
         <name>.text.BallFastEstimator_Add</name>
         <load_address>0x64bc</load_address>
         <readonly>true</readonly>
         <executable>true</executable>
         <run_address>0x64bc</run_address>
         <size>0x160</size>
         <alignment>0x4</alignment>
         <input_file_ref idref="fl-3"/>
      </object_component>
      <object_component id="oc-88">
         <name>.text.ModeQ2_Tick1ms</name>
         <load_address>0x661c</load_address>
         <readonly>true</readonly>
         <executable>true</executable>
         <run_address>0x661c</run_address>
         <size>0x15c</size>
         <alignment>0x4</alignment>
         <input_file_ref idref="fl-e"/>
      </object_component>
      <object_component id="oc-3c7">
         <name>.text.OLED_ShowChar</name>
         <load_address>0x6778</load_address>
         <readonly>true</readonly>
         <executable>true</executable>
         <run_address>0x6778</run_address>
         <size>0x158</size>
         <alignment>0x4</alignment>
         <input_file_ref idref="fl-19"/>
      </object_component>
      <object_component id="oc-401">
         <name>.text.BallQuietObserver_Add</name>
         <load_address>0x68d0</load_address>
         <readonly>true</readonly>
         <executable>true</executable>
         <run_address>0x68d0</run_address>
         <size>0x154</size>
         <alignment>0x2</alignment>
         <input_file_ref idref="fl-5"/>
      </object_component>
      <object_component id="oc-3f5">
         <name>.text.BallEstimator_LeastSquaresVelocity</name>
         <load_address>0x6a24</load_address>
         <readonly>true</readonly>
         <executable>true</executable>
         <run_address>0x6a24</run_address>
         <size>0x150</size>
         <alignment>0x4</alignment>
         <input_file_ref idref="fl-2"/>
      </object_component>
      <object_component id="oc-197">
         <name>.text.ModeQ4_UpdatePidGains</name>
         <load_address>0x6b74</load_address>
         <readonly>true</readonly>
         <executable>true</executable>
         <run_address>0x6b74</run_address>
         <size>0x150</size>
         <alignment>0x4</alignment>
         <input_file_ref idref="fl-10"/>
      </object_component>
      <object_component id="oc-1b0">
         <name>.text.ModeQ5_UpdatePidGains</name>
         <load_address>0x6cc4</load_address>
         <readonly>true</readonly>
         <executable>true</executable>
         <run_address>0x6cc4</run_address>
         <size>0x150</size>
         <alignment>0x4</alignment>
         <input_file_ref idref="fl-11"/>
      </object_component>
      <object_component id="oc-404">
         <name>.text.BallPid_AssignWeights</name>
         <load_address>0x6e14</load_address>
         <readonly>true</readonly>
         <executable>true</executable>
         <run_address>0x6e14</run_address>
         <size>0x14c</size>
         <alignment>0x4</alignment>
         <input_file_ref idref="fl-4"/>
      </object_component>
      <object_component id="oc-3f9">
         <name>.text.BallFast_LeastSquaresVelocity</name>
         <load_address>0x6f60</load_address>
         <readonly>true</readonly>
         <executable>true</executable>
         <run_address>0x6f60</run_address>
         <size>0x148</size>
         <alignment>0x4</alignment>
         <input_file_ref idref="fl-3"/>
      </object_component>
      <object_component id="oc-348">
         <name>.text.Ball_ResetMotionHistory</name>
         <load_address>0x70a8</load_address>
         <readonly>true</readonly>
         <executable>true</executable>
         <run_address>0x70a8</run_address>
         <size>0x144</size>
         <alignment>0x4</alignment>
         <input_file_ref idref="fl-1"/>
      </object_component>
      <object_component id="oc-354">
         <name>.text.Ball_StartTaskFromReady</name>
         <load_address>0x71ec</load_address>
         <readonly>true</readonly>
         <executable>true</executable>
         <run_address>0x71ec</run_address>
         <size>0x140</size>
         <alignment>0x4</alignment>
         <input_file_ref idref="fl-1"/>
      </object_component>
      <object_component id="oc-371">
         <name>.text.Ball_ControlBApproach</name>
         <load_address>0x732c</load_address>
         <readonly>true</readonly>
         <executable>true</executable>
         <run_address>0x732c</run_address>
         <size>0x13c</size>
         <alignment>0x4</alignment>
         <input_file_ref idref="fl-1"/>
      </object_component>
      <object_component id="oc-4c4">
         <name>.text.fcvt</name>
         <load_address>0x7468</load_address>
         <readonly>true</readonly>
         <executable>true</executable>
         <run_address>0x7468</run_address>
         <size>0x13c</size>
         <alignment>0x4</alignment>
         <input_file_ref idref="fl-4e"/>
      </object_component>
      <object_component id="oc-496">
         <name>.text._pconv_e</name>
         <load_address>0x75a4</load_address>
         <readonly>true</readonly>
         <executable>true</executable>
         <run_address>0x75a4</run_address>
         <size>0x120</size>
         <alignment>0x4</alignment>
         <input_file_ref idref="fl-4e"/>
      </object_component>
      <object_component id="oc-3ed">
         <name>.text.Ball_RecordServoTransition</name>
         <load_address>0x76c4</load_address>
         <readonly>true</readonly>
         <executable>true</executable>
         <run_address>0x76c4</run_address>
         <size>0x11c</size>
         <alignment>0x4</alignment>
         <input_file_ref idref="fl-1"/>
      </object_component>
      <object_component id="oc-360">
         <name>.text.Ball_UpdateBGuardMetrics</name>
         <load_address>0x77e0</load_address>
         <readonly>true</readonly>
         <executable>true</executable>
         <run_address>0x77e0</run_address>
         <size>0x11c</size>
         <alignment>0x4</alignment>
         <input_file_ref idref="fl-1"/>
      </object_component>
      <object_component id="oc-40e">
         <name>.text.Ball_CompleteAtB</name>
         <load_address>0x78fc</load_address>
         <readonly>true</readonly>
         <executable>true</executable>
         <run_address>0x78fc</run_address>
         <size>0x114</size>
         <alignment>0x4</alignment>
         <input_file_ref idref="fl-1"/>
      </object_component>
      <object_component id="oc-36d">
         <name>.text.Ball_EnterDriveB</name>
         <load_address>0x7a10</load_address>
         <readonly>true</readonly>
         <executable>true</executable>
         <run_address>0x7a10</run_address>
         <size>0x114</size>
         <alignment>0x4</alignment>
         <input_file_ref idref="fl-1"/>
      </object_component>
      <object_component id="oc-4c0">
         <name>.text.__divdf3</name>
         <load_address>0x7b24</load_address>
         <readonly>true</readonly>
         <executable>true</executable>
         <run_address>0x7b24</run_address>
         <size>0x10c</size>
         <alignment>0x4</alignment>
         <input_file_ref idref="fl-124"/>
      </object_component>
      <object_component id="oc-3f4">
         <name>.text.Ball_QuietFlags</name>
         <load_address>0x7c30</load_address>
         <readonly>true</readonly>
         <executable>true</executable>
         <run_address>0x7c30</run_address>
         <size>0x104</size>
         <alignment>0x4</alignment>
         <input_file_ref idref="fl-1"/>
      </object_component>
      <object_component id="oc-279">
         <name>.text.DL_Timer_initFourCCPWMMode</name>
         <load_address>0x7d34</load_address>
         <readonly>true</readonly>
         <executable>true</executable>
         <run_address>0x7d34</run_address>
         <size>0x104</size>
         <alignment>0x4</alignment>
         <input_file_ref idref="fl-2f"/>
      </object_component>
      <object_component id="oc-343">
         <name>.text.ParseSignedDx</name>
         <load_address>0x7e38</load_address>
         <readonly>true</readonly>
         <executable>true</executable>
         <run_address>0x7e38</run_address>
         <size>0x104</size>
         <alignment>0x4</alignment>
         <input_file_ref idref="fl-f"/>
      </object_component>
      <object_component id="oc-103">
         <name>.text.CurveControlV4_PushSample1ms</name>
         <load_address>0x7f3c</load_address>
         <readonly>true</readonly>
         <executable>true</executable>
         <run_address>0x7f3c</run_address>
         <size>0x102</size>
         <alignment>0x2</alignment>
         <input_file_ref idref="fl-8"/>
      </object_component>
      <object_component id="oc-117">
         <name>.text.CurveControlV5_PushSample1ms</name>
         <load_address>0x803e</load_address>
         <readonly>true</readonly>
         <executable>true</executable>
         <run_address>0x803e</run_address>
         <size>0x102</size>
         <alignment>0x2</alignment>
         <input_file_ref idref="fl-9"/>
      </object_component>
      <object_component id="oc-dd">
         <name>.text.Q2CurveControl_PushSample1ms</name>
         <load_address>0x8140</load_address>
         <readonly>true</readonly>
         <executable>true</executable>
         <run_address>0x8140</run_address>
         <size>0x102</size>
         <alignment>0x2</alignment>
         <input_file_ref idref="fl-7"/>
      </object_component>
      <object_component id="oc-3e3">
         <name>.text.Ball_ResetQuietRuntime</name>
         <load_address>0x8244</load_address>
         <readonly>true</readonly>
         <executable>true</executable>
         <run_address>0x8244</run_address>
         <size>0xfc</size>
         <alignment>0x4</alignment>
         <input_file_ref idref="fl-1"/>
      </object_component>
      <object_component id="oc-283">
         <name>.text.DL_Timer_initTimerMode</name>
         <load_address>0x8340</load_address>
         <readonly>true</readonly>
         <executable>true</executable>
         <run_address>0x8340</run_address>
         <size>0xfc</size>
         <alignment>0x4</alignment>
         <input_file_ref idref="fl-2f"/>
      </object_component>
      <object_component id="oc-2c4">
         <name>.text.ModeQ5_Init</name>
         <load_address>0x843c</load_address>
         <readonly>true</readonly>
         <executable>true</executable>
         <run_address>0x843c</run_address>
         <size>0xfc</size>
         <alignment>0x4</alignment>
         <input_file_ref idref="fl-11"/>
      </object_component>
      <object_component id="oc-2ea">
         <name>.text.ModeQ5_RenderOled</name>
         <load_address>0x8538</load_address>
         <readonly>true</readonly>
         <executable>true</executable>
         <run_address>0x8538</run_address>
         <size>0xfc</size>
         <alignment>0x4</alignment>
         <input_file_ref idref="fl-11"/>
      </object_component>
      <object_component id="oc-418">
         <name>.text.Ball_StartQuietPulse</name>
         <load_address>0x8634</load_address>
         <readonly>true</readonly>
         <executable>true</executable>
         <run_address>0x8634</run_address>
         <size>0xf8</size>
         <alignment>0x4</alignment>
         <input_file_ref idref="fl-1"/>
      </object_component>
      <object_component id="oc-133">
         <name>.text.OLED_Init</name>
         <load_address>0x872c</load_address>
         <readonly>true</readonly>
         <executable>true</executable>
         <run_address>0x872c</run_address>
         <size>0xf8</size>
         <alignment>0x2</alignment>
         <input_file_ref idref="fl-19"/>
      </object_component>
      <object_component id="oc-2e7">
         <name>.text.ModeQ4_RenderOled</name>
         <load_address>0x8824</load_address>
         <readonly>true</readonly>
         <executable>true</executable>
         <run_address>0x8824</run_address>
         <size>0xf4</size>
         <alignment>0x4</alignment>
         <input_file_ref idref="fl-10"/>
      </object_component>
      <object_component id="oc-183">
         <name>.text.ModeQ4_ParseDx</name>
         <load_address>0x8918</load_address>
         <readonly>true</readonly>
         <executable>true</executable>
         <run_address>0x8918</run_address>
         <size>0xf0</size>
         <alignment>0x4</alignment>
         <input_file_ref idref="fl-10"/>
      </object_component>
      <object_component id="oc-1ac">
         <name>.text.ModeQ5_ParseDx</name>
         <load_address>0x8a08</load_address>
         <readonly>true</readonly>
         <executable>true</executable>
         <run_address>0x8a08</run_address>
         <size>0xf0</size>
         <alignment>0x4</alignment>
         <input_file_ref idref="fl-11"/>
      </object_component>
      <object_component id="oc-3e">
         <name>.text.UART0_IRQHandler</name>
         <load_address>0x8af8</load_address>
         <readonly>true</readonly>
         <executable>true</executable>
         <run_address>0x8af8</run_address>
         <size>0xf0</size>
         <alignment>0x4</alignment>
         <input_file_ref idref="fl-1b"/>
      </object_component>
      <object_component id="oc-342">
         <name>.text.UART_TakeLatestPacket</name>
         <load_address>0x8be8</load_address>
         <readonly>true</readonly>
         <executable>true</executable>
         <run_address>0x8be8</run_address>
         <size>0xf0</size>
         <alignment>0x4</alignment>
         <input_file_ref idref="fl-1b"/>
      </object_component>
      <object_component id="oc-272">
         <name>.text.SYSCFG_DL_SYSCTL_SYSPLL_init</name>
         <load_address>0x8cd8</load_address>
         <readonly>true</readonly>
         <executable>true</executable>
         <run_address>0x8cd8</run_address>
         <size>0xe8</size>
         <alignment>0x4</alignment>
         <input_file_ref idref="fl-14"/>
      </object_component>
      <object_component id="oc-37e">
         <name>.text.BallController_StateShort</name>
         <load_address>0x8dc0</load_address>
         <readonly>true</readonly>
         <executable>true</executable>
         <run_address>0x8dc0</run_address>
         <size>0xe4</size>
         <alignment>0x4</alignment>
         <input_file_ref idref="fl-1"/>
      </object_component>
      <object_component id="oc-2c8">
         <name>.text.ModeQ2_RenderOled</name>
         <load_address>0x8ea4</load_address>
         <readonly>true</readonly>
         <executable>true</executable>
         <run_address>0x8ea4</run_address>
         <size>0xe4</size>
         <alignment>0x4</alignment>
         <input_file_ref idref="fl-e"/>
      </object_component>
      <object_component id="oc-3d0">
         <name>.text.__muldf3</name>
         <load_address>0x8f88</load_address>
         <readonly>true</readonly>
         <executable>true</executable>
         <run_address>0x8f88</run_address>
         <size>0xe4</size>
         <alignment>0x4</alignment>
         <input_file_ref idref="fl-120"/>
      </object_component>
      <object_component id="oc-413">
         <name>.text.Ball_ExitQuiet</name>
         <load_address>0x906c</load_address>
         <readonly>true</readonly>
         <executable>true</executable>
         <run_address>0x906c</run_address>
         <size>0xe0</size>
         <alignment>0x4</alignment>
         <input_file_ref idref="fl-1"/>
      </object_component>
      <object_component id="oc-36a">
         <name>.text.Ball_HandleATurn</name>
         <load_address>0x914c</load_address>
         <readonly>true</readonly>
         <executable>true</executable>
         <run_address>0x914c</run_address>
         <size>0xe0</size>
         <alignment>0x4</alignment>
         <input_file_ref idref="fl-1"/>
      </object_component>
      <object_component id="oc-2c2">
         <name>.text.ModeQ4_Init</name>
         <load_address>0x922c</load_address>
         <readonly>true</readonly>
         <executable>true</executable>
         <run_address>0x922c</run_address>
         <size>0xe0</size>
         <alignment>0x4</alignment>
         <input_file_ref idref="fl-10"/>
      </object_component>
      <object_component id="oc-40d">
         <name>.text.Ball_UpdateSettleFastSign</name>
         <load_address>0x930c</load_address>
         <readonly>true</readonly>
         <executable>true</executable>
         <run_address>0x930c</run_address>
         <size>0xdc</size>
         <alignment>0x4</alignment>
         <input_file_ref idref="fl-1"/>
      </object_component>
      <object_component id="oc-271">
         <name>.text.DL_SYSCTL_configSYSPLL</name>
         <load_address>0x93e8</load_address>
         <readonly>true</readonly>
         <executable>true</executable>
         <run_address>0x93e8</run_address>
         <size>0xdc</size>
         <alignment>0x4</alignment>
         <input_file_ref idref="fl-31"/>
      </object_component>
      <object_component id="oc-419">
         <name>.text.Ball_EnterQuiet</name>
         <load_address>0x94c4</load_address>
         <readonly>true</readonly>
         <executable>true</executable>
         <run_address>0x94c4</run_address>
         <size>0xd8</size>
         <alignment>0x4</alignment>
         <input_file_ref idref="fl-1"/>
      </object_component>
      <object_component id="oc-366">
         <name>.text.Ball_UpdateBudgetFlags</name>
         <load_address>0x959c</load_address>
         <readonly>true</readonly>
         <executable>true</executable>
         <run_address>0x959c</run_address>
         <size>0xd8</size>
         <alignment>0x4</alignment>
         <input_file_ref idref="fl-1"/>
      </object_component>
      <object_component id="oc-4ab">
         <name>.text.scalbn</name>
         <load_address>0x9674</load_address>
         <readonly>true</readonly>
         <executable>true</executable>
         <run_address>0x9674</run_address>
         <size>0xd8</size>
         <alignment>0x4</alignment>
         <input_file_ref idref="fl-66"/>
      </object_component>
      <object_component id="oc-18c">
         <name>.text</name>
         <load_address>0x974c</load_address>
         <readonly>true</readonly>
         <executable>true</executable>
         <run_address>0x974c</run_address>
         <size>0xd8</size>
         <alignment>0x4</alignment>
         <input_file_ref idref="fl-11e"/>
      </object_component>
      <object_component id="oc-af">
         <name>.text.main</name>
         <load_address>0x9824</load_address>
         <readonly>true</readonly>
         <executable>true</executable>
         <run_address>0x9824</run_address>
         <size>0xd4</size>
         <alignment>0x4</alignment>
         <input_file_ref idref="fl-d"/>
      </object_component>
      <object_component id="oc-352">
         <name>.text.Ball_CenterWindowPush</name>
         <load_address>0x98f8</load_address>
         <readonly>true</readonly>
         <executable>true</executable>
         <run_address>0x98f8</run_address>
         <size>0xd0</size>
         <alignment>0x2</alignment>
         <input_file_ref idref="fl-1"/>
      </object_component>
      <object_component id="oc-145">
         <name>.text.App_HandleKeys</name>
         <load_address>0x99c8</load_address>
         <readonly>true</readonly>
         <executable>true</executable>
         <run_address>0x99c8</run_address>
         <size>0xc8</size>
         <alignment>0x4</alignment>
         <input_file_ref idref="fl-d"/>
      </object_component>
      <object_component id="oc-2d3">
         <name>.text.BallController_OnVisionFault</name>
         <load_address>0x9a90</load_address>
         <readonly>true</readonly>
         <executable>true</executable>
         <run_address>0x9a90</run_address>
         <size>0xc8</size>
         <alignment>0x2</alignment>
         <input_file_ref idref="fl-1"/>
      </object_component>
      <object_component id="oc-364">
         <name>.text.Ball_UpdateBDiagnostics</name>
         <load_address>0x9b58</load_address>
         <readonly>true</readonly>
         <executable>true</executable>
         <run_address>0x9b58</run_address>
         <size>0xc8</size>
         <alignment>0x4</alignment>
         <input_file_ref idref="fl-1"/>
      </object_component>
      <object_component id="oc-2c0">
         <name>.text.ModeQ3_Init</name>
         <load_address>0x9c20</load_address>
         <readonly>true</readonly>
         <executable>true</executable>
         <run_address>0x9c20</run_address>
         <size>0xc4</size>
         <alignment>0x4</alignment>
         <input_file_ref idref="fl-f"/>
      </object_component>
      <object_component id="oc-39">
         <name>.text.GROUP1_IRQHandler</name>
         <load_address>0x9ce4</load_address>
         <readonly>true</readonly>
         <executable>true</executable>
         <run_address>0x9ce4</run_address>
         <size>0xc0</size>
         <alignment>0x4</alignment>
         <input_file_ref idref="fl-16"/>
      </object_component>
      <object_component id="oc-76">
         <name>.text.UART_PublishRxPacket</name>
         <load_address>0x9da4</load_address>
         <readonly>true</readonly>
         <executable>true</executable>
         <run_address>0x9da4</run_address>
         <size>0xbc</size>
         <alignment>0x4</alignment>
         <input_file_ref idref="fl-1b"/>
      </object_component>
      <object_component id="oc-241">
         <name>.text.CurveControlV4_SelectBasePwm</name>
         <load_address>0x9e60</load_address>
         <readonly>true</readonly>
         <executable>true</executable>
         <run_address>0x9e60</run_address>
         <size>0xb4</size>
         <alignment>0x4</alignment>
         <input_file_ref idref="fl-8"/>
      </object_component>
      <object_component id="oc-24a">
         <name>.text.CurveControlV5_SelectBasePwm</name>
         <load_address>0x9f14</load_address>
         <readonly>true</readonly>
         <executable>true</executable>
         <run_address>0x9f14</run_address>
         <size>0xb4</size>
         <alignment>0x4</alignment>
         <input_file_ref idref="fl-9"/>
      </object_component>
      <object_component id="oc-21d">
         <name>.text.Q2CurveControl_SelectBasePwm</name>
         <load_address>0x9fc8</load_address>
         <readonly>true</readonly>
         <executable>true</executable>
         <run_address>0x9fc8</run_address>
         <size>0xb4</size>
         <alignment>0x4</alignment>
         <input_file_ref idref="fl-7"/>
      </object_component>
      <object_component id="oc-327">
         <name>.text.BallController_RequestAbort</name>
         <load_address>0xa07c</load_address>
         <readonly>true</readonly>
         <executable>true</executable>
         <run_address>0xa07c</run_address>
         <size>0xa4</size>
         <alignment>0x4</alignment>
         <input_file_ref idref="fl-1"/>
      </object_component>
      <object_component id="oc-382">
         <name>.text.BallController_SettleModeShort</name>
         <load_address>0xa120</load_address>
         <readonly>true</readonly>
         <executable>true</executable>
         <run_address>0xa120</run_address>
         <size>0xa4</size>
         <alignment>0x4</alignment>
         <input_file_ref idref="fl-1"/>
      </object_component>
      <object_component id="oc-40c">
         <name>.text.Ball_UpdateSettleMotion</name>
         <load_address>0xa1c4</load_address>
         <readonly>true</readonly>
         <executable>true</executable>
         <run_address>0xa1c4</run_address>
         <size>0xa4</size>
         <alignment>0x4</alignment>
         <input_file_ref idref="fl-1"/>
      </object_component>
      <object_component id="oc-119">
         <name>.text.CurveControlV5_Start</name>
         <load_address>0xa268</load_address>
         <readonly>true</readonly>
         <executable>true</executable>
         <run_address>0xa268</run_address>
         <size>0xa4</size>
         <alignment>0x2</alignment>
         <input_file_ref idref="fl-9"/>
      </object_component>
      <object_component id="oc-2ae">
         <name>.text.OLED_RefreshStep</name>
         <load_address>0xa30c</load_address>
         <readonly>true</readonly>
         <executable>true</executable>
         <run_address>0xa30c</run_address>
         <size>0xa4</size>
         <alignment>0x4</alignment>
         <input_file_ref idref="fl-19"/>
      </object_component>
      <object_component id="oc-43">
         <name>.text.TIMA0_IRQHandler</name>
         <load_address>0xa3b0</load_address>
         <readonly>true</readonly>
         <executable>true</executable>
         <run_address>0xa3b0</run_address>
         <size>0xa4</size>
         <alignment>0x4</alignment>
         <input_file_ref idref="fl-d"/>
      </object_component>
      <object_component id="oc-4a2">
         <name>.text</name>
         <load_address>0xa454</load_address>
         <readonly>true</readonly>
         <executable>true</executable>
         <run_address>0xa454</run_address>
         <size>0xa2</size>
         <alignment>0x4</alignment>
         <input_file_ref idref="fl-139"/>
      </object_component>
      <object_component id="oc-107">
         <name>.text.CurveControlV4_Start</name>
         <load_address>0xa4f6</load_address>
         <readonly>true</readonly>
         <executable>true</executable>
         <run_address>0xa4f6</run_address>
         <size>0xa0</size>
         <alignment>0x2</alignment>
         <input_file_ref idref="fl-8"/>
      </object_component>
      <object_component id="oc-e4">
         <name>.text.Q2CurveControl_Start</name>
         <load_address>0xa596</load_address>
         <readonly>true</readonly>
         <executable>true</executable>
         <run_address>0xa596</run_address>
         <size>0xa0</size>
         <alignment>0x2</alignment>
         <input_file_ref idref="fl-7"/>
      </object_component>
      <object_component id="oc-1ca">
         <name>.text.SYSCFG_DL_initPower</name>
         <load_address>0xa638</load_address>
         <readonly>true</readonly>
         <executable>true</executable>
         <run_address>0xa638</run_address>
         <size>0xa0</size>
         <alignment>0x4</alignment>
         <input_file_ref idref="fl-14"/>
      </object_component>
      <object_component id="oc-3fd">
         <name>.text.sqrtf</name>
         <load_address>0xa6d8</load_address>
         <readonly>true</readonly>
         <executable>true</executable>
         <run_address>0xa6d8</run_address>
         <size>0xa0</size>
         <alignment>0x4</alignment>
         <input_file_ref idref="fl-4c"/>
      </object_component>
      <object_component id="oc-410">
         <name>.text.Ball_StartSettlePulse</name>
         <load_address>0xa778</load_address>
         <readonly>true</readonly>
         <executable>true</executable>
         <run_address>0xa778</run_address>
         <size>0x9c</size>
         <alignment>0x4</alignment>
         <input_file_ref idref="fl-1"/>
      </object_component>
      <object_component id="oc-144">
         <name>.text.App_RenderMenu</name>
         <load_address>0xa814</load_address>
         <readonly>true</readonly>
         <executable>true</executable>
         <run_address>0xa814</run_address>
         <size>0x98</size>
         <alignment>0x4</alignment>
         <input_file_ref idref="fl-d"/>
      </object_component>
      <object_component id="oc-336">
         <name>.text.BallController_RequestStart</name>
         <load_address>0xa8ac</load_address>
         <readonly>true</readonly>
         <executable>true</executable>
         <run_address>0xa8ac</run_address>
         <size>0x98</size>
         <alignment>0x4</alignment>
         <input_file_ref idref="fl-1"/>
      </object_component>
      <object_component id="oc-409">
         <name>.text.Ball_GetBrakeReason</name>
         <load_address>0xa944</load_address>
         <readonly>true</readonly>
         <executable>true</executable>
         <run_address>0xa944</run_address>
         <size>0x98</size>
         <alignment>0x4</alignment>
         <input_file_ref idref="fl-1"/>
      </object_component>
      <object_component id="oc-23f">
         <name>.text.CurveControlV4_ErrorMmQ8</name>
         <load_address>0xa9dc</load_address>
         <readonly>true</readonly>
         <executable>true</executable>
         <run_address>0xa9dc</run_address>
         <size>0x98</size>
         <alignment>0x4</alignment>
         <input_file_ref idref="fl-8"/>
      </object_component>
      <object_component id="oc-248">
         <name>.text.CurveControlV5_ErrorMmQ8</name>
         <load_address>0xaa74</load_address>
         <readonly>true</readonly>
         <executable>true</executable>
         <run_address>0xaa74</run_address>
         <size>0x98</size>
[...]
      </symbol>
      <symbol id="sm-7ea">
         <name>__TI_ATRegion2_region_sz</name>
         <value>0x0</value>
      </symbol>
      <symbol id="sm-7f3">
         <name>DL_Common_delayCycles</name>
         <value>0xfdf1</value>
         <object_component_ref idref="oc-256"/>
      </symbol>
      <symbol id="sm-7ff">
         <name>DL_I2C_setClockConfig</name>
         <value>0xf343</value>
         <object_component_ref idref="oc-287"/>
      </symbol>
      <symbol id="sm-800">
         <name>DL_I2C_fillControllerTXFIFO</name>
         <value>0xcded</value>
         <object_component_ref idref="oc-2a9"/>
      </symbol>
      <symbol id="sm-81c">
         <name>DL_Timer_setClockConfig</name>
         <value>0xf711</value>
         <object_component_ref idref="oc-278"/>
      </symbol>
      <symbol id="sm-81d">
         <name>DL_Timer_initTimerMode</name>
         <value>0x8341</value>
         <object_component_ref idref="oc-283"/>
      </symbol>
      <symbol id="sm-81e">
         <name>DL_Timer_setCaptureCompareValue</name>
         <value>0xfcf9</value>
         <object_component_ref idref="oc-17d"/>
      </symbol>
      <symbol id="sm-81f">
         <name>DL_Timer_setCaptCompUpdateMethod</name>
         <value>0xf6f5</value>
         <object_component_ref idref="oc-27c"/>
      </symbol>
      <symbol id="sm-820">
         <name>DL_Timer_setCaptureCompareOutCtl</name>
         <value>0xf94d</value>
         <object_component_ref idref="oc-27b"/>
      </symbol>
      <symbol id="sm-821">
         <name>DL_Timer_initFourCCPWMMode</name>
         <value>0x7d35</value>
         <object_component_ref idref="oc-279"/>
      </symbol>
      <symbol id="sm-831">
         <name>DL_UART_init</name>
         <value>0xdc69</value>
         <object_component_ref idref="oc-29e"/>
      </symbol>
      <symbol id="sm-832">
         <name>DL_UART_setClockConfig</name>
         <value>0xfc23</value>
         <object_component_ref idref="oc-298"/>
      </symbol>
      <symbol id="sm-833">
         <name>DL_UART_transmitDataBlocking</name>
         <value>0xeda1</value>
         <object_component_ref idref="oc-46c"/>
      </symbol>
      <symbol id="sm-847">
         <name>DL_SYSCTL_configSYSPLL</name>
         <value>0x93e9</value>
         <object_component_ref idref="oc-271"/>
      </symbol>
      <symbol id="sm-848">
         <name>DL_SYSCTL_switchMCLKfromSYSOSCtoHSCLK</name>
         <value>0xdfc1</value>
         <object_component_ref idref="oc-276"/>
      </symbol>
      <symbol id="sm-849">
         <name>DL_SYSCTL_setHFCLKSourceHFXTParams</name>
         <value>0xca19</value>
         <object_component_ref idref="oc-26b"/>
      </symbol>
      <symbol id="sm-84a">
         <name>DL_SYSCTL_configFCC</name>
         <value>0xf669</value>
         <object_component_ref idref="oc-311"/>
      </symbol>
      <symbol id="sm-858">
         <name>sqrtf</name>
         <value>0xa6d9</value>
         <object_component_ref idref="oc-3fd"/>
      </symbol>
      <symbol id="sm-8a2">
         <name>__TI_printfi</name>
         <value>0xe6d</value>
         <object_component_ref idref="oc-478"/>
      </symbol>
      <symbol id="sm-8b3">
         <name>vsprintf</name>
         <value>0xf15d</value>
         <object_component_ref idref="oc-43c"/>
      </symbol>
      <symbol id="sm-8c1">
         <name>__aeabi_errno_addr</name>
         <value>0xfe29</value>
         <object_component_ref idref="oc-45e"/>
      </symbol>
      <symbol id="sm-8c2">
         <name>__aeabi_errno</name>
         <value>0x20204420</value>
         <object_component_ref idref="oc-46d"/>
      </symbol>
      <symbol id="sm-8cc">
         <name>abort</name>
         <value>0xfe39</value>
         <object_component_ref idref="oc-149"/>
      </symbol>
      <symbol id="sm-8d6">
         <name>__TI_ltoa</name>
         <value>0xd391</value>
         <object_component_ref idref="oc-4b3"/>
      </symbol>
      <symbol id="sm-8e1">
         <name>atoi</name>
         <value>0xe42d</value>
         <object_component_ref idref="oc-482"/>
      </symbol>
      <symbol id="sm-8eb">
         <name>memccpy</name>
         <value>0xf4a9</value>
         <object_component_ref idref="oc-47b"/>
      </symbol>
      <symbol id="sm-8f8">
         <name>_c_int00_noargs</name>
         <value>0xf2f5</value>
         <object_component_ref idref="oc-63"/>
      </symbol>
      <symbol id="sm-8f9">
         <name>__stack</name>
         <value>0x20207e00</value>
         <object_component_ref idref="oc-1a"/>
      </symbol>
      <symbol id="sm-908">
         <name>__TI_auto_init_nobinit_nopinit</name>
         <value>0xe745</value>
         <object_component_ref idref="oc-150"/>
      </symbol>
      <symbol id="sm-910">
         <name>_system_pre_init</name>
         <value>0xfe5d</value>
         <object_component_ref idref="oc-ab"/>
      </symbol>
      <symbol id="sm-91b">
         <name>__TI_zero_init</name>
         <value>0xfd39</value>
         <object_component_ref idref="oc-60"/>
      </symbol>
      <symbol id="sm-924">
         <name>__TI_decompress_none</name>
         <value>0xfc47</value>
         <object_component_ref idref="oc-20"/>
      </symbol>
      <symbol id="sm-92f">
         <name>__TI_decompress_lzss</name>
         <value>0xc00d</value>
         <object_component_ref idref="oc-1c"/>
      </symbol>
      <symbol id="sm-939">
         <name>frexp</name>
         <value>0xd075</value>
         <object_component_ref idref="oc-4a7"/>
      </symbol>
      <symbol id="sm-93a">
         <name>frexpl</name>
         <value>0xd075</value>
         <object_component_ref idref="oc-4a7"/>
      </symbol>
      <symbol id="sm-944">
         <name>scalbn</name>
         <value>0x9675</value>
         <object_component_ref idref="oc-4ab"/>
      </symbol>
      <symbol id="sm-945">
         <name>ldexp</name>
         <value>0x9675</value>
         <object_component_ref idref="oc-4ab"/>
      </symbol>
      <symbol id="sm-946">
         <name>scalbnl</name>
         <value>0x9675</value>
         <object_component_ref idref="oc-4ab"/>
      </symbol>
      <symbol id="sm-947">
         <name>ldexpl</name>
         <value>0x9675</value>
         <object_component_ref idref="oc-4ab"/>
      </symbol>
      <symbol id="sm-950">
         <name>wcslen</name>
         <value>0xfd29</value>
         <object_component_ref idref="oc-486"/>
      </symbol>
      <symbol id="sm-955">
         <name>__aeabi_ctype_table_</name>
         <value>0x11750</value>
         <object_component_ref idref="oc-49a"/>
      </symbol>
      <symbol id="sm-956">
         <name>__aeabi_ctype_table_C</name>
         <value>0x11750</value>
         <object_component_ref idref="oc-49a"/>
      </symbol>
      <symbol id="sm-960">
         <name>HOSTexit</name>
         <value>0xfe43</value>
         <object_component_ref idref="oc-204"/>
      </symbol>
      <symbol id="sm-961">
         <name>C$$EXIT</name>
         <value>0xfe42</value>
         <object_component_ref idref="oc-204"/>
      </symbol>
      <symbol id="sm-976">
         <name>__aeabi_fadd</name>
         <value>0x9757</value>
         <object_component_ref idref="oc-18c"/>
      </symbol>
      <symbol id="sm-977">
         <name>__addsf3</name>
         <value>0x9757</value>
         <object_component_ref idref="oc-18c"/>
      </symbol>
      <symbol id="sm-978">
         <name>__aeabi_fsub</name>
         <value>0x974d</value>
         <object_component_ref idref="oc-18c"/>
      </symbol>
      <symbol id="sm-979">
         <name>__subsf3</name>
         <value>0x974d</value>
         <object_component_ref idref="oc-18c"/>
      </symbol>
      <symbol id="sm-97f">
         <name>__aeabi_dadd</name>
         <value>0x5a83</value>
         <object_component_ref idref="oc-3cc"/>
      </symbol>
      <symbol id="sm-980">
         <name>__adddf3</name>
         <value>0x5a83</value>
         <object_component_ref idref="oc-3cc"/>
      </symbol>
      <symbol id="sm-981">
         <name>__aeabi_dsub</name>
         <value>0x5a79</value>
         <object_component_ref idref="oc-3cc"/>
      </symbol>
      <symbol id="sm-982">
         <name>__subdf3</name>
         <value>0x5a79</value>
         <object_component_ref idref="oc-3cc"/>
      </symbol>
      <symbol id="sm-98b">
         <name>__aeabi_dmul</name>
         <value>0x8f89</value>
         <object_component_ref idref="oc-3d0"/>
      </symbol>
      <symbol id="sm-98c">
         <name>__muldf3</name>
         <value>0x8f89</value>
         <object_component_ref idref="oc-3d0"/>
      </symbol>
      <symbol id="sm-992">
         <name>__muldsi3</name>
         <value>0xe8e1</value>
         <object_component_ref idref="oc-231"/>
      </symbol>
      <symbol id="sm-998">
         <name>__aeabi_fmul</name>
         <value>0xb54d</value>
         <object_component_ref idref="oc-192"/>
      </symbol>
      <symbol id="sm-999">
         <name>__mulsf3</name>
         <value>0xb54d</value>
         <object_component_ref idref="oc-192"/>
      </symbol>
      <symbol id="sm-99f">
         <name>__aeabi_fdiv</name>
         <value>0xbb99</value>
         <object_component_ref idref="oc-1e6"/>
      </symbol>
      <symbol id="sm-9a0">
         <name>__divsf3</name>
         <value>0xbb99</value>
         <object_component_ref idref="oc-1e6"/>
      </symbol>
      <symbol id="sm-9a6">
         <name>__aeabi_ddiv</name>
         <value>0x7b25</value>
         <object_component_ref idref="oc-4c0"/>
      </symbol>
      <symbol id="sm-9a7">
         <name>__divdf3</name>
         <value>0x7b25</value>
         <object_component_ref idref="oc-4c0"/>
      </symbol>
      <symbol id="sm-9ad">
         <name>__aeabi_d2iz</name>
         <value>0xdb45</value>
         <object_component_ref idref="oc-4af"/>
      </symbol>
      <symbol id="sm-9ae">
         <name>__fixdfsi</name>
         <value>0xdb45</value>
         <object_component_ref idref="oc-4af"/>
      </symbol>
      <symbol id="sm-9b4">
         <name>__aeabi_f2iz</name>
         <value>0xea35</value>
         <object_component_ref idref="oc-1f3"/>
      </symbol>
      <symbol id="sm-9b5">
         <name>__fixsfsi</name>
         <value>0xea35</value>
         <object_component_ref idref="oc-1f3"/>
      </symbol>
      <symbol id="sm-9bb">
         <name>__aeabi_d2uiz</name>
         <value>0xe2a9</value>
         <object_component_ref idref="oc-3c8"/>
      </symbol>
      <symbol id="sm-9bc">
         <name>__fixunsdfsi</name>
         <value>0xe2a9</value>
         <object_component_ref idref="oc-3c8"/>
      </symbol>
      <symbol id="sm-9c2">
         <name>__aeabi_f2uiz</name>
         <value>0xecdd</value>
         <object_component_ref idref="oc-1ea"/>
      </symbol>
      <symbol id="sm-9c3">
         <name>__fixunssfsi</name>
         <value>0xecdd</value>
         <object_component_ref idref="oc-1ea"/>
      </symbol>
      <symbol id="sm-9c9">
         <name>__aeabi_i2d</name>
         <value>0xf131</value>
         <object_component_ref idref="oc-4b7"/>
      </symbol>
      <symbol id="sm-9ca">
         <name>__floatsidf</name>
         <value>0xf131</value>
         <object_component_ref idref="oc-4b7"/>
      </symbol>
      <symbol id="sm-9d0">
         <name>__aeabi_i2f</name>
         <value>0xe6cd</value>
         <object_component_ref idref="oc-184"/>
      </symbol>
      <symbol id="sm-9d1">
         <name>__floatsisf</name>
         <value>0xe6cd</value>
         <object_component_ref idref="oc-184"/>
      </symbol>
      <symbol id="sm-9d7">
         <name>__aeabi_ui2d</name>
         <value>0xf41d</value>
         <object_component_ref idref="oc-315"/>
      </symbol>
      <symbol id="sm-9d8">
         <name>__floatunsidf</name>
         <value>0xf41d</value>
         <object_component_ref idref="oc-315"/>
      </symbol>
      <symbol id="sm-9de">
         <name>__aeabi_ui2f</name>
         <value>0xf2cd</value>
         <object_component_ref idref="oc-2fd"/>
      </symbol>
      <symbol id="sm-9df">
         <name>__floatunsisf</name>
         <value>0xf2cd</value>
         <object_component_ref idref="oc-2fd"/>
      </symbol>
      <symbol id="sm-9e5">
         <name>__aeabi_lmul</name>
         <value>0xf441</value>
         <object_component_ref idref="oc-48a"/>
      </symbol>
      <symbol id="sm-9e6">
         <name>__muldi3</name>
         <value>0xf441</value>
         <object_component_ref idref="oc-48a"/>
      </symbol>
      <symbol id="sm-9ec">
         <name>__aeabi_dcmpeq</name>
         <value>0xcb45</value>
         <object_component_ref idref="oc-319"/>
      </symbol>
      <symbol id="sm-9ed">
         <name>__aeabi_dcmplt</name>
         <value>0xcb59</value>
         <object_component_ref idref="oc-319"/>
      </symbol>
      <symbol id="sm-9ee">
         <name>__aeabi_dcmple</name>
         <value>0xcb6d</value>
         <object_component_ref idref="oc-319"/>
      </symbol>
      <symbol id="sm-9ef">
         <name>__aeabi_dcmpge</name>
         <value>0xcb81</value>
         <object_component_ref idref="oc-319"/>
      </symbol>
      <symbol id="sm-9f0">
         <name>__aeabi_dcmpgt</name>
         <value>0xcb95</value>
         <object_component_ref idref="oc-319"/>
      </symbol>
      <symbol id="sm-9f6">
         <name>__aeabi_fcmpeq</name>
         <value>0xcba9</value>
         <object_component_ref idref="oc-188"/>
      </symbol>
      <symbol id="sm-9f7">
         <name>__aeabi_fcmplt</name>
         <value>0xcbbd</value>
         <object_component_ref idref="oc-188"/>
      </symbol>
      <symbol id="sm-9f8">
         <name>__aeabi_fcmple</name>
         <value>0xcbd1</value>
         <object_component_ref idref="oc-188"/>
      </symbol>
      <symbol id="sm-9f9">
         <name>__aeabi_fcmpge</name>
         <value>0xcbe5</value>
         <object_component_ref idref="oc-188"/>
      </symbol>
      <symbol id="sm-9fa">
         <name>__aeabi_fcmpgt</name>
         <value>0xcbf9</value>
         <object_component_ref idref="oc-188"/>
      </symbol>
      <symbol id="sm-a00">
         <name>__aeabi_idiv</name>
         <value>0xd441</value>
         <object_component_ref idref="oc-220"/>
      </symbol>
      <symbol id="sm-a01">
         <name>__aeabi_idivmod</name>
         <value>0xd441</value>
         <object_component_ref idref="oc-220"/>
      </symbol>
      <symbol id="sm-a07">
         <name>__aeabi_memcpy</name>
         <value>0xfe31</value>
         <object_component_ref idref="oc-53"/>
      </symbol>
      <symbol id="sm-a08">
         <name>__aeabi_memcpy4</name>
         <value>0xfe31</value>
         <object_component_ref idref="oc-53"/>
      </symbol>
      <symbol id="sm-a09">
         <name>__aeabi_memcpy8</name>
         <value>0xfe31</value>
         <object_component_ref idref="oc-53"/>
      </symbol>
      <symbol id="sm-a12">
         <name>__aeabi_memset</name>
         <value>0xfd65</value>
         <object_component_ref idref="oc-47a"/>
      </symbol>
      <symbol id="sm-a13">
         <name>__aeabi_memset4</name>
         <value>0xfd65</value>
         <object_component_ref idref="oc-47a"/>
      </symbol>
      <symbol id="sm-a14">
         <name>__aeabi_memset8</name>
         <value>0xfd65</value>
         <object_component_ref idref="oc-47a"/>
      </symbol>
      <symbol id="sm-a15">
         <name>__aeabi_memclr</name>
         <value>0xfde5</value>
         <object_component_ref idref="oc-a6"/>
      </symbol>
      <symbol id="sm-a16">
         <name>__aeabi_memclr4</name>
         <value>0xfde5</value>
         <object_component_ref idref="oc-a6"/>
      </symbol>
      <symbol id="sm-a17">
         <name>__aeabi_memclr8</name>
         <value>0xfde5</value>
         <object_component_ref idref="oc-a6"/>
      </symbol>
      <symbol id="sm-a1d">
         <name>__aeabi_uidiv</name>
         <value>0xe3ed</value>
         <object_component_ref idref="oc-84"/>
      </symbol>
      <symbol id="sm-a1e">
         <name>__aeabi_uidivmod</name>
         <value>0xe3ed</value>
         <object_component_ref idref="oc-84"/>
      </symbol>
      <symbol id="sm-a24">
         <name>__aeabi_uldivmod</name>
         <value>0xfb7d</value>
         <object_component_ref idref="oc-48f"/>
      </symbol>
      <symbol id="sm-a2d">
         <name>__eqsf2</name>
         <value>0xe8a5</value>
         <object_component_ref idref="oc-228"/>
      </symbol>
      <symbol id="sm-a2e">
         <name>__lesf2</name>
         <value>0xe8a5</value>
         <object_component_ref idref="oc-228"/>
      </symbol>
      <symbol id="sm-a2f">
         <name>__ltsf2</name>
         <value>0xe8a5</value>
         <object_component_ref idref="oc-228"/>
      </symbol>
      <symbol id="sm-a30">
         <name>__nesf2</name>
         <value>0xe8a5</value>
         <object_component_ref idref="oc-228"/>
      </symbol>
      <symbol id="sm-a31">
         <name>__cmpsf2</name>
         <value>0xe8a5</value>
         <object_component_ref idref="oc-228"/>
      </symbol>
      <symbol id="sm-a32">
         <name>__gtsf2</name>
         <value>0xe709</value>
         <object_component_ref idref="oc-22d"/>
      </symbol>
      <symbol id="sm-a33">
         <name>__gesf2</name>
         <value>0xe709</value>
         <object_component_ref idref="oc-22d"/>
      </symbol>
      <symbol id="sm-a39">
         <name>__udivmoddi4</name>
         <value>0xa455</value>
         <object_component_ref idref="oc-4a2"/>
      </symbol>
      <symbol id="sm-a3f">
         <name>__aeabi_llsl</name>
         <value>0xf54d</value>
         <object_component_ref idref="oc-4c7"/>
      </symbol>
      <symbol id="sm-a40">
         <name>__ashldi3</name>
         <value>0xf54d</value>
         <object_component_ref idref="oc-4c7"/>
      </symbol>
      <symbol id="sm-a4e">
         <name>__ledf2</name>
         <value>0xc881</value>
         <object_component_ref idref="oc-3bf"/>
      </symbol>
      <symbol id="sm-a4f">
         <name>__gedf2</name>
         <value>0xc431</value>
         <object_component_ref idref="oc-3c5"/>
      </symbol>
      <symbol id="sm-a50">
         <name>__cmpdf2</name>
         <value>0xc881</value>
         <object_component_ref idref="oc-3bf"/>
      </symbol>
      <symbol id="sm-a51">
         <name>__eqdf2</name>
         <value>0xc881</value>
         <object_component_ref idref="oc-3bf"/>
      </symbol>
      <symbol id="sm-a52">
         <name>__ltdf2</name>
         <value>0xc881</value>
         <object_component_ref idref="oc-3bf"/>
      </symbol>
      <symbol id="sm-a53">
         <name>__nedf2</name>
         <value>0xc881</value>
         <object_component_ref idref="oc-3bf"/>
      </symbol>
      <symbol id="sm-a54">
         <name>__gtdf2</name>
         <value>0xc431</value>
         <object_component_ref idref="oc-3c5"/>
      </symbol>
      <symbol id="sm-a61">
         <name>__aeabi_idiv0</name>
         <value>0x5c0b</value>
         <object_component_ref idref="oc-cc"/>
      </symbol>
      <symbol id="sm-a62">
         <name>__aeabi_ldiv0</name>
         <value>0x64bb</value>
         <object_component_ref idref="oc-4c6"/>
      </symbol>
      <symbol id="sm-a6c">
         <name>TI_memcpy_small</name>
         <value>0xfc35</value>
         <object_component_ref idref="oc-124"/>
      </symbol>
      <symbol id="sm-a75">
         <name>TI_memset_small</name>
         <value>0xfd81</value>
         <object_component_ref idref="oc-1c4"/>
      </symbol>
      <symbol id="sm-a76">
         <name>__TI_static_base__</name>
         <value>0x0</value>
      </symbol>
      <symbol id="sm-a7a">
         <name>__mpu_init</name>
         <value>0x0</value>
      </symbol>
      <symbol id="sm-a7b">
         <name>_system_post_cinit</name>
         <value>0x0</value>
      </symbol>
   </symbol_table>
   <title>Link successful</title>
</link_info>
