<?xml version="1.0" encoding="ISO-8859-1" ?>
<link_info>
   <banner>TI ARM Clang Linker PC v4.0.4.LTS</banner>
   <copyright>Copyright (c) 1996-2018 Texas Instruments Incorporated</copyright>
   <command_line>F:\MCU\11_TI_MSP\CCS_ide\install\ccs\tools\compiler\ti-cgt-armllvm_4.0.4.LTS\bin\tiarmlnk -IF:\MCU\11_TI_MSP\CCS_ide\install\ccs\tools\compiler\ti-cgt-armllvm_4.0.4.LTS\lib -o balance_car_final.out -mbalance_car_final.map -iC:/TI/mspm0_sdk_2_10_00_04/source -iF:/MCU/11_TI_MSP/CCS_project/2026project/balance_car_final -iF:/MCU/11_TI_MSP/CCS_project/2026project/balance_car_final/Debug/syscfg -iF:/MCU/11_TI_MSP/CCS_ide/install/ccs/tools/compiler/ti-cgt-armllvm_4.0.4.LTS/lib --diag_wrap=off --display_error_number --warn_sections --xml_link_info=balance_car_final_linkInfo.xml --rom_model ./ball_controller.o ./ball_estimator.o ./ball_fast_estimator.o ./ball_pid_bank.o ./ball_quiet_observer.o ./ball_ui.o ./curve_control_q2.o ./curve_control_v4.o ./curve_control_v5.o ./curve_pid.o ./delay.o ./ti_msp_dl_config.o ./startup_mspm0g350x_ticlang.o ./huidu.o ./main.o ./mode_q2.o ./mode_q3.o ./mode_q4.o ./mode_q5.o ./pid.o ./pid_q2.o ./driver/encoder.o ./driver/key.o ./driver/motor.o ./driver/oled.o ./driver/servo.o ./driver/uart.o ./driver/mpu6050/inv_mpu.o ./driver/mpu6050/inv_mpu_dmp_motion_driver.o ./driver/mpu6050/mpu6050.o ./driver/mpu6050/mpu_port.o -l./device_linker.cmd -ldevice.cmd.genlibs -llibc.a --start-group -llibc++.a -llibc++abi.a -llibc.a -llibsys.a -llibsysbm.a -llibclang_rt.builtins.a -llibclang_rt.profile.a --end-group --cg_opt_level=0</command_line>
   <link_time>0x6a6da69a</link_time>
   <link_errors>0x0</link_errors>
   <output_file>F:\MCU\11_TI_MSP\CCS_project\2026project\balance_car_final\Debug\balance_car_final.out</output_file>
   <entry_point>
      <name>_c_int00_noargs</name>
      <address>0xf521</address>
   </entry_point>
   <input_file_list>
      <input_file id="fl-1">
         <path>F:\MCU\11_TI_MSP\CCS_project\2026project\balance_car_final\Debug\.\</path>
         <kind>object</kind>
         <file>ball_controller.o</file>
         <name>ball_controller.o</name>
      </input_file>
      <input_file id="fl-2">
         <path>F:\MCU\11_TI_MSP\CCS_project\2026project\balance_car_final\Debug\.\</path>
         <kind>object</kind>
         <file>ball_estimator.o</file>
         <name>ball_estimator.o</name>
      </input_file>
      <input_file id="fl-3">
         <path>F:\MCU\11_TI_MSP\CCS_project\2026project\balance_car_final\Debug\.\</path>
         <kind>object</kind>
         <file>ball_fast_estimator.o</file>
         <name>ball_fast_estimator.o</name>
      </input_file>
      <input_file id="fl-4">
         <path>F:\MCU\11_TI_MSP\CCS_project\2026project\balance_car_final\Debug\.\</path>
         <kind>object</kind>
         <file>ball_pid_bank.o</file>
         <name>ball_pid_bank.o</name>
      </input_file>
      <input_file id="fl-5">
         <path>F:\MCU\11_TI_MSP\CCS_project\2026project\balance_car_final\Debug\.\</path>
         <kind>object</kind>
         <file>ball_quiet_observer.o</file>
         <name>ball_quiet_observer.o</name>
      </input_file>
      <input_file id="fl-6">
         <path>F:\MCU\11_TI_MSP\CCS_project\2026project\balance_car_final\Debug\.\</path>
         <kind>object</kind>
         <file>ball_ui.o</file>
         <name>ball_ui.o</name>
      </input_file>
      <input_file id="fl-7">
         <path>F:\MCU\11_TI_MSP\CCS_project\2026project\balance_car_final\Debug\.\</path>
         <kind>object</kind>
         <file>curve_control_q2.o</file>
         <name>curve_control_q2.o</name>
      </input_file>
      <input_file id="fl-8">
         <path>F:\MCU\11_TI_MSP\CCS_project\2026project\balance_car_final\Debug\.\</path>
         <kind>object</kind>
         <file>curve_control_v4.o</file>
         <name>curve_control_v4.o</name>
      </input_file>
      <input_file id="fl-9">
         <path>F:\MCU\11_TI_MSP\CCS_project\2026project\balance_car_final\Debug\.\</path>
         <kind>object</kind>
         <file>curve_control_v5.o</file>
         <name>curve_control_v5.o</name>
      </input_file>
      <input_file id="fl-a">
         <path>F:\MCU\11_TI_MSP\CCS_project\2026project\balance_car_final\Debug\.\</path>
         <kind>object</kind>
         <file>curve_pid.o</file>
         <name>curve_pid.o</name>
      </input_file>
      <input_file id="fl-b">
         <path>F:\MCU\11_TI_MSP\CCS_project\2026project\balance_car_final\Debug\.\</path>
         <kind>object</kind>
         <file>delay.o</file>
         <name>delay.o</name>
      </input_file>
      <input_file id="fl-c">
         <path>F:\MCU\11_TI_MSP\CCS_project\2026project\balance_car_final\Debug\.\</path>
         <kind>object</kind>
         <file>ti_msp_dl_config.o</file>
         <name>ti_msp_dl_config.o</name>
      </input_file>
      <input_file id="fl-d">
         <path>F:\MCU\11_TI_MSP\CCS_project\2026project\balance_car_final\Debug\.\</path>
         <kind>object</kind>
         <file>startup_mspm0g350x_ticlang.o</file>
         <name>startup_mspm0g350x_ticlang.o</name>
      </input_file>
      <input_file id="fl-e">
         <path>F:\MCU\11_TI_MSP\CCS_project\2026project\balance_car_final\Debug\.\</path>
         <kind>object</kind>
         <file>huidu.o</file>
         <name>huidu.o</name>
      </input_file>
      <input_file id="fl-f">
         <path>F:\MCU\11_TI_MSP\CCS_project\2026project\balance_car_final\Debug\.\</path>
         <kind>object</kind>
         <file>main.o</file>
         <name>main.o</name>
      </input_file>
      <input_file id="fl-10">
         <path>F:\MCU\11_TI_MSP\CCS_project\2026project\balance_car_final\Debug\.\</path>
         <kind>object</kind>
         <file>mode_q2.o</file>
         <name>mode_q2.o</name>
      </input_file>
      <input_file id="fl-11">
         <path>F:\MCU\11_TI_MSP\CCS_project\2026project\balance_car_final\Debug\.\</path>
         <kind>object</kind>
         <file>mode_q3.o</file>
         <name>mode_q3.o</name>
      </input_file>
      <input_file id="fl-12">
         <path>F:\MCU\11_TI_MSP\CCS_project\2026project\balance_car_final\Debug\.\</path>
         <kind>object</kind>
         <file>mode_q4.o</file>
         <name>mode_q4.o</name>
      </input_file>
      <input_file id="fl-13">
         <path>F:\MCU\11_TI_MSP\CCS_project\2026project\balance_car_final\Debug\.\</path>
         <kind>object</kind>
         <file>mode_q5.o</file>
         <name>mode_q5.o</name>
      </input_file>
      <input_file id="fl-14">
         <path>F:\MCU\11_TI_MSP\CCS_project\2026project\balance_car_final\Debug\.\</path>
         <kind>object</kind>
         <file>pid.o</file>
         <name>pid.o</name>
      </input_file>
      <input_file id="fl-15">
         <path>F:\MCU\11_TI_MSP\CCS_project\2026project\balance_car_final\Debug\.\</path>
         <kind>object</kind>
         <file>pid_q2.o</file>
         <name>pid_q2.o</name>
      </input_file>
      <input_file id="fl-16">
         <path>F:\MCU\11_TI_MSP\CCS_project\2026project\balance_car_final\Debug\.\driver\</path>
         <kind>object</kind>
         <file>encoder.o</file>
         <name>encoder.o</name>
      </input_file>
      <input_file id="fl-17">
         <path>F:\MCU\11_TI_MSP\CCS_project\2026project\balance_car_final\Debug\.\driver\</path>
         <kind>object</kind>
         <file>key.o</file>
         <name>key.o</name>
      </input_file>
      <input_file id="fl-18">
         <path>F:\MCU\11_TI_MSP\CCS_project\2026project\balance_car_final\Debug\.\driver\</path>
         <kind>object</kind>
         <file>motor.o</file>
         <name>motor.o</name>
      </input_file>
      <input_file id="fl-19">
         <path>F:\MCU\11_TI_MSP\CCS_project\2026project\balance_car_final\Debug\.\driver\</path>
         <kind>object</kind>
         <file>oled.o</file>
         <name>oled.o</name>
      </input_file>
      <input_file id="fl-1a">
         <path>F:\MCU\11_TI_MSP\CCS_project\2026project\balance_car_final\Debug\.\driver\</path>
         <kind>object</kind>
         <file>servo.o</file>
         <name>servo.o</name>
      </input_file>
      <input_file id="fl-1b">
         <path>F:\MCU\11_TI_MSP\CCS_project\2026project\balance_car_final\Debug\.\driver\</path>
         <kind>object</kind>
         <file>uart.o</file>
         <name>uart.o</name>
      </input_file>
      <input_file id="fl-1c">
         <path>F:\MCU\11_TI_MSP\CCS_project\2026project\balance_car_final\Debug\.\driver\mpu6050\</path>
         <kind>object</kind>
         <file>inv_mpu.o</file>
         <name>inv_mpu.o</name>
      </input_file>
      <input_file id="fl-1d">
         <path>F:\MCU\11_TI_MSP\CCS_project\2026project\balance_car_final\Debug\.\driver\mpu6050\</path>
         <kind>object</kind>
         <file>inv_mpu_dmp_motion_driver.o</file>
         <name>inv_mpu_dmp_motion_driver.o</name>
      </input_file>
      <input_file id="fl-1e">
         <path>F:\MCU\11_TI_MSP\CCS_project\2026project\balance_car_final\Debug\.\driver\mpu6050\</path>
         <kind>object</kind>
         <file>mpu6050.o</file>
         <name>mpu6050.o</name>
      </input_file>
      <input_file id="fl-1f">
         <path>F:\MCU\11_TI_MSP\CCS_project\2026project\balance_car_final\Debug\.\driver\mpu6050\</path>
         <kind>object</kind>
         <file>mpu_port.o</file>
         <name>mpu_port.o</name>
      </input_file>
      <input_file id="fl-2c">
         <path>F:\MCU\11_TI_MSP\CCS_project\2026project\balance_car_final\Debug\</path>
         <kind>object</kind>
         <file>&lt;internal&gt;</file>
         <name>&lt;internal&gt;</name>
      </input_file>
      <input_file id="fl-2d">
         <path>C:\TI\mspm0_sdk_2_10_00_04\source\ti\driverlib\lib\ticlang\m0p\mspm0g1x0x_g3x0x\</path>
         <kind>archive</kind>
         <file>driverlib.a</file>
         <name>dl_common.o</name>
      </input_file>
      <input_file id="fl-2e">
         <path>C:\TI\mspm0_sdk_2_10_00_04\source\ti\driverlib\lib\ticlang\m0p\mspm0g1x0x_g3x0x\</path>
         <kind>archive</kind>
         <file>driverlib.a</file>
         <name>dl_i2c.o</name>
      </input_file>
      <input_file id="fl-2f">
         <path>C:\TI\mspm0_sdk_2_10_00_04\source\ti\driverlib\lib\ticlang\m0p\mspm0g1x0x_g3x0x\</path>
         <kind>archive</kind>
         <file>driverlib.a</file>
         <name>dl_timer.o</name>
      </input_file>
      <input_file id="fl-30">
         <path>C:\TI\mspm0_sdk_2_10_00_04\source\ti\driverlib\lib\ticlang\m0p\mspm0g1x0x_g3x0x\</path>
         <kind>archive</kind>
         <file>driverlib.a</file>
         <name>dl_uart.o</name>
      </input_file>
      <input_file id="fl-31">
         <path>C:\TI\mspm0_sdk_2_10_00_04\source\ti\driverlib\lib\ticlang\m0p\mspm0g1x0x_g3x0x\</path>
         <kind>archive</kind>
         <file>driverlib.a</file>
         <name>dl_sysctl_mspm0g1x0x_g3x0x.o</name>
      </input_file>
      <input_file id="fl-48">
         <path>F:\MCU\11_TI_MSP\CCS_ide\install\ccs\tools\compiler\ti-cgt-armllvm_4.0.4.LTS\lib\armv6m-ti-none-eabi\c\</path>
         <kind>archive</kind>
         <file>libc.a</file>
         <name>e_asin.c.obj</name>
      </input_file>
      <input_file id="fl-49">
         <path>F:\MCU\11_TI_MSP\CCS_ide\install\ccs\tools\compiler\ti-cgt-armllvm_4.0.4.LTS\lib\armv6m-ti-none-eabi\c\</path>
         <kind>archive</kind>
         <file>libc.a</file>
         <name>e_atan2.c.obj</name>
      </input_file>
      <input_file id="fl-4a">
         <path>F:\MCU\11_TI_MSP\CCS_ide\install\ccs\tools\compiler\ti-cgt-armllvm_4.0.4.LTS\lib\armv6m-ti-none-eabi\c\</path>
         <kind>archive</kind>
         <file>libc.a</file>
         <name>e_sqrt.c.obj</name>
      </input_file>
      <input_file id="fl-4b">
         <path>F:\MCU\11_TI_MSP\CCS_ide\install\ccs\tools\compiler\ti-cgt-armllvm_4.0.4.LTS\lib\armv6m-ti-none-eabi\c\</path>
         <kind>archive</kind>
         <file>libc.a</file>
         <name>s_atan.c.obj</name>
      </input_file>
      <input_file id="fl-4c">
         <path>F:\MCU\11_TI_MSP\CCS_ide\install\ccs\tools\compiler\ti-cgt-armllvm_4.0.4.LTS\lib\armv6m-ti-none-eabi\c\</path>
         <kind>archive</kind>
         <file>libc.a</file>
         <name>e_sqrtf.c.obj</name>
      </input_file>
      <input_file id="fl-4d">
         <path>F:\MCU\11_TI_MSP\CCS_ide\install\ccs\tools\compiler\ti-cgt-armllvm_4.0.4.LTS\lib\armv6m-ti-none-eabi\c\</path>
         <kind>archive</kind>
         <file>libc.a</file>
         <name>printf.c.obj</name>
      </input_file>
      <input_file id="fl-4e">
         <path>F:\MCU\11_TI_MSP\CCS_ide\install\ccs\tools\compiler\ti-cgt-armllvm_4.0.4.LTS\lib\armv6m-ti-none-eabi\c\</path>
         <kind>archive</kind>
         <file>libc.a</file>
         <name>_printfi.c.obj</name>
      </input_file>
      <input_file id="fl-4f">
         <path>F:\MCU\11_TI_MSP\CCS_ide\install\ccs\tools\compiler\ti-cgt-armllvm_4.0.4.LTS\lib\armv6m-ti-none-eabi\c\</path>
         <kind>archive</kind>
         <file>libc.a</file>
         <name>vsprintf.c.obj</name>
      </input_file>
      <input_file id="fl-50">
         <path>F:\MCU\11_TI_MSP\CCS_ide\install\ccs\tools\compiler\ti-cgt-armllvm_4.0.4.LTS\lib\armv6m-ti-none-eabi\c\</path>
         <kind>archive</kind>
         <file>libc.a</file>
         <name>fputs.c.obj</name>
      </input_file>
      <input_file id="fl-51">
         <path>F:\MCU\11_TI_MSP\CCS_ide\install\ccs\tools\compiler\ti-cgt-armllvm_4.0.4.LTS\lib\armv6m-ti-none-eabi\c\</path>
         <kind>archive</kind>
         <file>libc.a</file>
         <name>_io_perm.c.obj</name>
      </input_file>
      <input_file id="fl-52">
         <path>F:\MCU\11_TI_MSP\CCS_ide\install\ccs\tools\compiler\ti-cgt-armllvm_4.0.4.LTS\lib\armv6m-ti-none-eabi\c\</path>
         <kind>archive</kind>
         <file>libc.a</file>
         <name>setvbuf.c.obj</name>
      </input_file>
      <input_file id="fl-53">
         <path>F:\MCU\11_TI_MSP\CCS_ide\install\ccs\tools\compiler\ti-cgt-armllvm_4.0.4.LTS\lib\armv6m-ti-none-eabi\c\</path>
         <kind>archive</kind>
         <file>libc.a</file>
         <name>aeabi_portable.c.obj</name>
      </input_file>
      <input_file id="fl-54">
         <path>F:\MCU\11_TI_MSP\CCS_ide\install\ccs\tools\compiler\ti-cgt-armllvm_4.0.4.LTS\lib\armv6m-ti-none-eabi\c\</path>
         <kind>archive</kind>
         <file>libc.a</file>
         <name>exit.c.obj</name>
      </input_file>
      <input_file id="fl-55">
         <path>F:\MCU\11_TI_MSP\CCS_ide\install\ccs\tools\compiler\ti-cgt-armllvm_4.0.4.LTS\lib\armv6m-ti-none-eabi\c\</path>
         <kind>archive</kind>
         <file>libc.a</file>
         <name>_lock.c.obj</name>
      </input_file>
      <input_file id="fl-56">
         <path>F:\MCU\11_TI_MSP\CCS_ide\install\ccs\tools\compiler\ti-cgt-armllvm_4.0.4.LTS\lib\armv6m-ti-none-eabi\c\</path>
         <kind>archive</kind>
         <file>libc.a</file>
         <name>_ltoa.c.obj</name>
      </input_file>
      <input_file id="fl-57">
         <path>F:\MCU\11_TI_MSP\CCS_ide\install\ccs\tools\compiler\ti-cgt-armllvm_4.0.4.LTS\lib\armv6m-ti-none-eabi\c\</path>
         <kind>archive</kind>
         <file>libc.a</file>
         <name>assert.c.obj</name>
      </input_file>
      <input_file id="fl-58">
         <path>F:\MCU\11_TI_MSP\CCS_ide\install\ccs\tools\compiler\ti-cgt-armllvm_4.0.4.LTS\lib\armv6m-ti-none-eabi\c\</path>
         <kind>archive</kind>
         <file>libc.a</file>
         <name>atoi.c.obj</name>
      </input_file>
      <input_file id="fl-59">
         <path>F:\MCU\11_TI_MSP\CCS_ide\install\ccs\tools\compiler\ti-cgt-armllvm_4.0.4.LTS\lib\armv6m-ti-none-eabi\c\</path>
         <kind>archive</kind>
         <file>libc.a</file>
         <name>defs.c.obj</name>
      </input_file>
      <input_file id="fl-5a">
         <path>F:\MCU\11_TI_MSP\CCS_ide\install\ccs\tools\compiler\ti-cgt-armllvm_4.0.4.LTS\lib\armv6m-ti-none-eabi\c\</path>
         <kind>archive</kind>
         <file>libc.a</file>
         <name>memccpy.c.obj</name>
      </input_file>
      <input_file id="fl-5b">
         <path>F:\MCU\11_TI_MSP\CCS_ide\install\ccs\tools\compiler\ti-cgt-armllvm_4.0.4.LTS\lib\armv6m-ti-none-eabi\c\</path>
         <kind>archive</kind>
         <file>libc.a</file>
         <name>memcmp.c.obj</name>
      </input_file>
      <input_file id="fl-5c">
         <path>F:\MCU\11_TI_MSP\CCS_ide\install\ccs\tools\compiler\ti-cgt-armllvm_4.0.4.LTS\lib\armv6m-ti-none-eabi\c\</path>
         <kind>archive</kind>
         <file>libc.a</file>
         <name>memory.c.obj</name>
      </input_file>
      <input_file id="fl-5d">
         <path>F:\MCU\11_TI_MSP\CCS_ide\install\ccs\tools\compiler\ti-cgt-armllvm_4.0.4.LTS\lib\armv6m-ti-none-eabi\c\</path>
         <kind>archive</kind>
         <file>libc.a</file>
         <name>boot_cortex_m.c.obj</name>
      </input_file>
      <input_file id="fl-5e">
         <path>F:\MCU\11_TI_MSP\CCS_ide\install\ccs\tools\compiler\ti-cgt-armllvm_4.0.4.LTS\lib\armv6m-ti-none-eabi\c\</path>
         <kind>archive</kind>
         <file>libc.a</file>
         <name>mathacl_init.c.obj</name>
      </input_file>
      <input_file id="fl-5f">
         <path>F:\MCU\11_TI_MSP\CCS_ide\install\ccs\tools\compiler\ti-cgt-armllvm_4.0.4.LTS\lib\armv6m-ti-none-eabi\c\</path>
         <kind>archive</kind>
         <file>libc.a</file>
         <name>autoinit.c.obj</name>
      </input_file>
      <input_file id="fl-60">
         <path>F:\MCU\11_TI_MSP\CCS_ide\install\ccs\tools\compiler\ti-cgt-armllvm_4.0.4.LTS\lib\armv6m-ti-none-eabi\c\</path>
         <kind>archive</kind>
         <file>libc.a</file>
         <name>pre_init.c.obj</name>
      </input_file>
      <input_file id="fl-61">
         <path>F:\MCU\11_TI_MSP\CCS_ide\install\ccs\tools\compiler\ti-cgt-armllvm_4.0.4.LTS\lib\armv6m-ti-none-eabi\c\</path>
         <kind>archive</kind>
         <file>libc.a</file>
         <name>cpy_tbl.c.obj</name>
      </input_file>
      <input_file id="fl-62">
         <path>F:\MCU\11_TI_MSP\CCS_ide\install\ccs\tools\compiler\ti-cgt-armllvm_4.0.4.LTS\lib\armv6m-ti-none-eabi\c\</path>
         <kind>archive</kind>
         <file>libc.a</file>
         <name>copy_zero_init.c.obj</name>
      </input_file>
      <input_file id="fl-63">
         <path>F:\MCU\11_TI_MSP\CCS_ide\install\ccs\tools\compiler\ti-cgt-armllvm_4.0.4.LTS\lib\armv6m-ti-none-eabi\c\</path>
         <kind>archive</kind>
         <file>libc.a</file>
         <name>copy_decompress_none.c.obj</name>
      </input_file>
      <input_file id="fl-64">
         <path>F:\MCU\11_TI_MSP\CCS_ide\install\ccs\tools\compiler\ti-cgt-armllvm_4.0.4.LTS\lib\armv6m-ti-none-eabi\c\</path>
         <kind>archive</kind>
         <file>libc.a</file>
         <name>copy_decompress_lzss.c.obj</name>
      </input_file>
      <input_file id="fl-65">
         <path>F:\MCU\11_TI_MSP\CCS_ide\install\ccs\tools\compiler\ti-cgt-armllvm_4.0.4.LTS\lib\armv6m-ti-none-eabi\c\</path>
         <kind>archive</kind>
         <file>libc.a</file>
         <name>s_frexp.c.obj</name>
      </input_file>
      <input_file id="fl-66">
         <path>F:\MCU\11_TI_MSP\CCS_ide\install\ccs\tools\compiler\ti-cgt-armllvm_4.0.4.LTS\lib\armv6m-ti-none-eabi\c\</path>
         <kind>archive</kind>
         <file>libc.a</file>
         <name>s_scalbn.c.obj</name>
      </input_file>
      <input_file id="fl-67">
         <path>F:\MCU\11_TI_MSP\CCS_ide\install\ccs\tools\compiler\ti-cgt-armllvm_4.0.4.LTS\lib\armv6m-ti-none-eabi\c\</path>
         <kind>archive</kind>
         <file>libc.a</file>
         <name>wcslen.c.obj</name>
      </input_file>
      <input_file id="fl-68">
         <path>F:\MCU\11_TI_MSP\CCS_ide\install\ccs\tools\compiler\ti-cgt-armllvm_4.0.4.LTS\lib\armv6m-ti-none-eabi\c\</path>
         <kind>archive</kind>
         <file>libc.a</file>
         <name>sprintf.c.obj</name>
      </input_file>
      <input_file id="fl-69">
         <path>F:\MCU\11_TI_MSP\CCS_ide\install\ccs\tools\compiler\ti-cgt-armllvm_4.0.4.LTS\lib\armv6m-ti-none-eabi\c\</path>
         <kind>archive</kind>
         <file>libc.a</file>
         <name>fflush.c.obj</name>
      </input_file>
      <input_file id="fl-6a">
         <path>F:\MCU\11_TI_MSP\CCS_ide\install\ccs\tools\compiler\ti-cgt-armllvm_4.0.4.LTS\lib\armv6m-ti-none-eabi\c\</path>
         <kind>archive</kind>
         <file>libc.a</file>
         <name>fopen.c.obj</name>
      </input_file>
      <input_file id="fl-6b">
         <path>F:\MCU\11_TI_MSP\CCS_ide\install\ccs\tools\compiler\ti-cgt-armllvm_4.0.4.LTS\lib\armv6m-ti-none-eabi\c\</path>
         <kind>archive</kind>
         <file>libc.a</file>
         <name>fseek.c.obj</name>
      </input_file>
      <input_file id="fl-6c">
         <path>F:\MCU\11_TI_MSP\CCS_ide\install\ccs\tools\compiler\ti-cgt-armllvm_4.0.4.LTS\lib\armv6m-ti-none-eabi\c\</path>
         <kind>archive</kind>
         <file>libc.a</file>
         <name>aeabi_ctype.S.obj</name>
      </input_file>
      <input_file id="fl-6d">
         <path>F:\MCU\11_TI_MSP\CCS_ide\install\ccs\tools\compiler\ti-cgt-armllvm_4.0.4.LTS\lib\armv6m-ti-none-eabi\c\</path>
         <kind>archive</kind>
         <file>libc.a</file>
         <name>args_main.c.obj</name>
      </input_file>
      <input_file id="fl-6e">
         <path>F:\MCU\11_TI_MSP\CCS_ide\install\ccs\tools\compiler\ti-cgt-armllvm_4.0.4.LTS\lib\armv6m-ti-none-eabi\c\</path>
         <kind>archive</kind>
         <file>libc.a</file>
         <name>fclose.c.obj</name>
      </input_file>
      <input_file id="fl-10e">
         <path>F:\MCU\11_TI_MSP\CCS_ide\install\ccs\tools\compiler\ti-cgt-armllvm_4.0.4.LTS\lib\armv6m-ti-none-eabi\c\</path>
         <kind>archive</kind>
         <file>libsysbm.a</file>
         <name>hostexit.c.obj</name>
      </input_file>
      <input_file id="fl-10f">
         <path>F:\MCU\11_TI_MSP\CCS_ide\install\ccs\tools\compiler\ti-cgt-armllvm_4.0.4.LTS\lib\armv6m-ti-none-eabi\c\</path>
         <kind>archive</kind>
         <file>libsysbm.a</file>
         <name>write.c.obj</name>
      </input_file>
      <input_file id="fl-110">
         <path>F:\MCU\11_TI_MSP\CCS_ide\install\ccs\tools\compiler\ti-cgt-armllvm_4.0.4.LTS\lib\armv6m-ti-none-eabi\c\</path>
         <kind>archive</kind>
         <file>libsysbm.a</file>
         <name>host_device.c.obj</name>
      </input_file>
      <input_file id="fl-111">
         <path>F:\MCU\11_TI_MSP\CCS_ide\install\ccs\tools\compiler\ti-cgt-armllvm_4.0.4.LTS\lib\armv6m-ti-none-eabi\c\</path>
         <kind>archive</kind>
         <file>libsysbm.a</file>
         <name>remove.c.obj</name>
      </input_file>
      <input_file id="fl-112">
         <path>F:\MCU\11_TI_MSP\CCS_ide\install\ccs\tools\compiler\ti-cgt-armllvm_4.0.4.LTS\lib\armv6m-ti-none-eabi\c\</path>
         <kind>archive</kind>
         <file>libsysbm.a</file>
         <name>open.c.obj</name>
      </input_file>
      <input_file id="fl-113">
         <path>F:\MCU\11_TI_MSP\CCS_ide\install\ccs\tools\compiler\ti-cgt-armllvm_4.0.4.LTS\lib\armv6m-ti-none-eabi\c\</path>
         <kind>archive</kind>
         <file>libsysbm.a</file>
         <name>lseek.c.obj</name>
      </input_file>
      <input_file id="fl-114">
         <path>F:\MCU\11_TI_MSP\CCS_ide\install\ccs\tools\compiler\ti-cgt-armllvm_4.0.4.LTS\lib\armv6m-ti-none-eabi\c\</path>
         <kind>archive</kind>
         <file>libsysbm.a</file>
         <name>close.c.obj</name>
      </input_file>
      <input_file id="fl-115">
         <path>F:\MCU\11_TI_MSP\CCS_ide\install\ccs\tools\compiler\ti-cgt-armllvm_4.0.4.LTS\lib\armv6m-ti-none-eabi\c\</path>
         <kind>archive</kind>
         <file>libsysbm.a</file>
         <name>unlink.c.obj</name>
      </input_file>
      <input_file id="fl-116">
         <path>F:\MCU\11_TI_MSP\CCS_ide\install\ccs\tools\compiler\ti-cgt-armllvm_4.0.4.LTS\lib\armv6m-ti-none-eabi\c\</path>
         <kind>archive</kind>
         <file>libsysbm.a</file>
         <name>hostclose.c.obj</name>
      </input_file>
      <input_file id="fl-117">
         <path>F:\MCU\11_TI_MSP\CCS_ide\install\ccs\tools\compiler\ti-cgt-armllvm_4.0.4.LTS\lib\armv6m-ti-none-eabi\c\</path>
         <kind>archive</kind>
         <file>libsysbm.a</file>
         <name>hostlseek.c.obj</name>
      </input_file>
      <input_file id="fl-118">
         <path>F:\MCU\11_TI_MSP\CCS_ide\install\ccs\tools\compiler\ti-cgt-armllvm_4.0.4.LTS\lib\armv6m-ti-none-eabi\c\</path>
         <kind>archive</kind>
         <file>libsysbm.a</file>
         <name>hostopen.c.obj</name>
      </input_file>
      <input_file id="fl-119">
         <path>F:\MCU\11_TI_MSP\CCS_ide\install\ccs\tools\compiler\ti-cgt-armllvm_4.0.4.LTS\lib\armv6m-ti-none-eabi\c\</path>
         <kind>archive</kind>
         <file>libsysbm.a</file>
         <name>hostread.c.obj</name>
      </input_file>
      <input_file id="fl-11a">
         <path>F:\MCU\11_TI_MSP\CCS_ide\install\ccs\tools\compiler\ti-cgt-armllvm_4.0.4.LTS\lib\armv6m-ti-none-eabi\c\</path>
         <kind>archive</kind>
         <file>libsysbm.a</file>
         <name>hostrename.c.obj</name>
      </input_file>
      <input_file id="fl-11b">
         <path>F:\MCU\11_TI_MSP\CCS_ide\install\ccs\tools\compiler\ti-cgt-armllvm_4.0.4.LTS\lib\armv6m-ti-none-eabi\c\</path>
         <kind>archive</kind>
         <file>libsysbm.a</file>
         <name>hostunlink.c.obj</name>
      </input_file>
      <input_file id="fl-11c">
         <path>F:\MCU\11_TI_MSP\CCS_ide\install\ccs\tools\compiler\ti-cgt-armllvm_4.0.4.LTS\lib\armv6m-ti-none-eabi\c\</path>
         <kind>archive</kind>
         <file>libsysbm.a</file>
         <name>hostwrite.c.obj</name>
      </input_file>
      <input_file id="fl-11d">
         <path>F:\MCU\11_TI_MSP\CCS_ide\install\ccs\tools\compiler\ti-cgt-armllvm_4.0.4.LTS\lib\armv6m-ti-none-eabi\c\</path>
         <kind>archive</kind>
         <file>libsysbm.a</file>
         <name>trgmsg.c.obj</name>
      </input_file>
      <input_file id="fl-11e">
         <path>F:\MCU\11_TI_MSP\CCS_ide\install\ccs\tools\compiler\ti-cgt-armllvm_4.0.4.LTS\lib\armv6m-ti-none-eabi\</path>
         <kind>archive</kind>
         <file>libclang_rt.builtins.a</file>
         <name>addsf3.S.obj</name>
      </input_file>
      <input_file id="fl-11f">
         <path>F:\MCU\11_TI_MSP\CCS_ide\install\ccs\tools\compiler\ti-cgt-armllvm_4.0.4.LTS\lib\armv6m-ti-none-eabi\</path>
         <kind>archive</kind>
         <file>libclang_rt.builtins.a</file>
         <name>adddf3.S.obj</name>
      </input_file>
      <input_file id="fl-120">
         <path>F:\MCU\11_TI_MSP\CCS_ide\install\ccs\tools\compiler\ti-cgt-armllvm_4.0.4.LTS\lib\armv6m-ti-none-eabi\</path>
         <kind>archive</kind>
         <file>libclang_rt.builtins.a</file>
         <name>muldf3.S.obj</name>
      </input_file>
      <input_file id="fl-121">
         <path>F:\MCU\11_TI_MSP\CCS_ide\install\ccs\tools\compiler\ti-cgt-armllvm_4.0.4.LTS\lib\armv6m-ti-none-eabi\</path>
         <kind>archive</kind>
         <file>libclang_rt.builtins.a</file>
         <name>muldsi3.S.obj</name>
      </input_file>
      <input_file id="fl-122">
         <path>F:\MCU\11_TI_MSP\CCS_ide\install\ccs\tools\compiler\ti-cgt-armllvm_4.0.4.LTS\lib\armv6m-ti-none-eabi\</path>
         <kind>archive</kind>
         <file>libclang_rt.builtins.a</file>
         <name>mulsf3.S.obj</name>
      </input_file>
      <input_file id="fl-123">
         <path>F:\MCU\11_TI_MSP\CCS_ide\install\ccs\tools\compiler\ti-cgt-armllvm_4.0.4.LTS\lib\armv6m-ti-none-eabi\</path>
         <kind>archive</kind>
         <file>libclang_rt.builtins.a</file>
         <name>divsf3.S.obj</name>
      </input_file>
      <input_file id="fl-124">
         <path>F:\MCU\11_TI_MSP\CCS_ide\install\ccs\tools\compiler\ti-cgt-armllvm_4.0.4.LTS\lib\armv6m-ti-none-eabi\</path>
         <kind>archive</kind>
         <file>libclang_rt.builtins.a</file>
         <name>divdf3.S.obj</name>
      </input_file>
      <input_file id="fl-125">
         <path>F:\MCU\11_TI_MSP\CCS_ide\install\ccs\tools\compiler\ti-cgt-armllvm_4.0.4.LTS\lib\armv6m-ti-none-eabi\</path>
         <kind>archive</kind>
         <file>libclang_rt.builtins.a</file>
         <name>extendsfdf2.S.obj</name>
      </input_file>
      <input_file id="fl-126">
         <path>F:\MCU\11_TI_MSP\CCS_ide\install\ccs\tools\compiler\ti-cgt-armllvm_4.0.4.LTS\lib\armv6m-ti-none-eabi\</path>
         <kind>archive</kind>
         <file>libclang_rt.builtins.a</file>
         <name>fixdfsi.S.obj</name>
      </input_file>
      <input_file id="fl-127">
         <path>F:\MCU\11_TI_MSP\CCS_ide\install\ccs\tools\compiler\ti-cgt-armllvm_4.0.4.LTS\lib\armv6m-ti-none-eabi\</path>
         <kind>archive</kind>
         <file>libclang_rt.builtins.a</file>
         <name>fixsfsi.S.obj</name>
      </input_file>
      <input_file id="fl-128">
         <path>F:\MCU\11_TI_MSP\CCS_ide\install\ccs\tools\compiler\ti-cgt-armllvm_4.0.4.LTS\lib\armv6m-ti-none-eabi\</path>
         <kind>archive</kind>
         <file>libclang_rt.builtins.a</file>
         <name>fixunsdfsi.S.obj</name>
      </input_file>
      <input_file id="fl-129">
         <path>F:\MCU\11_TI_MSP\CCS_ide\install\ccs\tools\compiler\ti-cgt-armllvm_4.0.4.LTS\lib\armv6m-ti-none-eabi\</path>
         <kind>archive</kind>
         <file>libclang_rt.builtins.a</file>
         <name>fixunssfsi.S.obj</name>
      </input_file>
      <input_file id="fl-12a">
         <path>F:\MCU\11_TI_MSP\CCS_ide\install\ccs\tools\compiler\ti-cgt-armllvm_4.0.4.LTS\lib\armv6m-ti-none-eabi\</path>
         <kind>archive</kind>
         <file>libclang_rt.builtins.a</file>
         <name>floatsidf.S.obj</name>
      </input_file>
      <input_file id="fl-12b">
         <path>F:\MCU\11_TI_MSP\CCS_ide\install\ccs\tools\compiler\ti-cgt-armllvm_4.0.4.LTS\lib\armv6m-ti-none-eabi\</path>
         <kind>archive</kind>
         <file>libclang_rt.builtins.a</file>
         <name>floatsisf.S.obj</name>
      </input_file>
      <input_file id="fl-12c">
         <path>F:\MCU\11_TI_MSP\CCS_ide\install\ccs\tools\compiler\ti-cgt-armllvm_4.0.4.LTS\lib\armv6m-ti-none-eabi\</path>
         <kind>archive</kind>
         <file>libclang_rt.builtins.a</file>
         <name>floatunsidf.S.obj</name>
      </input_file>
      <input_file id="fl-12d">
         <path>F:\MCU\11_TI_MSP\CCS_ide\install\ccs\tools\compiler\ti-cgt-armllvm_4.0.4.LTS\lib\armv6m-ti-none-eabi\</path>
         <kind>archive</kind>
         <file>libclang_rt.builtins.a</file>
         <name>floatunsisf.S.obj</name>
      </input_file>
      <input_file id="fl-12e">
         <path>F:\MCU\11_TI_MSP\CCS_ide\install\ccs\tools\compiler\ti-cgt-armllvm_4.0.4.LTS\lib\armv6m-ti-none-eabi\</path>
         <kind>archive</kind>
         <file>libclang_rt.builtins.a</file>
         <name>muldi3.S.obj</name>
      </input_file>
      <input_file id="fl-12f">
         <path>F:\MCU\11_TI_MSP\CCS_ide\install\ccs\tools\compiler\ti-cgt-armllvm_4.0.4.LTS\lib\armv6m-ti-none-eabi\</path>
         <kind>archive</kind>
         <file>libclang_rt.builtins.a</file>
         <name>truncdfsf2.S.obj</name>
      </input_file>
      <input_file id="fl-130">
         <path>F:\MCU\11_TI_MSP\CCS_ide\install\ccs\tools\compiler\ti-cgt-armllvm_4.0.4.LTS\lib\armv6m-ti-none-eabi\</path>
         <kind>archive</kind>
         <file>libclang_rt.builtins.a</file>
         <name>aeabi_dcmp.S.obj</name>
      </input_file>
      <input_file id="fl-131">
         <path>F:\MCU\11_TI_MSP\CCS_ide\install\ccs\tools\compiler\ti-cgt-armllvm_4.0.4.LTS\lib\armv6m-ti-none-eabi\</path>
         <kind>archive</kind>
         <file>libclang_rt.builtins.a</file>
         <name>aeabi_fcmp.S.obj</name>
      </input_file>
      <input_file id="fl-132">
         <path>F:\MCU\11_TI_MSP\CCS_ide\install\ccs\tools\compiler\ti-cgt-armllvm_4.0.4.LTS\lib\armv6m-ti-none-eabi\</path>
         <kind>archive</kind>
         <file>libclang_rt.builtins.a</file>
         <name>aeabi_idivmod.S.obj</name>
      </input_file>
      <input_file id="fl-133">
         <path>F:\MCU\11_TI_MSP\CCS_ide\install\ccs\tools\compiler\ti-cgt-armllvm_4.0.4.LTS\lib\armv6m-ti-none-eabi\</path>
         <kind>archive</kind>
         <file>libclang_rt.builtins.a</file>
         <name>aeabi_ldivmod.S.obj</name>
      </input_file>
      <input_file id="fl-134">
         <path>F:\MCU\11_TI_MSP\CCS_ide\install\ccs\tools\compiler\ti-cgt-armllvm_4.0.4.LTS\lib\armv6m-ti-none-eabi\</path>
         <kind>archive</kind>
         <file>libclang_rt.builtins.a</file>
         <name>aeabi_memcpy.S.obj</name>
      </input_file>
      <input_file id="fl-135">
         <path>F:\MCU\11_TI_MSP\CCS_ide\install\ccs\tools\compiler\ti-cgt-armllvm_4.0.4.LTS\lib\armv6m-ti-none-eabi\</path>
         <kind>archive</kind>
         <file>libclang_rt.builtins.a</file>
         <name>aeabi_memset.S.obj</name>
      </input_file>
      <input_file id="fl-136">
         <path>F:\MCU\11_TI_MSP\CCS_ide\install\ccs\tools\compiler\ti-cgt-armllvm_4.0.4.LTS\lib\armv6m-ti-none-eabi\</path>
         <kind>archive</kind>
         <file>libclang_rt.builtins.a</file>
         <name>aeabi_uidivmod.S.obj</name>
      </input_file>
      <input_file id="fl-137">
         <path>F:\MCU\11_TI_MSP\CCS_ide\install\ccs\tools\compiler\ti-cgt-armllvm_4.0.4.LTS\lib\armv6m-ti-none-eabi\</path>
         <kind>archive</kind>
         <file>libclang_rt.builtins.a</file>
         <name>aeabi_uldivmod.S.obj</name>
      </input_file>
      <input_file id="fl-138">
         <path>F:\MCU\11_TI_MSP\CCS_ide\install\ccs\tools\compiler\ti-cgt-armllvm_4.0.4.LTS\lib\armv6m-ti-none-eabi\</path>
         <kind>archive</kind>
         <file>libclang_rt.builtins.a</file>
         <name>comparesf2.S.obj</name>
      </input_file>
      <input_file id="fl-139">
         <path>F:\MCU\11_TI_MSP\CCS_ide\install\ccs\tools\compiler\ti-cgt-armllvm_4.0.4.LTS\lib\armv6m-ti-none-eabi\</path>
         <kind>archive</kind>
         <file>libclang_rt.builtins.a</file>
         <name>udivmoddi4.S.obj</name>
      </input_file>
      <input_file id="fl-13a">
         <path>F:\MCU\11_TI_MSP\CCS_ide\install\ccs\tools\compiler\ti-cgt-armllvm_4.0.4.LTS\lib\armv6m-ti-none-eabi\</path>
         <kind>archive</kind>
         <file>libclang_rt.builtins.a</file>
         <name>ashldi3.S.obj</name>
      </input_file>
      <input_file id="fl-13b">
         <path>F:\MCU\11_TI_MSP\CCS_ide\install\ccs\tools\compiler\ti-cgt-armllvm_4.0.4.LTS\lib\armv6m-ti-none-eabi\</path>
         <kind>archive</kind>
         <file>libclang_rt.builtins.a</file>
         <name>comparedf2.c.obj</name>
      </input_file>
      <input_file id="fl-13c">
         <path>F:\MCU\11_TI_MSP\CCS_ide\install\ccs\tools\compiler\ti-cgt-armllvm_4.0.4.LTS\lib\armv6m-ti-none-eabi\</path>
         <kind>archive</kind>
         <file>libclang_rt.builtins.a</file>
         <name>divmoddi4.c.obj</name>
      </input_file>
      <input_file id="fl-13d">
         <path>F:\MCU\11_TI_MSP\CCS_ide\install\ccs\tools\compiler\ti-cgt-armllvm_4.0.4.LTS\lib\armv6m-ti-none-eabi\</path>
         <kind>archive</kind>
         <file>libclang_rt.builtins.a</file>
         <name>aeabi_div0.c.obj</name>
      </input_file>
      <input_file id="fl-13e">
         <path>F:\MCU\11_TI_MSP\CCS_ide\install\ccs\tools\compiler\ti-cgt-armllvm_4.0.4.LTS\lib\armv6m-ti-none-eabi\c\</path>
         <kind>archive</kind>
         <file>libc.a</file>
         <name>getdevice.c.obj</name>
      </input_file>
      <input_file id="fl-13f">
         <path>F:\MCU\11_TI_MSP\CCS_ide\install\ccs\tools\compiler\ti-cgt-armllvm_4.0.4.LTS\lib\armv6m-ti-none-eabi\c\</path>
         <kind>archive</kind>
         <file>libc.a</file>
         <name>memcpy16.S.obj</name>
      </input_file>
      <input_file id="fl-140">
         <path>F:\MCU\11_TI_MSP\CCS_ide\install\ccs\tools\compiler\ti-cgt-armllvm_4.0.4.LTS\lib\armv6m-ti-none-eabi\c\</path>
         <kind>archive</kind>
         <file>libc.a</file>
         <name>memset16.S.obj</name>
      </input_file>
      <input_file id="fl-141">
         <path>F:\MCU\11_TI_MSP\CCS_ide\install\ccs\tools\compiler\ti-cgt-armllvm_4.0.4.LTS\lib\armv6m-ti-none-eabi\c\</path>
         <kind>archive</kind>
         <file>libc.a</file>
         <name>strcmp-armv6m.S.obj</name>
      </input_file>
   </input_file_list>
   <object_component_list>
      <object_component id="oc-18">
         <name>.intvecs</name>
         <load_address>0x0</load_address>
         <readonly>true</readonly>
         <run_address>0x0</run_address>
         <size>0xc0</size>
         <alignment>0x4</alignment>
         <input_file_ref idref="fl-d"/>
      </object_component>
      <object_component id="oc-2df">
         <name>.text.BallController_OnMeasurement</name>
         <load_address>0xc0</load_address>
         <readonly>true</readonly>
         <executable>true</executable>
         <run_address>0xc0</run_address>
         <size>0xdac</size>
         <alignment>0x4</alignment>
         <input_file_ref idref="fl-1"/>
      </object_component>
      <object_component id="oc-47c">
         <name>.text:__TI_printfi</name>
         <load_address>0xe6c</load_address>
         <readonly>true</readonly>
         <executable>true</executable>
         <run_address>0xe6c</run_address>
         <size>0x9d0</size>
         <alignment>0x4</alignment>
         <input_file_ref idref="fl-4e"/>
      </object_component>
      <object_component id="oc-378">
         <name>.text.Ball_ControlBSettle</name>
         <load_address>0x183c</load_address>
         <readonly>true</readonly>
         <executable>true</executable>
         <run_address>0x183c</run_address>
         <size>0x8f8</size>
         <alignment>0x4</alignment>
         <input_file_ref idref="fl-1"/>
      </object_component>
      <object_component id="oc-2e9">
         <name>.text.OLED_RenderStatus</name>
         <load_address>0x2134</load_address>
         <readonly>true</readonly>
         <executable>true</executable>
         <run_address>0x2134</run_address>
         <size>0x62c</size>
         <alignment>0x4</alignment>
         <input_file_ref idref="fl-11"/>
      </object_component>
      <object_component id="oc-37a">
         <name>.text.Ball_ControlQuiet</name>
         <load_address>0x2760</load_address>
         <readonly>true</readonly>
         <executable>true</executable>
         <run_address>0x2760</run_address>
         <size>0x588</size>
         <alignment>0x4</alignment>
         <input_file_ref idref="fl-1"/>
      </object_component>
      <object_component id="oc-357">
         <name>.text.Ball_CenterWindowReady</name>
         <load_address>0x2ce8</load_address>
         <readonly>true</readonly>
         <executable>true</executable>
         <run_address>0x2ce8</run_address>
         <size>0x30c</size>
         <alignment>0x4</alignment>
         <input_file_ref idref="fl-1"/>
      </object_component>
      <object_component id="oc-366">
         <name>.text.BallPidBank_Update</name>
         <load_address>0x2ff4</load_address>
         <readonly>true</readonly>
         <executable>true</executable>
         <run_address>0x2ff4</run_address>
         <size>0x2d8</size>
         <alignment>0x4</alignment>
         <input_file_ref idref="fl-4"/>
      </object_component>
      <object_component id="oc-353">
         <name>.text.Ball_Log</name>
         <load_address>0x32cc</load_address>
         <readonly>true</readonly>
         <executable>true</executable>
         <run_address>0x32cc</run_address>
         <size>0x2cc</size>
         <alignment>0x4</alignment>
         <input_file_ref idref="fl-1"/>
      </object_component>
      <object_component id="oc-2ea">
         <name>.text.LogDumpService</name>
         <load_address>0x3598</load_address>
         <readonly>true</readonly>
         <executable>true</executable>
         <run_address>0x3598</run_address>
         <size>0x2cc</size>
         <alignment>0x4</alignment>
         <input_file_ref idref="fl-11"/>
      </object_component>
      <object_component id="oc-2c2">
         <name>.text.OLED_VPrintf</name>
         <load_address>0x3864</load_address>
         <readonly>true</readonly>
         <executable>true</executable>
         <run_address>0x3864</run_address>
         <size>0x2ba</size>
         <alignment>0x2</alignment>
         <input_file_ref idref="fl-19"/>
      </object_component>
      <object_component id="oc-19c">
         <name>.text.PID_Update</name>
         <load_address>0x3b1e</load_address>
         <readonly>true</readonly>
         <executable>true</executable>
         <run_address>0x3b1e</run_address>
         <size>0x288</size>
         <alignment>0x2</alignment>
         <input_file_ref idref="fl-14"/>
      </object_component>
      <object_component id="oc-13f">
         <name>.text.Key_Init</name>
         <load_address>0x3da6</load_address>
         <readonly>true</readonly>
         <executable>true</executable>
         <run_address>0x3da6</run_address>
         <size>0x2</size>
         <alignment>0x2</alignment>
         <input_file_ref idref="fl-17"/>
      </object_component>
      <object_component id="oc-206">
         <name>.text.ModeQ3_Loop</name>
         <load_address>0x3da8</load_address>
         <readonly>true</readonly>
         <executable>true</executable>
         <run_address>0x3da8</run_address>
         <size>0x25c</size>
         <alignment>0x4</alignment>
         <input_file_ref idref="fl-11"/>
      </object_component>
      <object_component id="oc-111">
         <name>.text.Ball_Control_Tick</name>
         <load_address>0x4004</load_address>
         <readonly>true</readonly>
         <executable>true</executable>
         <run_address>0x4004</run_address>
         <size>0x24c</size>
         <alignment>0x4</alignment>
         <input_file_ref idref="fl-13"/>
      </object_component>
      <object_component id="oc-1db">
         <name>.text.SYSCFG_DL_GPIO_init</name>
         <load_address>0x4250</load_address>
         <readonly>true</readonly>
         <executable>true</executable>
         <run_address>0x4250</run_address>
         <size>0x228</size>
         <alignment>0x4</alignment>
         <input_file_ref idref="fl-c"/>
      </object_component>
      <object_component id="oc-497">
         <name>.text._pconv_a</name>
         <load_address>0x4478</load_address>
         <readonly>true</readonly>
         <executable>true</executable>
         <run_address>0x4478</run_address>
         <size>0x220</size>
         <alignment>0x4</alignment>
         <input_file_ref idref="fl-4e"/>
      </object_component>
      <object_component id="oc-fd">
         <name>.text.Ball_Control_Tick</name>
         <load_address>0x4698</load_address>
         <readonly>true</readonly>
         <executable>true</executable>
         <run_address>0x4698</run_address>
         <size>0x20c</size>
         <alignment>0x4</alignment>
         <input_file_ref idref="fl-12"/>
      </object_component>
      <object_component id="oc-11b">
         <name>.text.CurveControlV5_Step5ms</name>
         <load_address>0x48a4</load_address>
         <readonly>true</readonly>
         <executable>true</executable>
         <run_address>0x48a4</run_address>
         <size>0x1fc</size>
         <alignment>0x4</alignment>
         <input_file_ref idref="fl-9"/>
      </object_component>
      <object_component id="oc-24b">
         <name>.text.Curve_PID_Update</name>
         <load_address>0x4aa0</load_address>
         <readonly>true</readonly>
         <executable>true</executable>
         <run_address>0x4aa0</run_address>
         <size>0x1f6</size>
         <alignment>0x2</alignment>
         <input_file_ref idref="fl-a"/>
      </object_component>
      <object_component id="oc-223">
         <name>.text.Q2_PID_Update</name>
         <load_address>0x4c96</load_address>
         <readonly>true</readonly>
         <executable>true</executable>
         <run_address>0x4c96</run_address>
         <size>0x1f6</size>
         <alignment>0x2</alignment>
         <input_file_ref idref="fl-15"/>
      </object_component>
      <object_component id="oc-97">
         <name>.text.ModeQ5_Tick1ms</name>
         <load_address>0x4e8c</load_address>
         <readonly>true</readonly>
         <executable>true</executable>
         <run_address>0x4e8c</run_address>
         <size>0x1f4</size>
         <alignment>0x4</alignment>
         <input_file_ref idref="fl-13"/>
      </object_component>
      <object_component id="oc-92">
         <name>.text.ModeQ4_Tick1ms</name>
         <load_address>0x5080</load_address>
         <readonly>true</readonly>
         <executable>true</executable>
         <run_address>0x5080</run_address>
         <size>0x1f0</size>
         <alignment>0x4</alignment>
         <input_file_ref idref="fl-12"/>
      </object_component>
      <object_component id="oc-498">
         <name>.text._pconv_g</name>
         <load_address>0x5270</load_address>
         <readonly>true</readonly>
         <executable>true</executable>
         <run_address>0x5270</run_address>
         <size>0x1dc</size>
         <alignment>0x4</alignment>
         <input_file_ref idref="fl-4e"/>
      </object_component>
      <object_component id="oc-1b4">
         <name>.text.ModeQ5_UpdatePidGains</name>
         <load_address>0x544c</load_address>
         <readonly>true</readonly>
         <executable>true</executable>
         <run_address>0x544c</run_address>
         <size>0x1d0</size>
         <alignment>0x4</alignment>
         <input_file_ref idref="fl-13"/>
      </object_component>
      <object_component id="oc-108">
         <name>.text.CurveControlV4_Step5ms</name>
         <load_address>0x561c</load_address>
         <readonly>true</readonly>
         <executable>true</executable>
         <run_address>0x561c</run_address>
         <size>0x1c4</size>
         <alignment>0x4</alignment>
         <input_file_ref idref="fl-8"/>
      </object_component>
      <object_component id="oc-e6">
         <name>.text.Q2CurveControl_Step5ms</name>
         <load_address>0x57e0</load_address>
         <readonly>true</readonly>
         <executable>true</executable>
         <run_address>0x57e0</run_address>
         <size>0x1c4</size>
         <alignment>0x4</alignment>
         <input_file_ref idref="fl-7"/>
      </object_component>
      <object_component id="oc-329">
         <name>.text.OLED_PrintNum</name>
         <load_address>0x59a4</load_address>
         <readonly>true</readonly>
         <executable>true</executable>
         <run_address>0x59a4</run_address>
         <size>0x1ac</size>
         <alignment>0x2</alignment>
         <input_file_ref idref="fl-19"/>
      </object_component>
      <object_component id="oc-35a">
         <name>.text.BallEstimator_Add</name>
         <load_address>0x5b50</load_address>
         <readonly>true</readonly>
         <executable>true</executable>
         <run_address>0x5b50</run_address>
         <size>0x194</size>
         <alignment>0x4</alignment>
         <input_file_ref idref="fl-2"/>
      </object_component>
      <object_component id="oc-3d0">
         <name>.text.adddf3_subdf3</name>
         <load_address>0x5ce4</load_address>
         <readonly>true</readonly>
         <executable>true</executable>
         <run_address>0x5ce4</run_address>
         <size>0x192</size>
         <alignment>0x4</alignment>
         <input_file_ref idref="fl-11f"/>
      </object_component>
      <object_component id="oc-cc">
         <name>.text.__aeabi_idiv0</name>
         <load_address>0x5e76</load_address>
         <readonly>true</readonly>
         <executable>true</executable>
         <run_address>0x5e76</run_address>
         <size>0x2</size>
         <alignment>0x2</alignment>
         <input_file_ref idref="fl-13d"/>
      </object_component>
      <object_component id="oc-365">
         <name>.text.Ball_UpdateQuietObserver</name>
         <load_address>0x5e78</load_address>
         <readonly>true</readonly>
         <executable>true</executable>
         <run_address>0x5e78</run_address>
         <size>0x190</size>
         <alignment>0x4</alignment>
         <input_file_ref idref="fl-1"/>
      </object_component>
      <object_component id="oc-32b">
         <name>.text.OLED_PrintFloat</name>
         <load_address>0x6008</load_address>
         <readonly>true</readonly>
         <executable>true</executable>
         <run_address>0x6008</run_address>
         <size>0x174</size>
         <alignment>0x4</alignment>
         <input_file_ref idref="fl-19"/>
      </object_component>
      <object_component id="oc-419">
         <name>.text.Ball_FinishQuietObserve</name>
         <load_address>0x617c</load_address>
         <readonly>true</readonly>
         <executable>true</executable>
         <run_address>0x617c</run_address>
         <size>0x16c</size>
         <alignment>0x4</alignment>
         <input_file_ref idref="fl-1"/>
      </object_component>
      <object_component id="oc-1af">
         <name>.text.CurveControlV4_RunLinePid</name>
         <load_address>0x62e8</load_address>
         <readonly>true</readonly>
         <executable>true</executable>
         <run_address>0x62e8</run_address>
         <size>0x16a</size>
         <alignment>0x2</alignment>
         <input_file_ref idref="fl-8"/>
      </object_component>
      <object_component id="oc-1d2">
         <name>.text.CurveControlV5_RunLinePid</name>
         <load_address>0x6452</load_address>
         <readonly>true</readonly>
         <executable>true</executable>
         <run_address>0x6452</run_address>
         <size>0x16a</size>
         <alignment>0x2</alignment>
         <input_file_ref idref="fl-9"/>
      </object_component>
      <object_component id="oc-17d">
         <name>.text.Q2CurveControl_RunLinePid</name>
         <load_address>0x65bc</load_address>
         <readonly>true</readonly>
         <executable>true</executable>
         <run_address>0x65bc</run_address>
         <size>0x16a</size>
         <alignment>0x2</alignment>
         <input_file_ref idref="fl-7"/>
      </object_component>
      <object_component id="oc-4ca">
         <name>.text.__aeabi_ldiv0</name>
         <load_address>0x6726</load_address>
         <readonly>true</readonly>
         <executable>true</executable>
         <run_address>0x6726</run_address>
         <size>0x2</size>
         <alignment>0x2</alignment>
         <input_file_ref idref="fl-13d"/>
      </object_component>
      <object_component id="oc-35f">
         <name>.text.BallFastEstimator_Add</name>
         <load_address>0x6728</load_address>
         <readonly>true</readonly>
         <executable>true</executable>
         <run_address>0x6728</run_address>
         <size>0x160</size>
         <alignment>0x4</alignment>
         <input_file_ref idref="fl-3"/>
      </object_component>
      <object_component id="oc-88">
         <name>.text.ModeQ2_Tick1ms</name>
         <load_address>0x6888</load_address>
         <readonly>true</readonly>
         <executable>true</executable>
         <run_address>0x6888</run_address>
         <size>0x15c</size>
         <alignment>0x4</alignment>
         <input_file_ref idref="fl-10"/>
      </object_component>
      <object_component id="oc-3cb">
         <name>.text.OLED_ShowChar</name>
         <load_address>0x69e4</load_address>
         <readonly>true</readonly>
         <executable>true</executable>
         <run_address>0x69e4</run_address>
         <size>0x158</size>
         <alignment>0x4</alignment>
         <input_file_ref idref="fl-19"/>
      </object_component>
      <object_component id="oc-405">
         <name>.text.BallQuietObserver_Add</name>
         <load_address>0x6b3c</load_address>
         <readonly>true</readonly>
         <executable>true</executable>
         <run_address>0x6b3c</run_address>
         <size>0x154</size>
         <alignment>0x2</alignment>
         <input_file_ref idref="fl-5"/>
      </object_component>
      <object_component id="oc-3f9">
         <name>.text.BallEstimator_LeastSquaresVelocity</name>
         <load_address>0x6c90</load_address>
         <readonly>true</readonly>
         <executable>true</executable>
         <run_address>0x6c90</run_address>
         <size>0x150</size>
         <alignment>0x4</alignment>
         <input_file_ref idref="fl-2"/>
      </object_component>
      <object_component id="oc-19b">
         <name>.text.ModeQ4_UpdatePidGains</name>
         <load_address>0x6de0</load_address>
         <readonly>true</readonly>
         <executable>true</executable>
         <run_address>0x6de0</run_address>
         <size>0x150</size>
         <alignment>0x4</alignment>
         <input_file_ref idref="fl-12"/>
      </object_component>
      <object_component id="oc-408">
         <name>.text.BallPid_AssignWeights</name>
         <load_address>0x6f30</load_address>
         <readonly>true</readonly>
         <executable>true</executable>
         <run_address>0x6f30</run_address>
         <size>0x14c</size>
         <alignment>0x4</alignment>
         <input_file_ref idref="fl-4"/>
      </object_component>
      <object_component id="oc-3fd">
         <name>.text.BallFast_LeastSquaresVelocity</name>
         <load_address>0x707c</load_address>
         <readonly>true</readonly>
         <executable>true</executable>
         <run_address>0x707c</run_address>
         <size>0x148</size>
         <alignment>0x4</alignment>
         <input_file_ref idref="fl-3"/>
      </object_component>
      <object_component id="oc-34c">
         <name>.text.Ball_ResetMotionHistory</name>
         <load_address>0x71c4</load_address>
         <readonly>true</readonly>
         <executable>true</executable>
         <run_address>0x71c4</run_address>
         <size>0x144</size>
         <alignment>0x4</alignment>
         <input_file_ref idref="fl-1"/>
      </object_component>
      <object_component id="oc-358">
         <name>.text.Ball_StartTaskFromReady</name>
         <load_address>0x7308</load_address>
         <readonly>true</readonly>
         <executable>true</executable>
         <run_address>0x7308</run_address>
         <size>0x140</size>
         <alignment>0x4</alignment>
         <input_file_ref idref="fl-1"/>
      </object_component>
      <object_component id="oc-375">
         <name>.text.Ball_ControlBApproach</name>
         <load_address>0x7448</load_address>
         <readonly>true</readonly>
         <executable>true</executable>
         <run_address>0x7448</run_address>
         <size>0x13c</size>
         <alignment>0x4</alignment>
         <input_file_ref idref="fl-1"/>
      </object_component>
      <object_component id="oc-4c8">
         <name>.text.fcvt</name>
         <load_address>0x7584</load_address>
         <readonly>true</readonly>
         <executable>true</executable>
         <run_address>0x7584</run_address>
         <size>0x13c</size>
         <alignment>0x4</alignment>
         <input_file_ref idref="fl-4e"/>
      </object_component>
      <object_component id="oc-1b5">
         <name>.text.ModeQ5_StartupInertiaBias</name>
         <load_address>0x76c0</load_address>
         <readonly>true</readonly>
         <executable>true</executable>
         <run_address>0x76c0</run_address>
         <size>0x130</size>
         <alignment>0x4</alignment>
         <input_file_ref idref="fl-13"/>
      </object_component>
      <object_component id="oc-49a">
         <name>.text._pconv_e</name>
         <load_address>0x77f0</load_address>
         <readonly>true</readonly>
         <executable>true</executable>
         <run_address>0x77f0</run_address>
         <size>0x120</size>
         <alignment>0x4</alignment>
         <input_file_ref idref="fl-4e"/>
      </object_component>
      <object_component id="oc-3f1">
         <name>.text.Ball_RecordServoTransition</name>
         <load_address>0x7910</load_address>
         <readonly>true</readonly>
         <executable>true</executable>
         <run_address>0x7910</run_address>
         <size>0x11c</size>
         <alignment>0x4</alignment>
         <input_file_ref idref="fl-1"/>
      </object_component>
      <object_component id="oc-364">
         <name>.text.Ball_UpdateBGuardMetrics</name>
         <load_address>0x7a2c</load_address>
         <readonly>true</readonly>
         <executable>true</executable>
         <run_address>0x7a2c</run_address>
         <size>0x11c</size>
         <alignment>0x4</alignment>
         <input_file_ref idref="fl-1"/>
      </object_component>
      <object_component id="oc-412">
         <name>.text.Ball_CompleteAtB</name>
         <load_address>0x7b48</load_address>
         <readonly>true</readonly>
         <executable>true</executable>
         <run_address>0x7b48</run_address>
         <size>0x114</size>
         <alignment>0x4</alignment>
         <input_file_ref idref="fl-1"/>
      </object_component>
      <object_component id="oc-371">
         <name>.text.Ball_EnterDriveB</name>
         <load_address>0x7c5c</load_address>
         <readonly>true</readonly>
         <executable>true</executable>
         <run_address>0x7c5c</run_address>
         <size>0x114</size>
         <alignment>0x4</alignment>
         <input_file_ref idref="fl-1"/>
      </object_component>
      <object_component id="oc-2ce">
         <name>.text.ModeQ5_Init</name>
         <load_address>0x7d70</load_address>
         <readonly>true</readonly>
         <executable>true</executable>
         <run_address>0x7d70</run_address>
         <size>0x114</size>
         <alignment>0x4</alignment>
         <input_file_ref idref="fl-13"/>
      </object_component>
      <object_component id="oc-2f3">
         <name>.text.ModeQ5_RenderOled</name>
         <load_address>0x7e84</load_address>
         <readonly>true</readonly>
         <executable>true</executable>
         <run_address>0x7e84</run_address>
         <size>0x114</size>
         <alignment>0x4</alignment>
         <input_file_ref idref="fl-13"/>
      </object_component>
      <object_component id="oc-4c4">
         <name>.text.__divdf3</name>
         <load_address>0x7f98</load_address>
         <readonly>true</readonly>
         <executable>true</executable>
         <run_address>0x7f98</run_address>
         <size>0x10c</size>
         <alignment>0x4</alignment>
         <input_file_ref idref="fl-124"/>
      </object_component>
      <object_component id="oc-3f8">
         <name>.text.Ball_QuietFlags</name>
         <load_address>0x80a4</load_address>
         <readonly>true</readonly>
         <executable>true</executable>
         <run_address>0x80a4</run_address>
         <size>0x104</size>
         <alignment>0x4</alignment>
         <input_file_ref idref="fl-1"/>
      </object_component>
      <object_component id="oc-286">
         <name>.text.DL_Timer_initFourCCPWMMode</name>
         <load_address>0x81a8</load_address>
         <readonly>true</readonly>
         <executable>true</executable>
         <run_address>0x81a8</run_address>
         <size>0x104</size>
         <alignment>0x4</alignment>
         <input_file_ref idref="fl-2f"/>
      </object_component>
      <object_component id="oc-347">
         <name>.text.ParseSignedDx</name>
         <load_address>0x82ac</load_address>
         <readonly>true</readonly>
         <executable>true</executable>
         <run_address>0x82ac</run_address>
         <size>0x104</size>
         <alignment>0x4</alignment>
         <input_file_ref idref="fl-11"/>
      </object_component>
      <object_component id="oc-103">
         <name>.text.CurveControlV4_PushSample1ms</name>
         <load_address>0x83b0</load_address>
         <readonly>true</readonly>
         <executable>true</executable>
         <run_address>0x83b0</run_address>
         <size>0x102</size>
         <alignment>0x2</alignment>
         <input_file_ref idref="fl-8"/>
      </object_component>
      <object_component id="oc-118">
         <name>.text.CurveControlV5_PushSample1ms</name>
         <load_address>0x84b2</load_address>
         <readonly>true</readonly>
         <executable>true</executable>
         <run_address>0x84b2</run_address>
         <size>0x102</size>
         <alignment>0x2</alignment>
         <input_file_ref idref="fl-9"/>
      </object_component>
      <object_component id="oc-dd">
         <name>.text.Q2CurveControl_PushSample1ms</name>
         <load_address>0x85b4</load_address>
         <readonly>true</readonly>
         <executable>true</executable>
         <run_address>0x85b4</run_address>
         <size>0x102</size>
         <alignment>0x2</alignment>
         <input_file_ref idref="fl-7"/>
      </object_component>
      <object_component id="oc-3ef">
         <name>.text.Ball_ResetQuietRuntime</name>
         <load_address>0x86b8</load_address>
         <readonly>true</readonly>
         <executable>true</executable>
         <run_address>0x86b8</run_address>
         <size>0xfc</size>
         <alignment>0x4</alignment>
         <input_file_ref idref="fl-1"/>
      </object_component>
      <object_component id="oc-290">
         <name>.text.DL_Timer_initTimerMode</name>
         <load_address>0x87b4</load_address>
         <readonly>true</readonly>
         <executable>true</executable>
         <run_address>0x87b4</run_address>
         <size>0xfc</size>
         <alignment>0x4</alignment>
         <input_file_ref idref="fl-2f"/>
      </object_component>
      <object_component id="oc-41c">
         <name>.text.Ball_StartQuietPulse</name>
         <load_address>0x88b0</load_address>
         <readonly>true</readonly>
         <executable>true</executable>
         <run_address>0x88b0</run_address>
         <size>0xf8</size>
         <alignment>0x4</alignment>
         <input_file_ref idref="fl-1"/>
      </object_component>
      <object_component id="oc-137">
         <name>.text.OLED_Init</name>
         <load_address>0x89a8</load_address>
         <readonly>true</readonly>
         <executable>true</executable>
         <run_address>0x89a8</run_address>
         <size>0xf8</size>
         <alignment>0x2</alignment>
         <input_file_ref idref="fl-19"/>
      </object_component>
      <object_component id="oc-2f0">
         <name>.text.ModeQ4_RenderOled</name>
         <load_address>0x8aa0</load_address>
         <readonly>true</readonly>
         <executable>true</executable>
         <run_address>0x8aa0</run_address>
         <size>0xf4</size>
         <alignment>0x4</alignment>
         <input_file_ref idref="fl-12"/>
      </object_component>
      <object_component id="oc-187">
         <name>.text.ModeQ4_ParseDx</name>
         <load_address>0x8b94</load_address>
         <readonly>true</readonly>
         <executable>true</executable>
         <run_address>0x8b94</run_address>
         <size>0xf0</size>
         <alignment>0x4</alignment>
         <input_file_ref idref="fl-12"/>
      </object_component>
      <object_component id="oc-1b0">
         <name>.text.ModeQ5_ParseDx</name>
         <load_address>0x8c84</load_address>
         <readonly>true</readonly>
         <executable>true</executable>
         <run_address>0x8c84</run_address>
         <size>0xf0</size>
         <alignment>0x4</alignment>
         <input_file_ref idref="fl-13"/>
      </object_component>
      <object_component id="oc-3e">
         <name>.text.UART0_IRQHandler</name>
         <load_address>0x8d74</load_address>
         <readonly>true</readonly>
         <executable>true</executable>
         <run_address>0x8d74</run_address>
         <size>0xf0</size>
         <alignment>0x4</alignment>
         <input_file_ref idref="fl-1b"/>
      </object_component>
      <object_component id="oc-346">
         <name>.text.UART_TakeLatestPacket</name>
         <load_address>0x8e64</load_address>
         <readonly>true</readonly>
         <executable>true</executable>
         <run_address>0x8e64</run_address>
         <size>0xf0</size>
         <alignment>0x4</alignment>
         <input_file_ref idref="fl-1b"/>
      </object_component>
      <object_component id="oc-27f">
         <name>.text.SYSCFG_DL_SYSCTL_SYSPLL_init</name>
         <load_address>0x8f54</load_address>
         <readonly>true</readonly>
         <executable>true</executable>
         <run_address>0x8f54</run_address>
         <size>0xe8</size>
         <alignment>0x4</alignment>
         <input_file_ref idref="fl-c"/>
      </object_component>
      <object_component id="oc-382">
         <name>.text.BallController_StateShort</name>
         <load_address>0x903c</load_address>
         <readonly>true</readonly>
         <executable>true</executable>
         <run_address>0x903c</run_address>
         <size>0xe4</size>
         <alignment>0x4</alignment>
         <input_file_ref idref="fl-1"/>
      </object_component>
      <object_component id="oc-2d1">
         <name>.text.ModeQ2_RenderOled</name>
         <load_address>0x9120</load_address>
         <readonly>true</readonly>
         <executable>true</executable>
         <run_address>0x9120</run_address>
         <size>0xe4</size>
         <alignment>0x4</alignment>
         <input_file_ref idref="fl-10"/>
      </object_component>
      <object_component id="oc-3d4">
         <name>.text.__muldf3</name>
         <load_address>0x9204</load_address>
         <readonly>true</readonly>
         <executable>true</executable>
         <run_address>0x9204</run_address>
         <size>0xe4</size>
         <alignment>0x4</alignment>
         <input_file_ref idref="fl-120"/>
      </object_component>
      <object_component id="oc-417">
         <name>.text.Ball_ExitQuiet</name>
         <load_address>0x92e8</load_address>
         <readonly>true</readonly>
         <executable>true</executable>
         <run_address>0x92e8</run_address>
         <size>0xe0</size>
         <alignment>0x4</alignment>
         <input_file_ref idref="fl-1"/>
      </object_component>
      <object_component id="oc-36e">
         <name>.text.Ball_HandleATurn</name>
         <load_address>0x93c8</load_address>
         <readonly>true</readonly>
         <executable>true</executable>
         <run_address>0x93c8</run_address>
         <size>0xe0</size>
         <alignment>0x4</alignment>
         <input_file_ref idref="fl-1"/>
      </object_component>
      <object_component id="oc-2cc">
         <name>.text.ModeQ4_Init</name>
         <load_address>0x94a8</load_address>
         <readonly>true</readonly>
         <executable>true</executable>
         <run_address>0x94a8</run_address>
         <size>0xe0</size>
         <alignment>0x4</alignment>
         <input_file_ref idref="fl-12"/>
      </object_component>
      <object_component id="oc-411">
         <name>.text.Ball_UpdateSettleFastSign</name>
         <load_address>0x9588</load_address>
         <readonly>true</readonly>
         <executable>true</executable>
         <run_address>0x9588</run_address>
         <size>0xdc</size>
         <alignment>0x4</alignment>
         <input_file_ref idref="fl-1"/>
      </object_component>
      <object_component id="oc-27e">
         <name>.text.DL_SYSCTL_configSYSPLL</name>
         <load_address>0x9664</load_address>
         <readonly>true</readonly>
         <executable>true</executable>
         <run_address>0x9664</run_address>
         <size>0xdc</size>
         <alignment>0x4</alignment>
         <input_file_ref idref="fl-31"/>
      </object_component>
      <object_component id="oc-41d">
         <name>.text.Ball_EnterQuiet</name>
         <load_address>0x9740</load_address>
         <readonly>true</readonly>
         <executable>true</executable>
         <run_address>0x9740</run_address>
         <size>0xd8</size>
         <alignment>0x4</alignment>
         <input_file_ref idref="fl-1"/>
      </object_component>
      <object_component id="oc-36a">
         <name>.text.Ball_UpdateBudgetFlags</name>
         <load_address>0x9818</load_address>
         <readonly>true</readonly>
         <executable>true</executable>
         <run_address>0x9818</run_address>
         <size>0xd8</size>
         <alignment>0x4</alignment>
         <input_file_ref idref="fl-1"/>
      </object_component>
      <object_component id="oc-4af">
         <name>.text.scalbn</name>
         <load_address>0x98f0</load_address>
         <readonly>true</readonly>
         <executable>true</executable>
         <run_address>0x98f0</run_address>
         <size>0xd8</size>
         <alignment>0x4</alignment>
         <input_file_ref idref="fl-66"/>
      </object_component>
      <object_component id="oc-190">
         <name>.text</name>
         <load_address>0x99c8</load_address>
         <readonly>true</readonly>
         <executable>true</executable>
         <run_address>0x99c8</run_address>
         <size>0xd8</size>
         <alignment>0x4</alignment>
         <input_file_ref idref="fl-11e"/>
      </object_component>
      <object_component id="oc-af">
         <name>.text.main</name>
         <load_address>0x9aa0</load_address>
         <readonly>true</readonly>
         <executable>true</executable>
         <run_address>0x9aa0</run_address>
         <size>0xd4</size>
         <alignment>0x4</alignment>
         <input_file_ref idref="fl-f"/>
      </object_component>
      <object_component id="oc-356">
         <name>.text.Ball_CenterWindowPush</name>
         <load_address>0x9b74</load_address>
         <readonly>true</readonly>
         <executable>true</executable>
         <run_address>0x9b74</run_address>
         <size>0xd0</size>
         <alignment>0x2</alignment>
         <input_file_ref idref="fl-1"/>
      </object_component>
      <object_component id="oc-2dc">
         <name>.text.BallController_OnVisionFault</name>
         <load_address>0x9c44</load_address>
         <readonly>true</readonly>
         <executable>true</executable>
         <run_address>0x9c44</run_address>
         <size>0xc8</size>
         <alignment>0x2</alignment>
         <input_file_ref idref="fl-1"/>
      </object_component>
      <object_component id="oc-368">
         <name>.text.Ball_UpdateBDiagnostics</name>
         <load_address>0x9d0c</load_address>
         <readonly>true</readonly>
         <executable>true</executable>
         <run_address>0x9d0c</run_address>
         <size>0xc8</size>
         <alignment>0x4</alignment>
         <input_file_ref idref="fl-1"/>
      </object_component>
      <object_component id="oc-2ca">
         <name>.text.ModeQ3_Init</name>
         <load_address>0x9dd4</load_address>
         <readonly>true</readonly>
         <executable>true</executable>
         <run_address>0x9dd4</run_address>
         <size>0xc4</size>
         <alignment>0x4</alignment>
         <input_file_ref idref="fl-11"/>
      </object_component>
      <object_component id="oc-39">
         <name>.text.GROUP1_IRQHandler</name>
         <load_address>0x9e98</load_address>
         <readonly>true</readonly>
         <executable>true</executable>
         <run_address>0x9e98</run_address>
         <size>0xc0</size>
         <alignment>0x4</alignment>
         <input_file_ref idref="fl-16"/>
      </object_component>
      <object_component id="oc-76">
         <name>.text.UART_PublishRxPacket</name>
         <load_address>0x9f58</load_address>
         <readonly>true</readonly>
         <executable>true</executable>
         <run_address>0x9f58</run_address>
         <size>0xbc</size>
         <alignment>0x4</alignment>
         <input_file_ref idref="fl-1b"/>
      </object_component>
      <object_component id="oc-24a">
         <name>.text.CurveControlV4_SelectBasePwm</name>
         <load_address>0xa014</load_address>
         <readonly>true</readonly>
         <executable>true</executable>
         <run_address>0xa014</run_address>
         <size>0xb4</size>
         <alignment>0x4</alignment>
         <input_file_ref idref="fl-8"/>
      </object_component>
      <object_component id="oc-257">
         <name>.text.CurveControlV5_SelectBasePwm</name>
         <load_address>0xa0c8</load_address>
         <readonly>true</readonly>
         <executable>true</executable>
         <run_address>0xa0c8</run_address>
         <size>0xb4</size>
         <alignment>0x4</alignment>
         <input_file_ref idref="fl-9"/>
      </object_component>
      <object_component id="oc-2c6">
         <name>.text.ModeQ5_Stop</name>
         <load_address>0xa17c</load_address>
         <readonly>true</readonly>
         <executable>true</executable>
         <run_address>0xa17c</run_address>
         <size>0xb4</size>
         <alignment>0x4</alignment>
         <input_file_ref idref="fl-13"/>
      </object_component>
      <object_component id="oc-222">
         <name>.text.Q2CurveControl_SelectBasePwm</name>
         <load_address>0xa230</load_address>
         <readonly>true</readonly>
         <executable>true</executable>
         <run_address>0xa230</run_address>
         <size>0xb4</size>
         <alignment>0x4</alignment>
         <input_file_ref idref="fl-7"/>
      </object_component>
      <object_component id="oc-32c">
         <name>.text.BallController_RequestAbort</name>
         <load_address>0xa2e4</load_address>
         <readonly>true</readonly>
         <executable>true</executable>
         <run_address>0xa2e4</run_address>
         <size>0xa4</size>
         <alignment>0x4</alignment>
         <input_file_ref idref="fl-1"/>
      </object_component>
      <object_component id="oc-386">
         <name>.text.BallController_SettleModeShort</name>
         <load_address>0xa388</load_address>
         <readonly>true</readonly>
         <executable>true</executable>
         <run_address>0xa388</run_address>
         <size>0xa4</size>
         <alignment>0x4</alignment>
         <input_file_ref idref="fl-1"/>
      </object_component>
      <object_component id="oc-410">
         <name>.text.Ball_UpdateSettleMotion</name>
         <load_address>0xa42c</load_address>
         <readonly>true</readonly>
         <executable>true</executable>
         <run_address>0xa42c</run_address>
         <size>0xa4</size>
         <alignment>0x4</alignment>
         <input_file_ref idref="fl-1"/>
      </object_component>
      <object_component id="oc-11a">
         <name>.text.CurveControlV5_Start</name>
         <load_address>0xa4d0</load_address>
         <readonly>true</readonly>
         <executable>true</executable>
         <run_address>0xa4d0</run_address>
         <size>0xa4</size>
         <alignment>0x2</alignment>
         <input_file_ref idref="fl-9"/>
      </object_component>
      <object_component id="oc-2bb">
         <name>.text.OLED_RefreshStep</name>
         <load_address>0xa574</load_address>
         <readonly>true</readonly>
         <executable>true</executable>
         <run_address>0xa574</run_address>
         <size>0xa4</size>
         <alignment>0x4</alignment>
         <input_file_ref idref="fl-19"/>
      </object_component>
      <object_component id="oc-43">
         <name>.text.TIMA0_IRQHandler</name>
         <load_address>0xa618</load_address>
         <readonly>true</readonly>
         <executable>true</executable>
         <run_address>0xa618</run_address>
         <size>0xa4</size>
         <alignment>0x4</alignment>
         <input_file_ref idref="fl-f"/>
      </object_component>
      <object_component id="oc-4a6">
         <name>.text</name>
         <load_address>0xa6bc</load_address>
         <readonly>true</readonly>
         <executable>true</executable>
         <run_address>0xa6bc</run_address>
         <size>0xa2</size>
         <alignment>0x4</alignment>
         <input_file_ref idref="fl-139"/>
      </object_component>
      <object_component id="oc-107">
         <name>.text.CurveControlV4_Start</name>
         <load_address>0xa75e</load_address>
         <readonly>true</readonly>
         <executable>true</executable>
         <run_address>0xa75e</run_address>
         <size>0xa0</size>
         <alignment>0x2</alignment>
         <input_file_ref idref="fl-8"/>
      </object_component>
      <object_component id="oc-e4">
         <name>.text.Q2CurveControl_Start</name>
         <load_address>0xa7fe</load_address>
         <readonly>true</readonly>
         <executable>true</executable>
         <run_address>0xa7fe</run_address>
         <size>0xa0</size>
         <alignment>0x2</alignment>
         <input_file_ref idref="fl-7"/>
      </object_component>
      <object_component id="oc-1da">
         <name>.text.SYSCFG_DL_initPower</name>
         <load_address>0xa8a0</load_address>
         <readonly>true</readonly>
         <executable>true</executable>
         <run_address>0xa8a0</run_address>
         <size>0xa0</size>
         <alignment>0x4</alignment>
         <input_file_ref idref="fl-c"/>
      </object_component>
      <object_component id="oc-401">
         <name>.text.sqrtf</name>
         <load_address>0xa940</load_address>
         <readonly>true</readonly>
         <executable>true</executable>
         <run_address>0xa940</run_address>
         <size>0xa0</size>
         <alignment>0x4</alignment>
         <input_file_ref idref="fl-4c"/>
      </object_component>
      <object_component id="oc-414">
         <name>.text.Ball_StartSettlePulse</name>
         <load_address>0xa9e0</load_address>
         <readonly>true</readonly>
         <executable>true</executable>
         <run_address>0xa9e0</run_address>
         <size>0x9c</size>
         <alignment>0x4</alignment>
         <input_file_ref idref="fl-1"/>
      </object_component>
      <object_component id="oc-40d">
         <name>.text.Ball_GetBrakeReason</name>
         <load_address>0xaa7c</load_address>
         <readonly>true</readonly>
         <executable>true</executable>
         <run_address>0xaa7c</run_address>
         <size>0x98</size>
         <alignment>0x4</alignment>
         <input_file_ref idref="fl-1"/>
      </object_component>
      <object_component id="oc-248">
         <name>.text.CurveControlV4_ErrorMmQ8</name>
         <load_address>0xab14</load_address>
         <readonly>true</readonly>
         <executable>true</executable>
         <run_address>0xab14</run_address>
         <size>0x98</size>
         <alignment>0x4</alignment>
         <input_file_ref idref="fl-8"/>
      </object_component>
      <object_component id="oc-255">
         <name>.text.CurveControlV5_ErrorMmQ8</name>
         <load_address>0xabac</load_address>
         <readonly>true</readonly>
         <executable>true</executable>
         <run_address>0xabac</run_address>
         <size>0x98</size>
         <alignment>0x4</alignment>
         <input_file_ref idref="fl-9"/>
      </object_component>
      <object_component id="oc-220">
         <name>.text.Q2CurveControl_ErrorMmQ8</name>
         <load_address>0xac44</load_address>
         <readonly>true</readonly>
         <executable>true</executable>
         <run_address>0xac44</run_address>
         <size>0x98</size>
         <alignment>0x4</alignment>
         <input_file_ref idref="fl-7"/>
      </object_component>
      <object_component id="oc-33e">
         <name>.text.CurveControlV5_Init</name>
         <load_address>0xacdc</load_address>
         <readonly>true</readonly>
         <executable>true</executable>
         <run_address>0xacdc</run_address>
         <size>0x96</size>
         <alignment>0x2</alignment>
         <input_file_ref idref="fl-9"/>
      </object_component>
      <object_component id="oc-46a">
         <name>.text.BallQuiet_Sort</name>
         <load_address>0xad72</load_address>
         <readonly>true</readonly>
         <executable>true</executable>
         <run_address>0xad72</run_address>
         <size>0x94</size>
         <alignment>0x2</alignment>
         <input_file_ref idref="fl-5"/>
      </object_component>
      <object_component id="oc-416">
         <name>.text.Ball_QuietOutwardPrediction</name>
         <load_address>0xae08</load_address>
[...]
      </symbol>
      <symbol id="sm-7f1">
         <name>__TI_ATRegion2_region_sz</name>
         <value>0x0</value>
      </symbol>
      <symbol id="sm-7fa">
         <name>DL_Common_delayCycles</name>
         <value>0x10011</value>
         <object_component_ref idref="oc-263"/>
      </symbol>
      <symbol id="sm-806">
         <name>DL_I2C_setClockConfig</name>
         <value>0xf56f</value>
         <object_component_ref idref="oc-294"/>
      </symbol>
      <symbol id="sm-807">
         <name>DL_I2C_fillControllerTXFIFO</name>
         <value>0xd051</value>
         <object_component_ref idref="oc-2b6"/>
      </symbol>
      <symbol id="sm-823">
         <name>DL_Timer_setClockConfig</name>
         <value>0xf93d</value>
         <object_component_ref idref="oc-285"/>
      </symbol>
      <symbol id="sm-824">
         <name>DL_Timer_initTimerMode</name>
         <value>0x87b5</value>
         <object_component_ref idref="oc-290"/>
      </symbol>
      <symbol id="sm-825">
         <name>DL_Timer_setCaptureCompareValue</name>
         <value>0xff25</value>
         <object_component_ref idref="oc-181"/>
      </symbol>
      <symbol id="sm-826">
         <name>DL_Timer_setCaptCompUpdateMethod</name>
         <value>0xf921</value>
         <object_component_ref idref="oc-289"/>
      </symbol>
      <symbol id="sm-827">
         <name>DL_Timer_setCaptureCompareOutCtl</name>
         <value>0xfb79</value>
         <object_component_ref idref="oc-288"/>
      </symbol>
      <symbol id="sm-828">
         <name>DL_Timer_initFourCCPWMMode</name>
         <value>0x81a9</value>
         <object_component_ref idref="oc-286"/>
      </symbol>
      <symbol id="sm-838">
         <name>DL_UART_init</name>
         <value>0xdecd</value>
         <object_component_ref idref="oc-2ab"/>
      </symbol>
      <symbol id="sm-839">
         <name>DL_UART_setClockConfig</name>
         <value>0xfe4f</value>
         <object_component_ref idref="oc-2a5"/>
      </symbol>
      <symbol id="sm-83a">
         <name>DL_UART_transmitDataBlocking</name>
         <value>0xefcd</value>
         <object_component_ref idref="oc-470"/>
      </symbol>
      <symbol id="sm-84e">
         <name>DL_SYSCTL_configSYSPLL</name>
         <value>0x9665</value>
         <object_component_ref idref="oc-27e"/>
      </symbol>
      <symbol id="sm-84f">
         <name>DL_SYSCTL_switchMCLKfromSYSOSCtoHSCLK</name>
         <value>0xe1dd</value>
         <object_component_ref idref="oc-283"/>
      </symbol>
      <symbol id="sm-850">
         <name>DL_SYSCTL_setHFCLKSourceHFXTParams</name>
         <value>0xcc7d</value>
         <object_component_ref idref="oc-278"/>
      </symbol>
      <symbol id="sm-851">
         <name>DL_SYSCTL_configFCC</name>
         <value>0xf895</value>
         <object_component_ref idref="oc-316"/>
      </symbol>
      <symbol id="sm-85f">
         <name>sqrtf</name>
         <value>0xa941</value>
         <object_component_ref idref="oc-401"/>
      </symbol>
      <symbol id="sm-8a9">
         <name>__TI_printfi</name>
         <value>0xe6d</value>
         <object_component_ref idref="oc-47c"/>
      </symbol>
      <symbol id="sm-8ba">
         <name>vsprintf</name>
         <value>0xf389</value>
         <object_component_ref idref="oc-440"/>
      </symbol>
      <symbol id="sm-8c8">
         <name>__aeabi_errno_addr</name>
         <value>0x10049</value>
         <object_component_ref idref="oc-462"/>
      </symbol>
      <symbol id="sm-8c9">
         <name>__aeabi_errno</name>
         <value>0x2020442c</value>
         <object_component_ref idref="oc-471"/>
      </symbol>
      <symbol id="sm-8d3">
         <name>abort</name>
         <value>0x10059</value>
         <object_component_ref idref="oc-14d"/>
      </symbol>
      <symbol id="sm-8dd">
         <name>__TI_ltoa</name>
         <value>0xd5f5</value>
         <object_component_ref idref="oc-4b7"/>
      </symbol>
      <symbol id="sm-8e8">
         <name>atoi</name>
         <value>0xe68d</value>
         <object_component_ref idref="oc-486"/>
      </symbol>
      <symbol id="sm-8f2">
         <name>memccpy</name>
         <value>0xf6d5</value>
         <object_component_ref idref="oc-47f"/>
      </symbol>
      <symbol id="sm-8ff">
         <name>_c_int00_noargs</name>
         <value>0xf521</value>
         <object_component_ref idref="oc-63"/>
      </symbol>
      <symbol id="sm-900">
         <name>__stack</name>
         <value>0x20207e00</value>
         <object_component_ref idref="oc-1a"/>
      </symbol>
      <symbol id="sm-90f">
         <name>__TI_auto_init_nobinit_nopinit</name>
         <value>0xe9a5</value>
         <object_component_ref idref="oc-154"/>
      </symbol>
      <symbol id="sm-917">
         <name>_system_pre_init</name>
         <value>0x1007d</value>
         <object_component_ref idref="oc-ab"/>
      </symbol>
      <symbol id="sm-922">
         <name>__TI_zero_init</name>
         <value>0xff65</value>
         <object_component_ref idref="oc-60"/>
      </symbol>
      <symbol id="sm-92b">
         <name>__TI_decompress_none</name>
         <value>0xfe73</value>
         <object_component_ref idref="oc-20"/>
      </symbol>
      <symbol id="sm-936">
         <name>__TI_decompress_lzss</name>
         <value>0xc135</value>
         <object_component_ref idref="oc-1c"/>
      </symbol>
      <symbol id="sm-940">
         <name>frexp</name>
         <value>0xd2d9</value>
         <object_component_ref idref="oc-4ab"/>
      </symbol>
      <symbol id="sm-941">
         <name>frexpl</name>
         <value>0xd2d9</value>
         <object_component_ref idref="oc-4ab"/>
      </symbol>
      <symbol id="sm-94b">
         <name>scalbn</name>
         <value>0x98f1</value>
         <object_component_ref idref="oc-4af"/>
      </symbol>
      <symbol id="sm-94c">
         <name>ldexp</name>
         <value>0x98f1</value>
         <object_component_ref idref="oc-4af"/>
      </symbol>
      <symbol id="sm-94d">
         <name>scalbnl</name>
         <value>0x98f1</value>
         <object_component_ref idref="oc-4af"/>
      </symbol>
      <symbol id="sm-94e">
         <name>ldexpl</name>
         <value>0x98f1</value>
         <object_component_ref idref="oc-4af"/>
      </symbol>
      <symbol id="sm-957">
         <name>wcslen</name>
         <value>0xff55</value>
         <object_component_ref idref="oc-48a"/>
      </symbol>
      <symbol id="sm-95c">
         <name>__aeabi_ctype_table_</name>
         <value>0x11970</value>
         <object_component_ref idref="oc-49e"/>
      </symbol>
      <symbol id="sm-95d">
         <name>__aeabi_ctype_table_C</name>
         <value>0x11970</value>
         <object_component_ref idref="oc-49e"/>
      </symbol>
      <symbol id="sm-967">
         <name>HOSTexit</name>
         <value>0x10063</value>
         <object_component_ref idref="oc-209"/>
      </symbol>
      <symbol id="sm-968">
         <name>C$$EXIT</name>
         <value>0x10062</value>
         <object_component_ref idref="oc-209"/>
      </symbol>
      <symbol id="sm-97d">
         <name>__aeabi_fadd</name>
         <value>0x99d3</value>
         <object_component_ref idref="oc-190"/>
      </symbol>
      <symbol id="sm-97e">
         <name>__addsf3</name>
         <value>0x99d3</value>
         <object_component_ref idref="oc-190"/>
      </symbol>
      <symbol id="sm-97f">
         <name>__aeabi_fsub</name>
         <value>0x99c9</value>
         <object_component_ref idref="oc-190"/>
      </symbol>
      <symbol id="sm-980">
         <name>__subsf3</name>
         <value>0x99c9</value>
         <object_component_ref idref="oc-190"/>
      </symbol>
      <symbol id="sm-986">
         <name>__aeabi_dadd</name>
         <value>0x5cef</value>
         <object_component_ref idref="oc-3d0"/>
      </symbol>
      <symbol id="sm-987">
         <name>__adddf3</name>
         <value>0x5cef</value>
         <object_component_ref idref="oc-3d0"/>
      </symbol>
      <symbol id="sm-988">
         <name>__aeabi_dsub</name>
         <value>0x5ce5</value>
         <object_component_ref idref="oc-3d0"/>
      </symbol>
      <symbol id="sm-989">
         <name>__subdf3</name>
         <value>0x5ce5</value>
         <object_component_ref idref="oc-3d0"/>
      </symbol>
      <symbol id="sm-992">
         <name>__aeabi_dmul</name>
         <value>0x9205</value>
         <object_component_ref idref="oc-3d4"/>
      </symbol>
      <symbol id="sm-993">
         <name>__muldf3</name>
         <value>0x9205</value>
         <object_component_ref idref="oc-3d4"/>
      </symbol>
      <symbol id="sm-999">
         <name>__muldsi3</name>
         <value>0xeb41</value>
         <object_component_ref idref="oc-23a"/>
      </symbol>
      <symbol id="sm-99f">
         <name>__aeabi_fmul</name>
         <value>0xb5f1</value>
         <object_component_ref idref="oc-196"/>
      </symbol>
      <symbol id="sm-9a0">
         <name>__mulsf3</name>
         <value>0xb5f1</value>
         <object_component_ref idref="oc-196"/>
      </symbol>
      <symbol id="sm-9a6">
         <name>__aeabi_fdiv</name>
         <value>0xbcc1</value>
         <object_component_ref idref="oc-1c2"/>
      </symbol>
      <symbol id="sm-9a7">
         <name>__divsf3</name>
         <value>0xbcc1</value>
         <object_component_ref idref="oc-1c2"/>
      </symbol>
      <symbol id="sm-9ad">
         <name>__aeabi_ddiv</name>
         <value>0x7f99</value>
         <object_component_ref idref="oc-4c4"/>
      </symbol>
      <symbol id="sm-9ae">
         <name>__divdf3</name>
         <value>0x7f99</value>
         <object_component_ref idref="oc-4c4"/>
      </symbol>
      <symbol id="sm-9b4">
         <name>__aeabi_d2iz</name>
         <value>0xdda9</value>
         <object_component_ref idref="oc-4b3"/>
      </symbol>
      <symbol id="sm-9b5">
         <name>__fixdfsi</name>
         <value>0xdda9</value>
         <object_component_ref idref="oc-4b3"/>
      </symbol>
      <symbol id="sm-9bb">
         <name>__aeabi_f2iz</name>
         <value>0xec95</value>
         <object_component_ref idref="oc-224"/>
      </symbol>
      <symbol id="sm-9bc">
         <name>__fixsfsi</name>
         <value>0xec95</value>
         <object_component_ref idref="oc-224"/>
      </symbol>
      <symbol id="sm-9c2">
         <name>__aeabi_d2uiz</name>
         <value>0xe509</value>
         <object_component_ref idref="oc-3cc"/>
      </symbol>
      <symbol id="sm-9c3">
         <name>__fixunsdfsi</name>
         <value>0xe509</value>
         <object_component_ref idref="oc-3cc"/>
      </symbol>
      <symbol id="sm-9c9">
         <name>__aeabi_f2uiz</name>
         <value>0xef09</value>
         <object_component_ref idref="oc-1f6"/>
      </symbol>
      <symbol id="sm-9ca">
         <name>__fixunssfsi</name>
         <value>0xef09</value>
         <object_component_ref idref="oc-1f6"/>
      </symbol>
      <symbol id="sm-9d0">
         <name>__aeabi_i2d</name>
         <value>0xf35d</value>
         <object_component_ref idref="oc-4bb"/>
      </symbol>
      <symbol id="sm-9d1">
         <name>__floatsidf</name>
         <value>0xf35d</value>
         <object_component_ref idref="oc-4bb"/>
      </symbol>
      <symbol id="sm-9d7">
         <name>__aeabi_i2f</name>
         <value>0xe92d</value>
         <object_component_ref idref="oc-188"/>
      </symbol>
      <symbol id="sm-9d8">
         <name>__floatsisf</name>
         <value>0xe92d</value>
         <object_component_ref idref="oc-188"/>
      </symbol>
      <symbol id="sm-9de">
         <name>__aeabi_ui2d</name>
         <value>0xf649</value>
         <object_component_ref idref="oc-31a"/>
      </symbol>
      <symbol id="sm-9df">
         <name>__floatunsidf</name>
         <value>0xf649</value>
         <object_component_ref idref="oc-31a"/>
      </symbol>
      <symbol id="sm-9e5">
         <name>__aeabi_ui2f</name>
         <value>0xf4f9</value>
         <object_component_ref idref="oc-1be"/>
      </symbol>
      <symbol id="sm-9e6">
         <name>__floatunsisf</name>
         <value>0xf4f9</value>
         <object_component_ref idref="oc-1be"/>
      </symbol>
      <symbol id="sm-9ec">
         <name>__aeabi_lmul</name>
         <value>0xf66d</value>
         <object_component_ref idref="oc-48e"/>
      </symbol>
      <symbol id="sm-9ed">
         <name>__muldi3</name>
         <value>0xf66d</value>
         <object_component_ref idref="oc-48e"/>
      </symbol>
      <symbol id="sm-9f3">
         <name>__aeabi_dcmpeq</name>
         <value>0xcda9</value>
         <object_component_ref idref="oc-31e"/>
      </symbol>
      <symbol id="sm-9f4">
         <name>__aeabi_dcmplt</name>
         <value>0xcdbd</value>
         <object_component_ref idref="oc-31e"/>
      </symbol>
      <symbol id="sm-9f5">
         <name>__aeabi_dcmple</name>
         <value>0xcdd1</value>
         <object_component_ref idref="oc-31e"/>
      </symbol>
      <symbol id="sm-9f6">
         <name>__aeabi_dcmpge</name>
         <value>0xcde5</value>
         <object_component_ref idref="oc-31e"/>
      </symbol>
      <symbol id="sm-9f7">
         <name>__aeabi_dcmpgt</name>
         <value>0xcdf9</value>
         <object_component_ref idref="oc-31e"/>
      </symbol>
      <symbol id="sm-9fd">
         <name>__aeabi_fcmpeq</name>
         <value>0xce0d</value>
         <object_component_ref idref="oc-18c"/>
      </symbol>
      <symbol id="sm-9fe">
         <name>__aeabi_fcmplt</name>
         <value>0xce21</value>
         <object_component_ref idref="oc-18c"/>
      </symbol>
      <symbol id="sm-9ff">
         <name>__aeabi_fcmple</name>
         <value>0xce35</value>
         <object_component_ref idref="oc-18c"/>
      </symbol>
      <symbol id="sm-a00">
         <name>__aeabi_fcmpge</name>
         <value>0xce49</value>
         <object_component_ref idref="oc-18c"/>
      </symbol>
      <symbol id="sm-a01">
         <name>__aeabi_fcmpgt</name>
         <value>0xce5d</value>
         <object_component_ref idref="oc-18c"/>
      </symbol>
      <symbol id="sm-a07">
         <name>__aeabi_idiv</name>
         <value>0xd6a5</value>
         <object_component_ref idref="oc-229"/>
      </symbol>
      <symbol id="sm-a08">
         <name>__aeabi_idivmod</name>
         <value>0xd6a5</value>
         <object_component_ref idref="oc-229"/>
      </symbol>
      <symbol id="sm-a0e">
         <name>__aeabi_memcpy</name>
         <value>0x10051</value>
         <object_component_ref idref="oc-53"/>
      </symbol>
      <symbol id="sm-a0f">
         <name>__aeabi_memcpy4</name>
         <value>0x10051</value>
         <object_component_ref idref="oc-53"/>
      </symbol>
      <symbol id="sm-a10">
         <name>__aeabi_memcpy8</name>
         <value>0x10051</value>
         <object_component_ref idref="oc-53"/>
      </symbol>
      <symbol id="sm-a19">
         <name>__aeabi_memset</name>
         <value>0xff91</value>
         <object_component_ref idref="oc-47e"/>
      </symbol>
      <symbol id="sm-a1a">
         <name>__aeabi_memset4</name>
         <value>0xff91</value>
         <object_component_ref idref="oc-47e"/>
      </symbol>
      <symbol id="sm-a1b">
         <name>__aeabi_memset8</name>
         <value>0xff91</value>
         <object_component_ref idref="oc-47e"/>
      </symbol>
      <symbol id="sm-a1c">
         <name>__aeabi_memclr</name>
         <value>0x10005</value>
         <object_component_ref idref="oc-a6"/>
      </symbol>
      <symbol id="sm-a1d">
         <name>__aeabi_memclr4</name>
         <value>0x10005</value>
         <object_component_ref idref="oc-a6"/>
      </symbol>
      <symbol id="sm-a1e">
         <name>__aeabi_memclr8</name>
         <value>0x10005</value>
         <object_component_ref idref="oc-a6"/>
      </symbol>
      <symbol id="sm-a24">
         <name>__aeabi_uidiv</name>
         <value>0xe64d</value>
         <object_component_ref idref="oc-84"/>
      </symbol>
      <symbol id="sm-a25">
         <name>__aeabi_uidivmod</name>
         <value>0xe64d</value>
         <object_component_ref idref="oc-84"/>
      </symbol>
      <symbol id="sm-a2b">
         <name>__aeabi_uldivmod</name>
         <value>0xfda9</value>
         <object_component_ref idref="oc-493"/>
      </symbol>
      <symbol id="sm-a34">
         <name>__eqsf2</name>
         <value>0xeb05</value>
         <object_component_ref idref="oc-231"/>
      </symbol>
      <symbol id="sm-a35">
         <name>__lesf2</name>
         <value>0xeb05</value>
         <object_component_ref idref="oc-231"/>
      </symbol>
      <symbol id="sm-a36">
         <name>__ltsf2</name>
         <value>0xeb05</value>
         <object_component_ref idref="oc-231"/>
      </symbol>
      <symbol id="sm-a37">
         <name>__nesf2</name>
         <value>0xeb05</value>
         <object_component_ref idref="oc-231"/>
      </symbol>
      <symbol id="sm-a38">
         <name>__cmpsf2</name>
         <value>0xeb05</value>
         <object_component_ref idref="oc-231"/>
      </symbol>
      <symbol id="sm-a39">
         <name>__gtsf2</name>
         <value>0xe969</value>
         <object_component_ref idref="oc-236"/>
      </symbol>
      <symbol id="sm-a3a">
         <name>__gesf2</name>
         <value>0xe969</value>
         <object_component_ref idref="oc-236"/>
      </symbol>
      <symbol id="sm-a40">
         <name>__udivmoddi4</name>
         <value>0xa6bd</value>
         <object_component_ref idref="oc-4a6"/>
      </symbol>
      <symbol id="sm-a46">
         <name>__aeabi_llsl</name>
         <value>0xf779</value>
         <object_component_ref idref="oc-4cb"/>
      </symbol>
      <symbol id="sm-a47">
         <name>__ashldi3</name>
         <value>0xf779</value>
         <object_component_ref idref="oc-4cb"/>
      </symbol>
      <symbol id="sm-a55">
         <name>__ledf2</name>
         <value>0xca81</value>
         <object_component_ref idref="oc-3c3"/>
      </symbol>
      <symbol id="sm-a56">
         <name>__gedf2</name>
         <value>0xc559</value>
         <object_component_ref idref="oc-3c9"/>
      </symbol>
      <symbol id="sm-a57">
         <name>__cmpdf2</name>
         <value>0xca81</value>
         <object_component_ref idref="oc-3c3"/>
      </symbol>
      <symbol id="sm-a58">
         <name>__eqdf2</name>
         <value>0xca81</value>
         <object_component_ref idref="oc-3c3"/>
      </symbol>
      <symbol id="sm-a59">
         <name>__ltdf2</name>
         <value>0xca81</value>
         <object_component_ref idref="oc-3c3"/>
      </symbol>
      <symbol id="sm-a5a">
         <name>__nedf2</name>
         <value>0xca81</value>
         <object_component_ref idref="oc-3c3"/>
      </symbol>
      <symbol id="sm-a5b">
         <name>__gtdf2</name>
         <value>0xc559</value>
         <object_component_ref idref="oc-3c9"/>
      </symbol>
      <symbol id="sm-a68">
         <name>__aeabi_idiv0</name>
         <value>0x5e77</value>
         <object_component_ref idref="oc-cc"/>
      </symbol>
      <symbol id="sm-a69">
         <name>__aeabi_ldiv0</name>
         <value>0x6727</value>
         <object_component_ref idref="oc-4ca"/>
      </symbol>
      <symbol id="sm-a73">
         <name>TI_memcpy_small</name>
         <value>0xfe61</value>
         <object_component_ref idref="oc-128"/>
      </symbol>
      <symbol id="sm-a7c">
         <name>TI_memset_small</name>
         <value>0xffad</value>
         <object_component_ref idref="oc-1d4"/>
      </symbol>
      <symbol id="sm-a7d">
         <name>__TI_static_base__</name>
         <value>0x0</value>
      </symbol>
      <symbol id="sm-a81">
         <name>__mpu_init</name>
         <value>0x0</value>
      </symbol>
      <symbol id="sm-a82">
         <name>_system_post_cinit</name>
         <value>0x0</value>
      </symbol>
   </symbol_table>
   <title>Link successful</title>
</link_info>
