******************************************************************************
            TI ARM Clang Linker PC v4.0.4                      
******************************************************************************
>> Linked Sat Aug  1 15:56:10 2026

OUTPUT FILE NAME:   <balance_car_final.out>
ENTRY POINT SYMBOL: "_c_int00_noargs"  address: 0000f521


MEMORY CONFIGURATION

         name            origin    length      used     unused   attr    fill
----------------------  --------  ---------  --------  --------  ----  --------
  FLASH                 00000000   00020000  000121c8  0000de38  R  X
  SRAM                  20200000   00008000  0000466d  00003993  RW X
  BCR_CONFIG            41c00000   000000ff  00000000  000000ff  R   
  BSL_CONFIG            41c00100   00000080  00000000  00000080  R   


SEGMENT ALLOCATION MAP

run origin  load origin   length   init length attrs members
----------  ----------- ---------- ----------- ----- -------
00000000    00000000    000121c8   000121c8    r-x
  00000000    00000000    000000c0   000000c0    r-- .intvecs
  000000c0    000000c0    0000ffc0   0000ffc0    r-x .text
  00010080    00010080    00002110   00002110    r-- .rodata
  00012190    00012190    00000038   00000038    r-- .cinit
20200000    20200000    0000446f   00000000    rw-
  20200000    20200000    00004422   00000000    rw- .bss
  20204424    20204424    0000004b   00000000    rw- .data
20207e00    20207e00    00000200   00000000    rw-
  20207e00    20207e00    00000200   00000000    rw- .stack


SECTION ALLOCATION MAP

 output                                  attributes/
section   page    origin      length       input sections
--------  ----  ----------  ----------   ----------------
.intvecs   0    00000000    000000c0     
                  00000000    000000c0     startup_mspm0g350x_ticlang.o (.intvecs)

.text      0    000000c0    0000ffc0     
                  000000c0    00000dac     ball_controller.o (.text.BallController_OnMeasurement)
                  00000e6c    000009d0     libc.a : _printfi.c.obj (.text:__TI_printfi)
                  0000183c    000008f8     ball_controller.o (.text.Ball_ControlBSettle)
                  00002134    0000062c     mode_q3.o (.text.OLED_RenderStatus)
                  00002760    00000588     ball_controller.o (.text.Ball_ControlQuiet)
                  00002ce8    0000030c     ball_controller.o (.text.Ball_CenterWindowReady)
                  00002ff4    000002d8     ball_pid_bank.o (.text.BallPidBank_Update)
                  000032cc    000002cc     ball_controller.o (.text.Ball_Log)
                  00003598    000002cc     mode_q3.o (.text.LogDumpService)
                  00003864    000002ba     oled.o (.text.OLED_VPrintf)
                  00003b1e    00000288     pid.o (.text.PID_Update)
                  00003da6    00000002     key.o (.text.Key_Init)
                  00003da8    0000025c     mode_q3.o (.text.ModeQ3_Loop)
                  00004004    0000024c     mode_q5.o (.text.Ball_Control_Tick)
                  00004250    00000228     ti_msp_dl_config.o (.text.SYSCFG_DL_GPIO_init)
                  00004478    00000220     libc.a : _printfi.c.obj (.text._pconv_a)
                  00004698    0000020c     mode_q4.o (.text.Ball_Control_Tick)
                  000048a4    000001fc     curve_control_v5.o (.text.CurveControlV5_Step5ms)
                  00004aa0    000001f6     curve_pid.o (.text.Curve_PID_Update)
                  00004c96    000001f6     pid_q2.o (.text.Q2_PID_Update)
                  00004e8c    000001f4     mode_q5.o (.text.ModeQ5_Tick1ms)
                  00005080    000001f0     mode_q4.o (.text.ModeQ4_Tick1ms)
                  00005270    000001dc     libc.a : _printfi.c.obj (.text._pconv_g)
                  0000544c    000001d0     mode_q5.o (.text.ModeQ5_UpdatePidGains)
                  0000561c    000001c4     curve_control_v4.o (.text.CurveControlV4_Step5ms)
                  000057e0    000001c4     curve_control_q2.o (.text.Q2CurveControl_Step5ms)
                  000059a4    000001ac     oled.o (.text.OLED_PrintNum)
                  00005b50    00000194     ball_estimator.o (.text.BallEstimator_Add)
                  00005ce4    00000192     libclang_rt.builtins.a : adddf3.S.obj (.text.adddf3_subdf3)
                  00005e76    00000002                            : aeabi_div0.c.obj (.text.__aeabi_idiv0)
                  00005e78    00000190     ball_controller.o (.text.Ball_UpdateQuietObserver)
                  00006008    00000174     oled.o (.text.OLED_PrintFloat)
                  0000617c    0000016c     ball_controller.o (.text.Ball_FinishQuietObserve)
                  000062e8    0000016a     curve_control_v4.o (.text.CurveControlV4_RunLinePid)
                  00006452    0000016a     curve_control_v5.o (.text.CurveControlV5_RunLinePid)
                  000065bc    0000016a     curve_control_q2.o (.text.Q2CurveControl_RunLinePid)
                  00006726    00000002     libclang_rt.builtins.a : aeabi_div0.c.obj (.text.__aeabi_ldiv0)
                  00006728    00000160     ball_fast_estimator.o (.text.BallFastEstimator_Add)
                  00006888    0000015c     mode_q2.o (.text.ModeQ2_Tick1ms)
                  000069e4    00000158     oled.o (.text.OLED_ShowChar)
                  00006b3c    00000154     ball_quiet_observer.o (.text.BallQuietObserver_Add)
                  00006c90    00000150     ball_estimator.o (.text.BallEstimator_LeastSquaresVelocity)
                  00006de0    00000150     mode_q4.o (.text.ModeQ4_UpdatePidGains)
                  00006f30    0000014c     ball_pid_bank.o (.text.BallPid_AssignWeights)
                  0000707c    00000148     ball_fast_estimator.o (.text.BallFast_LeastSquaresVelocity)
                  000071c4    00000144     ball_controller.o (.text.Ball_ResetMotionHistory)
                  00007308    00000140     ball_controller.o (.text.Ball_StartTaskFromReady)
                  00007448    0000013c     ball_controller.o (.text.Ball_ControlBApproach)
                  00007584    0000013c     libc.a : _printfi.c.obj (.text.fcvt)
                  000076c0    00000130     mode_q5.o (.text.ModeQ5_StartupInertiaBias)
                  000077f0    00000120     libc.a : _printfi.c.obj (.text._pconv_e)
                  00007910    0000011c     ball_controller.o (.text.Ball_RecordServoTransition)
                  00007a2c    0000011c     ball_controller.o (.text.Ball_UpdateBGuardMetrics)
                  00007b48    00000114     ball_controller.o (.text.Ball_CompleteAtB)
                  00007c5c    00000114     ball_controller.o (.text.Ball_EnterDriveB)
                  00007d70    00000114     mode_q5.o (.text.ModeQ5_Init)
                  00007e84    00000114     mode_q5.o (.text.ModeQ5_RenderOled)
                  00007f98    0000010c     libclang_rt.builtins.a : divdf3.S.obj (.text.__divdf3)
                  000080a4    00000104     ball_controller.o (.text.Ball_QuietFlags)
                  000081a8    00000104     driverlib.a : dl_timer.o (.text.DL_Timer_initFourCCPWMMode)
                  000082ac    00000104     mode_q3.o (.text.ParseSignedDx)
                  000083b0    00000102     curve_control_v4.o (.text.CurveControlV4_PushSample1ms)
                  000084b2    00000102     curve_control_v5.o (.text.CurveControlV5_PushSample1ms)
                  000085b4    00000102     curve_control_q2.o (.text.Q2CurveControl_PushSample1ms)
                  000086b6    00000002     --HOLE-- [fill = 0]
                  000086b8    000000fc     ball_controller.o (.text.Ball_ResetQuietRuntime)
                  000087b4    000000fc     driverlib.a : dl_timer.o (.text.DL_Timer_initTimerMode)
                  000088b0    000000f8     ball_controller.o (.text.Ball_StartQuietPulse)
                  000089a8    000000f8     oled.o (.text.OLED_Init)
                  00008aa0    000000f4     mode_q4.o (.text.ModeQ4_RenderOled)
                  00008b94    000000f0     mode_q4.o (.text.ModeQ4_ParseDx)
                  00008c84    000000f0     mode_q5.o (.text.ModeQ5_ParseDx)
                  00008d74    000000f0     uart.o (.text.UART0_IRQHandler)
                  00008e64    000000f0     uart.o (.text.UART_TakeLatestPacket)
                  00008f54    000000e8     ti_msp_dl_config.o (.text.SYSCFG_DL_SYSCTL_SYSPLL_init)
                  0000903c    000000e4     ball_controller.o (.text.BallController_StateShort)
                  00009120    000000e4     mode_q2.o (.text.ModeQ2_RenderOled)
                  00009204    000000e4     libclang_rt.builtins.a : muldf3.S.obj (.text.__muldf3)
                  000092e8    000000e0     ball_controller.o (.text.Ball_ExitQuiet)
                  000093c8    000000e0     ball_controller.o (.text.Ball_HandleATurn)
                  000094a8    000000e0     mode_q4.o (.text.ModeQ4_Init)
                  00009588    000000dc     ball_controller.o (.text.Ball_UpdateSettleFastSign)
                  00009664    000000dc     driverlib.a : dl_sysctl_mspm0g1x0x_g3x0x.o (.text.DL_SYSCTL_configSYSPLL)
                  00009740    000000d8     ball_controller.o (.text.Ball_EnterQuiet)
                  00009818    000000d8     ball_controller.o (.text.Ball_UpdateBudgetFlags)
                  000098f0    000000d8     libc.a : s_scalbn.c.obj (.text.scalbn)
                  000099c8    000000d8     libclang_rt.builtins.a : addsf3.S.obj (.text)
                  00009aa0    000000d4     main.o (.text.main)
                  00009b74    000000d0     ball_controller.o (.text.Ball_CenterWindowPush)
                  00009c44    000000c8     ball_controller.o (.text.BallController_OnVisionFault)
                  00009d0c    000000c8     ball_controller.o (.text.Ball_UpdateBDiagnostics)
                  00009dd4    000000c4     mode_q3.o (.text.ModeQ3_Init)
                  00009e98    000000c0     encoder.o (.text.GROUP1_IRQHandler)
                  00009f58    000000bc     uart.o (.text.UART_PublishRxPacket)
                  0000a014    000000b4     curve_control_v4.o (.text.CurveControlV4_SelectBasePwm)
                  0000a0c8    000000b4     curve_control_v5.o (.text.CurveControlV5_SelectBasePwm)
                  0000a17c    000000b4     mode_q5.o (.text.ModeQ5_Stop)
                  0000a230    000000b4     curve_control_q2.o (.text.Q2CurveControl_SelectBasePwm)
                  0000a2e4    000000a4     ball_controller.o (.text.BallController_RequestAbort)
                  0000a388    000000a4     ball_controller.o (.text.BallController_SettleModeShort)
                  0000a42c    000000a4     ball_controller.o (.text.Ball_UpdateSettleMotion)
                  0000a4d0    000000a4     curve_control_v5.o (.text.CurveControlV5_Start)
                  0000a574    000000a4     oled.o (.text.OLED_RefreshStep)
                  0000a618    000000a4     main.o (.text.TIMA0_IRQHandler)
                  0000a6bc    000000a2     libclang_rt.builtins.a : udivmoddi4.S.obj (.text)
                  0000a75e    000000a0     curve_control_v4.o (.text.CurveControlV4_Start)
                  0000a7fe    000000a0     curve_control_q2.o (.text.Q2CurveControl_Start)
                  0000a89e    00000002     --HOLE-- [fill = 0]
                  0000a8a0    000000a0     ti_msp_dl_config.o (.text.SYSCFG_DL_initPower)
                  0000a940    000000a0     libc.a : e_sqrtf.c.obj (.text.sqrtf)
                  0000a9e0    0000009c     ball_controller.o (.text.Ball_StartSettlePulse)
                  0000aa7c    00000098     ball_controller.o (.text.Ball_GetBrakeReason)
                  0000ab14    00000098     curve_control_v4.o (.text.CurveControlV4_ErrorMmQ8)
                  0000abac    00000098     curve_control_v5.o (.text.CurveControlV5_ErrorMmQ8)
                  0000ac44    00000098     curve_control_q2.o (.text.Q2CurveControl_ErrorMmQ8)
                  0000acdc    00000096     curve_control_v5.o (.text.CurveControlV5_Init)
                  0000ad72    00000094     ball_quiet_observer.o (.text.BallQuiet_Sort)
                  0000ae06    00000002     --HOLE-- [fill = 0]
                  0000ae08    00000094     ball_controller.o (.text.Ball_QuietOutwardPrediction)
                  0000ae9c    00000094     ball_controller.o (.text.Ball_ResetPulse)
                  0000af30    00000094     mode_q3.o (.text.SyncTimerMirrors)
                  0000afc4    00000092     curve_control_v4.o (.text.CurveControlV4_Init)
                  0000b056    00000092     oled.o (.text.OLED_PrintChar)
                  0000b0e8    00000092     curve_control_q2.o (.text.Q2CurveControl_Init)
                  0000b17a    00000002     --HOLE-- [fill = 0]
                  0000b17c    00000090     main.o (.text.App_StartSelected)
                  0000b20c    00000090     ball_controller.o (.text.Ball_ApplyVelocityBrake)
                  0000b29c    00000090     curve_control_v4.o (.text.CurveControlV4_FilteredMask)
                  0000b32c    00000090     curve_control_v5.o (.text.CurveControlV5_FilteredMask)
                  0000b3bc    00000090     curve_control_q2.o (.text.Q2CurveControl_FilteredMask)
                  0000b44c    0000008c     ball_controller.o (.text.Ball_GetApproachReason)
                  0000b4d8    0000008c     ti_msp_dl_config.o (.text.SYSCFG_DL_MOTOR_init)
                  0000b564    0000008c     ti_msp_dl_config.o (.text.SYSCFG_DL_SERVO_init)
                  0000b5f0    0000008c     libclang_rt.builtins.a : mulsf3.S.obj (.text.__mulsf3)
                  0000b67c    00000088     ball_controller.o (.text.Ball_AReverseFallbackReady)
                  0000b704    00000088     curve_control_v4.o (.text.CurveControlV4_ResetDynamicControl)
                  0000b78c    00000088     curve_control_v5.o (.text.CurveControlV5_ResetDynamicControl)
                  0000b814    00000088     curve_control_v5.o (.text.CurveControlV5_StateName)
                  0000b89c    00000088     curve_control_q2.o (.text.Q2CurveControl_ResetDynamicControl)
                  0000b924    00000084     ball_controller.o (.text.BallController_RequestTimeout)
                  0000b9a8    00000084     ball_controller.o (.text.BallController_ResultShort)
                  0000ba2c    00000084     ball_controller.o (.text.Ball_QuietDirectionStable)
                  0000bab0    00000084     ball_controller.o (.text.Ball_RoundPidOutput2)
                  0000bb34    00000084     mode_q4.o (.text.ModeQ4_Stop)
                  0000bbb8    00000084     mode_q5.o (.text.ModeQ5_FinishTargetCapture)
                  0000bc3c    00000084     ti_msp_dl_config.o (.text.__NVIC_SetPriority)
                  0000bcc0    00000082     libclang_rt.builtins.a : divsf3.S.obj (.text.__divsf3)
                  0000bd42    00000002     --HOLE-- [fill = 0]
                  0000bd44    00000080     ball_controller.o (.text.BallController_GetLog)
                  0000bdc4    00000080     ball_controller.o (.text.Ball_RoundInt16)
                  0000be44    00000080     motor.o (.text.Motor1_SetSpeed)
                  0000bec4    00000080     motor.o (.text.Motor2_SetSpeed)
                  0000bf44    0000007c     curve_control_v4.o (.text.CurveControlV4_Slew)
                  0000bfc0    0000007c     curve_control_v5.o (.text.CurveControlV5_Slew)
                  0000c03c    0000007c     mode_q5.o (.text.ModeQ5_Start)
                  0000c0b8    0000007c     curve_control_q2.o (.text.Q2CurveControl_Slew)
                  0000c134    0000007c     libc.a : copy_decompress_lzss.c.obj (.text:decompress:lzss)
                  0000c1b0    00000078     curve_control_v4.o (.text.CurveControlV4_StateName)
                  0000c228    00000078     curve_control_q2.o (.text.Q2CurveControl_StateName)
                  0000c2a0    00000074     main.o (.text.App_StopActive)
                  0000c314    00000074     ball_controller.o (.text.Ball_EnterBrakeB)
                  0000c388    00000074     key.o (.text.Key_GetState)
                  0000c3fc    00000074     oled.o (.text.OLED_WR_Byte)
                  0000c470    00000074     ti_msp_dl_config.o (.text.SYSCFG_DL_SYSCTL_init)
                  0000c4e4    00000074     uart.o (.text.UART_ResetRxMailbox)
                  0000c558    00000074     libclang_rt.builtins.a : comparedf2.c.obj (.text.__gedf2)
                  0000c5cc    00000070     main.o (.text.App_RenderMenu)
                  0000c63c    00000070     ball_controller.o (.text.BallController_Init)
                  0000c6ac    00000070     mode_q2.o (.text.ModeQ2_Init)
                  0000c71c    00000070     mode_q3.o (.text.ModeQ3_Tick1ms)
                  0000c78c    00000070     mode_q4.o (.text.ModeQ4_StartupProgressFade)
                  0000c7fc    00000070     mode_q5.o (.text.ModeQ5_StartupProgressFade)
                  0000c86c    0000006c     mode_q5.o (.text.ModeQ5_UpdateDerivativeAlpha)
                  0000c8d8    0000006c     servo.o (.text.Servo_SetAngle1)
                  0000c944    0000006a     ball_controller.o (.text.BallController_TaskTimerActive)
                  0000c9ae    0000006a     ball_pid_bank.o (.text.BallPidBank_ResetDynamics)
                  0000ca18    00000068     ball_controller.o (.text.BallController_RequestStart)
                  0000ca80    00000068     libclang_rt.builtins.a : comparedf2.c.obj (.text.__ledf2)
                  0000cae8    00000066     ball_ui.o (.text.BallUiThrottle_TakeRefresh)
                  0000cb4e    00000066     libc.a : _printfi.c.obj (.text._mcpy)
                  0000cbb4    00000064     main.o (.text.App_HandleKeys)
                  0000cc18    00000064     main.o (.text.App_ModeLabel)
                  0000cc7c    00000064     driverlib.a : dl_sysctl_mspm0g1x0x_g3x0x.o (.text.DL_SYSCTL_setHFCLKSourceHFXTParams)
                  0000cce0    00000064     oled.o (.text.OLED_ClearPoint)
                  0000cd44    00000064     huidu.o (.text.huidu_get_value)
                  0000cda8    00000062     libclang_rt.builtins.a : aeabi_dcmp.S.obj (.text.__aeabi_dcmp)
                  0000ce0a    00000002     --HOLE-- [fill = 0]
                  0000ce0c    00000062                            : aeabi_fcmp.S.obj (.text.__aeabi_fcmp)
                  0000ce6e    00000002     --HOLE-- [fill = 0]
                  0000ce70    00000060     key.o (.text.Key_GetNum)
                  0000ced0    00000060     key.o (.text.Key_Tick)
                  0000cf30    00000060     ti_msp_dl_config.o (.text.SYSCFG_DL_MPU6050_init)
                  0000cf90    00000060     ti_msp_dl_config.o (.text.SYSCFG_DL_OLED_init)
                  0000cff0    00000060     mode_q3.o (.text.Servo_ApplySafe)
                  0000d050    0000005e     driverlib.a : dl_i2c.o (.text.DL_I2C_fillControllerTXFIFO)
                  0000d0ae    00000002     --HOLE-- [fill = 0]
                  0000d0b0    0000005c     ball_controller.o (.text.BallController_ApproachReasonShort)
                  0000d10c    0000005c     ball_controller.o (.text.BallController_BrakeReasonShort)
                  0000d168    0000005c     ball_controller.o (.text.Ball_EnterBApproach)
                  0000d1c4    0000005c     curve_control_v5.o (.text.CurveControlV5_StopImmediate)
                  0000d220    0000005c     encoder.o (.text.Encoder_Init)
                  0000d27c    0000005c     mode_q3.o (.text.ModeQ3_Stop)
                  0000d2d8    0000005c     libc.a : s_frexp.c.obj (.text.frexp)
                  0000d334    00000058     ball_controller.o (.text.Ball_ClearLog)
                  0000d38c    00000058     ball_controller.o (.text.Ball_LatchFirstBOvershoot)
                  0000d3e4    00000058     ball_controller.o (.text.Ball_RoundUInt16)
                  0000d43c    00000058     curve_control_v4.o (.text.CurveControlV4_StopImmediate)
                  0000d494    00000058     mode_q3.o (.text.DisableUnusedQ3Interrupts)
                  0000d4ec    00000058     mode_q3.o (.text.LogDumpEligible)
                  0000d544    00000058     oled.o (.text.OLED_ClearBuffer)
                  0000d59c    00000058     curve_control_q2.o (.text.Q2CurveControl_StopImmediate)
                  0000d5f4    00000058     libc.a : _ltoa.c.obj (.text.__TI_ltoa)
                  0000d64c    00000058            : _printfi.c.obj (.text._pconv_f)
                  0000d6a4    00000056     libclang_rt.builtins.a : aeabi_idivmod.S.obj (.text.__aeabi_idivmod)
                  0000d6fa    00000052     libc.a : _printfi.c.obj (.text._ecpy)
                  0000d74c    00000050     ball_controller.o (.text.Ball_BSide)
                  0000d79c    00000050     ball_controller.o (.text.Ball_DampingMagnitude)
                  0000d7ec    00000050     ball_controller.o (.text.Ball_UpdateAPeak)
                  0000d83c    00000050     ti_msp_dl_config.o (.text.DL_GPIO_initPeripheralInputFunctionFeatures)
                  0000d88c    00000050     oled.o (.text.DL_I2C_startControllerTransfer)
                  0000d8dc    00000050     mode_q5.o (.text.ModeQ5_PublishTelemetry)
                  0000d92c    00000050     ti_msp_dl_config.o (.text.SysTick_Config)
                  0000d97c    00000050     huidu.o (.text.huidu_get_mask)
                  0000d9cc    0000004e     curve_control_v4.o (.text.CurveControlV4_Clamp)
                  0000da1a    0000004e     curve_control_v5.o (.text.CurveControlV5_Clamp)
                  0000da68    0000004e     curve_control_q2.o (.text.Q2CurveControl_Clamp)
                  0000dab6    00000002     --HOLE-- [fill = 0]
                  0000dab8    0000004c     main.o (.text.App_RunLoop)
                  0000db04    0000004c     ball_controller.o (.text.Ball_EnterTimeout)
                  0000db50    0000004c     ti_msp_dl_config.o (.text.DL_GPIO_initDigitalInputFeatures)
                  0000db9c    0000004c     ti_msp_dl_config.o (.text.DL_UART_setBaudRateDivisor)
                  0000dbe8    0000004c     mode_q2.o (.text.ModeQ2_Stop)
                  0000dc34    0000004a     ball_controller.o (.text.Ball_PredictedTargetCrossing)
                  0000dc7e    0000004a     ball_controller.o (.text.Ball_QuietPulseRearmed)
                  0000dcc8    0000004a     curve_control_v4.o (.text.CurveControlV4_StopForFinish)
                  0000dd12    0000004a     curve_control_v5.o (.text.CurveControlV5_StopForFinish)
                  0000dd5c    0000004a     curve_control_q2.o (.text.Q2CurveControl_StopForFinish)
                  0000dda6    00000002     --HOLE-- [fill = 0]
                  0000dda8    0000004a     libclang_rt.builtins.a : fixdfsi.S.obj (.text.__fixdfsi)
                  0000ddf2    00000002     --HOLE-- [fill = 0]
                  0000ddf4    00000048     ball_controller.o (.text.Ball_OutputApproachCommand)
                  0000de3c    00000048     ball_controller.o (.text.Ball_StartQuietObserve)
                  0000de84    00000048     curve_control_v5.o (.text.CurveControlV5_IsRunState)
                  0000decc    00000048     driverlib.a : dl_uart.o (.text.DL_UART_init)
                  0000df14    00000048     mode_q4.o (.text.ModeQ4_Start)
                  0000df5c    00000048     mode_q5.o (.text.ModeQ5_IsRunState)
                  0000dfa4    00000048     motor.o (.text.Motor_ClampSpeed)
                  0000dfec    00000048     oled.o (.text.OLED_DisplayTurn)
                  0000e034    00000048     oled.o (.text.OLED_DrawPoint)
                  0000e07c    00000048     mode_q3.o (.text.Round100)
                  0000e0c4    00000048     ti_msp_dl_config.o (.text.SYSCFG_DL_Serial_init)
                  0000e10c    00000046     curve_control_v5.o (.text.CurveControlV5_GetOutput)
                  0000e152    00000002     --HOLE-- [fill = 0]
                  0000e154    00000044     ball_controller.o (.text.Ball_DynamicMagnitude)
                  0000e198    00000044     ball_controller.o (.text.Ball_SetServoAutomaticOffset)
                  0000e1dc    00000044     driverlib.a : dl_sysctl_mspm0g1x0x_g3x0x.o (.text.DL_SYSCTL_switchMCLKfromSYSOSCtoHSCLK)
                  0000e220    00000044     mode_q2.o (.text.ModeQ2_PublishTelemetry)
                  0000e264    00000044     mode_q2.o (.text.ModeQ2_ReadTelemetry)
                  0000e2a8    00000044     mode_q4.o (.text.ModeQ4_PublishTelemetry)
                  0000e2ec    00000044     mode_q4.o (.text.ModeQ4_ReadTelemetry)
                  0000e330    00000044     mode_q5.o (.text.ModeQ5_ReadTelemetry)
                  0000e374    00000044     mode_q5.o (.text.ModeQ5_SetTargetPx)
                  0000e3b8    00000044     ti_msp_dl_config.o (.text.SYSCFG_DL_init)
                  0000e3fc    00000044     mode_q3.o (.text.Servo_HardClamp)
                  0000e440    00000042     curve_control_v4.o (.text.CurveControlV4_GetOutput)
                  0000e482    00000042     curve_control_q2.o (.text.Q2CurveControl_GetOutput)
                  0000e4c4    00000042     mode_q3.o (.text.UART_TakeDxPacket)
                  0000e506    00000002     --HOLE-- [fill = 0]
                  0000e508    00000042     libclang_rt.builtins.a : fixunsdfsi.S.obj (.text.__fixunsdfsi)
                  0000e54a    00000002     --HOLE-- [fill = 0]
                  0000e54c    00000040     curve_control_v4.o (.text.CurveControlV4_SelectApproachStage)
                  0000e58c    00000040     curve_control_v5.o (.text.CurveControlV5_SelectApproachStage)
                  0000e5cc    00000040     mode_q3.o (.text.ModeQ3_Start)
                  0000e60c    00000040     curve_control_q2.o (.text.Q2CurveControl_SelectApproachStage)
                  0000e64c    00000040     libclang_rt.builtins.a : aeabi_uidivmod.S.obj (.text.__aeabi_uidivmod)
                  0000e68c    00000040     libc.a : atoi.c.obj (.text.atoi)
                  0000e6cc    0000003e     ball_estimator.o (.text.BallEstimator_Clamp)
                  0000e70a    0000003e     ball_fast_estimator.o (.text.BallFast_Clamp)
                  0000e748    0000003e     ball_pid_bank.o (.text.BallPid_Clamp)
                  0000e786    0000003e     ball_controller.o (.text.Ball_Clamp)
                  0000e7c4    0000003c     ball_controller.o (.text.Ball_SetServoPhaseOffset)
                  0000e800    0000003c     ball_controller.o (.text.Ball_StartAEarlyPulse)
                  0000e83c    0000003c     ti_msp_dl_config.o (.text.DL_Timer_setCounterControl)
                  0000e878    0000003c     mode_q2.o (.text.ModeQ2_Loop)
                  0000e8b4    0000003c     mode_q4.o (.text.ModeQ4_Loop)
                  0000e8f0    0000003c     mode_q5.o (.text.ModeQ5_Loop)
                  0000e92c    0000003c     libclang_rt.builtins.a : floatsisf.S.obj (.text.__floatsisf)
                  0000e968    0000003c                            : comparesf2.S.obj (.text.__gtsf2)
                  0000e9a4    0000003c     libc.a : autoinit.c.obj (.text:__TI_auto_init_nobinit_nopinit)
                  0000e9e0    0000003a     ball_controller.o (.text.Ball_IsTerminalBControlState)
                  0000ea1a    0000003a     curve_control_v4.o (.text.CurveControlV4_IsRunState)
                  0000ea54    0000003a     mode_q2.o (.text.ModeQ2_IsRunState)
                  0000ea8e    0000003a     mode_q4.o (.text.ModeQ4_IsRunState)
                  0000eac8    0000003a     curve_control_q2.o (.text.Q2CurveControl_IsRunState)
                  0000eb02    00000002     --HOLE-- [fill = 0]
                  0000eb04    0000003a     libclang_rt.builtins.a : comparesf2.S.obj (.text.__eqsf2)
                  0000eb3e    00000002     --HOLE-- [fill = 0]
                  0000eb40    0000003a                            : muldsi3.S.obj (.text.__muldsi3)
                  0000eb7a    00000038     ball_controller.o (.text.Ball_ResetCenterWindow)
                  0000ebb2    00000038     curve_control_v4.o (.text.CurveControlV4_PopCount)
                  0000ebea    00000038     curve_control_v5.o (.text.CurveControlV5_PopCount)
                  0000ec22    00000038     curve_control_q2.o (.text.Q2CurveControl_PopCount)
                  0000ec5a    00000038     uart.o (.text.UART_SendString)
                  0000ec92    00000002     --HOLE-- [fill = 0]
                  0000ec94    00000038     libclang_rt.builtins.a : fixsfsi.S.obj (.text.__fixsfsi)
                  0000eccc    00000034     ball_controller.o (.text.BallController_IsActive)
                  0000ed00    00000034     ball_controller.o (.text.BallController_VisionWatchActive)
                  0000ed34    00000034     mode_q4.o (.text.ModeQ4_UpdateDerivativeAlpha)
                  0000ed68    00000034     motor.o (.text.Motor1_Brake)
                  0000ed9c    00000034     motor.o (.text.Motor2_Brake)
                  0000edd0    00000034     oled.o (.text.OLED_ColorTurn)
                  0000ee04    00000034     ti_msp_dl_config.o (.text.SYSCFG_DL_TIMER_PID_init)
                  0000ee38    00000034     mode_q3.o (.text.__NVIC_DisableIRQ)
                  0000ee6c    00000034     uart.o (.text.__NVIC_DisableIRQ)
                  0000eea0    00000034     huidu.o (.text.get_gpio_state)
                  0000eed4    00000032     ball_pid_bank.o (.text.BallPidBank_ResetIntegrals)
                  0000ef06    00000002     --HOLE-- [fill = 0]
                  0000ef08    00000032     libclang_rt.builtins.a : fixunssfsi.S.obj (.text.__fixunssfsi)
                  0000ef3a    00000030     ball_controller.o (.text.BallController_DataAgeMs)
                  0000ef6a    00000030     ball_fast_estimator.o (.text.BallFastEstimator_Seed)
                  0000ef9a    00000002     --HOLE-- [fill = 0]
                  0000ef9c    00000030     ball_controller.o (.text.Ball_RoundWeight255)
                  0000efcc    00000030     driverlib.a : dl_uart.o (.text.DL_UART_transmitDataBlocking)
                  0000effc    00000030     mode_q3.o (.text.LogDumpStop)
                  0000f02c    00000030     oled.o (.text.OLED_DrawPrintf)
                  0000f05c    00000030     uart.o (.text.UART_Printf)
                  0000f08c    00000030     libc.a : _printfi.c.obj (.text._fcpy)
                  0000f0bc    0000002e     curve_control_v4.o (.text.CurveControlV4_Abs16)
                  0000f0ea    0000002e     curve_control_v5.o (.text.CurveControlV5_Abs16)
                  0000f118    0000002e     curve_pid.o (.text.Curve_PID_Reset)
                  0000f146    0000002e     curve_control_q2.o (.text.Q2CurveControl_Abs16)
                  0000f174    0000002e     pid_q2.o (.text.Q2_PID_Reset)
                  0000f1a2    0000002c     ball_pid_bank.o (.text.BallPid_Abs)
                  0000f1ce    0000002c     ball_controller.o (.text.Ball_Abs)
                  0000f1fa    0000002c     mode_q4.o (.text.ModeQ4_AbsF)
                  0000f226    0000002c     mode_q5.o (.text.ModeQ5_AbsF)
                  0000f252    00000002     --HOLE-- [fill = 0]
                  0000f254    0000002c     encoder.o (.text.__NVIC_ClearPendingIRQ)
                  0000f280    0000002c     mode_q3.o (.text.__NVIC_ClearPendingIRQ)
                  0000f2ac    0000002c     encoder.o (.text.__NVIC_EnableIRQ)
                  0000f2d8    0000002c     main.o (.text.__NVIC_EnableIRQ)
                  0000f304    0000002c     mode_q3.o (.text.__NVIC_EnableIRQ)
                  0000f330    0000002c     uart.o (.text.__NVIC_EnableIRQ)
                  0000f35c    0000002c     libclang_rt.builtins.a : floatsidf.S.obj (.text.__floatsidf)
                  0000f388    0000002c     libc.a : vsprintf.c.obj (.text.vsprintf)
                  0000f3b4    0000002a     ball_controller.o (.text.Ball_TaskElapsed)
                  0000f3de    00000002     --HOLE-- [fill = 0]
                  0000f3e0    00000028     mode_q3.o (.text.ClampAge16)
                  0000f408    00000028     mode_q3.o (.text.ClampDisplayTime)
                  0000f430    00000028     oled.o (.text.DL_Common_updateReg)
                  0000f458    00000028     ti_msp_dl_config.o (.text.DL_Common_updateReg)
                  0000f480    00000028     ti_msp_dl_config.o (.text.DL_I2C_setControllerRXFIFOThreshold)
                  0000f4a8    00000028     ti_msp_dl_config.o (.text.DL_I2C_setControllerTXFIFOThreshold)
                  0000f4d0    00000028     encoder.o (.text.Encoder_Reset)
                  0000f4f8    00000028     libclang_rt.builtins.a : floatunsisf.S.obj (.text.__floatunsisf)
                  0000f520    00000028     libc.a : boot_cortex_m.c.obj (.text:_c_int00_noargs)
                  0000f548    00000026     ti_msp_dl_config.o (.text.DL_I2C_setAnalogGlitchFilterPulseWidth)
                  0000f56e    00000026     driverlib.a : dl_i2c.o (.text.DL_I2C_setClockConfig)
                  0000f594    00000024     ball_ui.o (.text.BallUiThrottle_Init)
                  0000f5b8    00000024     ball_controller.o (.text.Ball_SetServoCenter)
                  0000f5dc    00000024     ti_msp_dl_config.o (.text.DL_I2C_setDigitalGlitchFilterPulseWidth)
                  0000f600    00000024     encoder.o (.text.Encoder_ReadDelta1)
                  0000f624    00000024     encoder.o (.text.Encoder_ReadDelta2)
                  0000f648    00000024     libclang_rt.builtins.a : floatunsidf.S.obj (.text.__floatunsidf)
                  0000f66c    00000024                            : muldi3.S.obj (.text.__muldi3)
                  0000f690    00000022     ball_controller.o (.text.Ball_QuietMovingAway)
                  0000f6b2    00000022     curve_control_v5.o (.text.CurveControlV5_EnterStopDelay)
                  0000f6d4    00000022     libc.a : memccpy.c.obj (.text.memccpy)
                  0000f6f6    00000002     --HOLE-- [fill = 0]
                  0000f6f8    00000020     ti_msp_dl_config.o (.text.DL_GPIO_initPeripheralInputFunction)
                  0000f718    00000020     ti_msp_dl_config.o (.text.DL_SYSCTL_setFlashWaitState)
                  0000f738    00000020     oled.o (.text.OLED_RefreshBusy)
                  0000f758    0000001e     ti_msp_dl_config.o (.text.DL_UART_setOversampling)
                  0000f776    00000002     --HOLE-- [fill = 0]
                  0000f778    0000001e     libclang_rt.builtins.a : ashldi3.S.obj (.text.__ashldi3)
                  0000f796    00000002     --HOLE-- [fill = 0]
                  0000f798    0000001c     ball_controller.o (.text.BallController_SetLogFrozen)
                  0000f7b4    0000001c     ball_controller.o (.text.Ball_HardClampServo)
                  0000f7d0    0000001c     encoder.o (.text.DL_GPIO_clearInterruptStatus)
                  0000f7ec    0000001c     ti_msp_dl_config.o (.text.DL_GPIO_clearInterruptStatus)
                  0000f808    0000001c     mode_q3.o (.text.DL_GPIO_disableInterrupt)
                  0000f824    0000001c     ti_msp_dl_config.o (.text.DL_GPIO_enableHiZ)
                  0000f840    0000001c     encoder.o (.text.DL_GPIO_enableInterrupt)
                  0000f85c    0000001c     ti_msp_dl_config.o (.text.DL_GPIO_enableInterrupt)
                  0000f878    0000001c     ti_msp_dl_config.o (.text.DL_GPIO_initPeripheralOutputFunction)
                  0000f894    0000001c     driverlib.a : dl_sysctl_mspm0g1x0x_g3x0x.o (.text.DL_SYSCTL_configFCC)
                  0000f8b0    0000001c     ti_msp_dl_config.o (.text.DL_SYSCTL_setFCCPeriods)
                  0000f8cc    0000001c     ti_msp_dl_config.o (.text.DL_SYSCTL_setSYSOSCFreq)
                  0000f8e8    0000001c     ti_msp_dl_config.o (.text.DL_SYSCTL_setULPCLKDivider)
                  0000f904    0000001c     ti_msp_dl_config.o (.text.DL_Timer_enableInterrupt)
                  0000f920    0000001c     driverlib.a : dl_timer.o (.text.DL_Timer_setCaptCompUpdateMethod)
                  0000f93c    0000001c                 : dl_timer.o (.text.DL_Timer_setClockConfig)
                  0000f958    0000001c     ti_msp_dl_config.o (.text.DL_UART_enableInterrupt)
                  0000f974    0000001c     uart.o (.text.UART_SendByte)
                  0000f990    0000001c     delay.o (.text.delay_ms)
                  0000f9ac    0000001a     oled.o (.text.OLED_Refresh)
                  0000f9c6    00000018     curve_control_v4.o (.text.CurveControlV4_IsFinishCandidate)
                  0000f9de    00000018     curve_control_v5.o (.text.CurveControlV5_IsFinishCandidate)
                  0000f9f6    00000002     --HOLE-- [fill = 0]
                  0000f9f8    00000018     ti_msp_dl_config.o (.text.DL_GPIO_enableOutput)
                  0000fa10    00000018     ti_msp_dl_config.o (.text.DL_GPIO_enablePower)
                  0000fa28    00000018     ti_msp_dl_config.o (.text.DL_GPIO_initDigitalOutput)
                  0000fa40    00000018     ti_msp_dl_config.o (.text.DL_GPIO_initPeripheralAnalogFunction)
                  0000fa58    00000018     ti_msp_dl_config.o (.text.DL_GPIO_reset)
                  0000fa70    00000018     motor.o (.text.DL_GPIO_setPins)
                  0000fa88    00000018     ti_msp_dl_config.o (.text.DL_GPIO_setUpperPinsPolarity)
                  0000faa0    00000018     ti_msp_dl_config.o (.text.DL_I2C_enableAnalogGlitchFilter)
                  0000fab8    00000018     ti_msp_dl_config.o (.text.DL_I2C_enableController)
                  0000fad0    00000018     ti_msp_dl_config.o (.text.DL_I2C_enableControllerClockStretching)
                  0000fae8    00000018     ti_msp_dl_config.o (.text.DL_I2C_enablePower)
                  0000fb00    00000018     ti_msp_dl_config.o (.text.DL_I2C_reset)
                  0000fb18    00000018     ti_msp_dl_config.o (.text.DL_I2C_setTimerPeriod)
                  0000fb30    00000018     ti_msp_dl_config.o (.text.DL_SYSCTL_setBORThreshold)
                  0000fb48    00000018     ti_msp_dl_config.o (.text.DL_Timer_enablePower)
                  0000fb60    00000018     ti_msp_dl_config.o (.text.DL_Timer_reset)
                  0000fb78    00000018     driverlib.a : dl_timer.o (.text.DL_Timer_setCaptureCompareOutCtl)
                  0000fb90    00000018     main.o (.text.DL_Timer_startCounter)
                  0000fba8    00000018     mode_q3.o (.text.DL_Timer_startCounter)
                  0000fbc0    00000018     ti_msp_dl_config.o (.text.DL_UART_enablePower)
                  0000fbd8    00000018     ti_msp_dl_config.o (.text.DL_UART_reset)
                  0000fbf0    00000018     encoder.o (.text.Encoder_ExitCritical)
                  0000fc08    00000018     curve_control_q2.o (.text.Q2CurveControl_IsFinishCandidate)
                  0000fc20    00000018     libc.a : vsprintf.c.obj (.text._outs)
                  0000fc38    00000016     encoder.o (.text.DL_GPIO_readPins)
                  0000fc4e    00000016     huidu.o (.text.DL_GPIO_readPins)
                  0000fc64    00000016     key.o (.text.DL_GPIO_readPins)
                  0000fc7a    00000016     ti_msp_dl_config.o (.text.DL_UART_enable)
                  0000fc90    00000014     ball_controller.o (.text.BallController_TaskElapsedMs)
                  0000fca4    00000014     motor.o (.text.DL_GPIO_clearPins)
                  0000fcb8    00000014     ti_msp_dl_config.o (.text.DL_GPIO_clearPins)
                  0000fccc    00000014     oled.o (.text.DL_I2C_getControllerStatus)
                  0000fce0    00000014     ti_msp_dl_config.o (.text.DL_I2C_resetControllerTransfer)
                  0000fcf4    00000014     ti_msp_dl_config.o (.text.DL_SYSCTL_disableSYSPLL)
                  0000fd08    00000014     ti_msp_dl_config.o (.text.DL_SYSCTL_enableSYSPLL)
                  0000fd1c    00000014     ti_msp_dl_config.o (.text.DL_Timer_enableClock)
                  0000fd30    00000014     ti_msp_dl_config.o (.text.DL_Timer_setCCPDirection)
                  0000fd44    00000014     uart.o (.text.DL_UART_receiveData)
                  0000fd58    00000014     encoder.o (.text.Encoder_EnterCritical)
                  0000fd6c    00000014     mode_q2.o (.text.ModeQ2_Start)
                  0000fd80    00000014     mode_q4.o (.text.ModeQ4_StartupStageGain)
                  0000fd94    00000014     mode_q5.o (.text.ModeQ5_StartupStageGain)
                  0000fda8    00000014     libclang_rt.builtins.a : aeabi_uldivmod.S.obj (.text.__aeabi_uldivmod)
                  0000fdbc    00000014     libc.a : _printfi.c.obj (.text.strchr)
                  0000fdd0    00000012     ball_estimator.o (.text.BallEstimator_Reset)
                  0000fde2    00000012     ball_fast_estimator.o (.text.BallFastEstimator_Reset)
                  0000fdf4    00000012     ball_pid_bank.o (.text.BallPidBank_Reset)
                  0000fe06    00000012     ball_quiet_observer.o (.text.BallQuietObserver_Reset)
                  0000fe18    00000012     encoder.o (.text.DL_GPIO_getPendingInterrupt)
                  0000fe2a    00000012     main.o (.text.DL_Timer_getPendingInterrupt)
                  0000fe3c    00000012     uart.o (.text.DL_UART_getPendingInterrupt)
                  0000fe4e    00000012     driverlib.a : dl_uart.o (.text.DL_UART_setClockConfig)
                  0000fe60    00000012     libc.a : memcpy16.S.obj (.text:TI_memcpy_small)
                  0000fe72    00000012            : copy_decompress_none.c.obj (.text:decompress:none)
                  0000fe84    00000010     ball_controller.o (.text.BallController_IsReady)
                  0000fe94    00000010     ball_estimator.o (.text.BallEstimator_Init)
                  0000fea4    00000010     ball_fast_estimator.o (.text.BallFastEstimator_Init)
                  0000feb4    00000010     ball_pid_bank.o (.text.BallPidBank_Init)
                  0000fec4    00000010     ball_quiet_observer.o (.text.BallQuietObserver_Init)
                  0000fed4    00000010     ti_msp_dl_config.o (.text.DL_SYSCTL_disableHFXT)
                  0000fee4    00000010     ti_msp_dl_config.o (.text.DL_SYSCTL_isFCCDone)
                  0000fef4    00000010     ti_msp_dl_config.o (.text.DL_SYSCTL_startFCC)
                  0000ff04    00000010     mode_q3.o (.text.DL_SYSTICK_disable)
                  0000ff14    00000010     mode_q3.o (.text.DL_SYSTICK_disableInterrupt)
                  0000ff24    00000010     driverlib.a : dl_timer.o (.text.DL_Timer_setCaptureCompareValue)
                  0000ff34    00000010     ti_msp_dl_config.o (.text.SYSCFG_DL_SYSTICK_init)
                  0000ff44    00000010     mpu6050.o (.text.SysTick_Handler)
                  0000ff54    00000010     libc.a : wcslen.c.obj (.text.wcslen)
                  0000ff64    00000010            : copy_zero_init.c.obj (.text:decompress:ZI)
                  0000ff74    0000000e     ball_controller.o (.text.BallController_IsArmed)
                  0000ff82    0000000e     ball_ui.o (.text.BallUiThrottle_Request)
                  0000ff90    0000000e     libclang_rt.builtins.a : aeabi_memset.S.obj (.text.__aeabi_memset)
                  0000ff9e    0000000e     libc.a : _printfi.c.obj (.text.strlen)
                  0000ffac    0000000e            : memset16.S.obj (.text:TI_memset_small)
                  0000ffba    00000002     --HOLE-- [fill = 0]
                  0000ffbc    0000000c     ti_msp_dl_config.o (.text.DL_SYSCTL_getClockStatus)
                  0000ffc8    0000000c     ti_msp_dl_config.o (.text.DL_SYSCTL_readFCC)
                  0000ffd4    0000000c     motor.o (.text.Motor_StopSafe)
                  0000ffe0    0000000c     oled.o (.text.OLED_Clear)
                  0000ffec    0000000c     oled.o (.text.OLED_RefreshBegin)
                  0000fff8    0000000c     mode_q3.o (.text.System_Now)
                  00010004    0000000c     libclang_rt.builtins.a : aeabi_memset.S.obj (.text.__aeabi_memclr)
                  00010010    0000000a     driverlib.a : dl_common.o (.text.DL_Common_delayCycles)
                  0001001a    0000000a     libc.a : _printfi.c.obj (.text.OUTLINED_FUNCTION_0)
                  00010024    00000010     libclang_rt.builtins.a : adddf3.S.obj (.tramp.__aeabi_dsub.1)
                  00010034    0000000a     libc.a : _printfi.c.obj (.text.OUTLINED_FUNCTION_1)
                  0001003e    0000000a            : vsprintf.c.obj (.text._outc)
                  00010048    00000008            : aeabi_portable.c.obj (.text.__aeabi_errno_addr)
                  00010050    00000008     libclang_rt.builtins.a : aeabi_memcpy.S.obj (.text.__aeabi_memcpy)
                  00010058    00000006     libc.a : exit.c.obj (.text:abort)
                  0001005e    00000004     startup_mspm0g350x_ticlang.o (.text.Default_Handler)
                  00010062    00000004     libsysbm.a : hostexit.c.obj (.text.HOSTexit)
                  00010066    00000004     startup_mspm0g350x_ticlang.o (.text.Reset_Handler)
                  0001006a    00000002     --HOLE-- [fill = 0]
                  0001006c    00000010     libc.a : boot_cortex_m.c.obj (.tramp._c_int00_noargs.1)
                  0001007c    00000004            : pre_init.c.obj (.text._system_pre_init)

.cinit     0    00012190    00000038     
                  00012190    0000000f     (.cinit..data.load) [load image, compression = lzss]
                  0001219f    00000001     --HOLE-- [fill = 0]
                  000121a0    0000000c     (__TI_handler_table)
                  000121ac    00000008     (.cinit..bss.load) [load image, compression = zero_init]
                  000121b4    00000010     (__TI_cinit_table)
                  000121c4    00000004     --HOLE-- [fill = 0]

.rodata    0    00010080    00002110     
                  00010080    00000d5c     oled.o (.rodata.asc2_2412)
                  00010ddc    000005f0     oled.o (.rodata.asc2_1608)
                  000113cc    00000474     oled.o (.rodata.asc2_1206)
                  00011840    00000126     mode_q3.o (.rodata.str1.7622007341309469238.1)
                  00011966    0000000a     ti_msp_dl_config.o (.rodata.gSerialConfig)
                  00011970    00000101     libc.a : aeabi_ctype.S.obj (.rodata:__aeabi_ctype_table_)
                  00011a71    00000003     ti_msp_dl_config.o (.rodata.gMOTORClockConfig)
                  00011a74    00000090     mode_q4.o (.rodata.Ball_PidStages)
                  00011b04    00000090     mode_q5.o (.rodata.Ball_PidStages)
                  00011b94    00000090     ball_pid_bank.o (.rodata.g_pid_config)
                  00011c24    00000039     mode_q3.o (.rodata.str1.15442827196693072007.1)
                  00011c5d    00000038     mode_q3.o (.rodata.str1.985103058009945904.1)
                  00011c95    00000036     mode_q3.o (.rodata.str1.7466618068220195760.1)
                  00011ccb    00000034     mode_q3.o (.rodata.str1.5655832236428531184.1)
                  00011cff    00000033     mode_q3.o (.rodata.str1.9767160149648696536.1)
                  00011d32    0000002e     mode_q3.o (.rodata.str1.6726098927229766436.1)
                  00011d60    00000028     ti_msp_dl_config.o (.rodata.gSYSPLLConfig)
                  00011d88    00000020     mode_q3.o (.rodata.str1.4690617819313079184.1)
                  00011da8    0000001f     mode_q3.o (.rodata.str1.2638539829577379642.1)
                  00011dc7    0000001c     mode_q3.o (.rodata.str1.5377746228625086409.1)
                  00011de3    00000001     --HOLE-- [fill = 0]
                  00011de4    00000014     ti_msp_dl_config.o (.rodata.gTIMER_PIDTimerConfig)
                  00011df8    00000013     mode_q5.o (.rodata.str1.16322573096555115777.1)
                  00011e0b    00000013     mode_q2.o (.rodata.str1.3591394327813958914.1)
                  00011e1e    00000013     mode_q4.o (.rodata.str1.7249324879072582404.1)
                  00011e31    00000012     main.o (.rodata.str1.18227636981041470289.1)
                  00011e43    00000011     libc.a : _printfi.c.obj (.rodata.str1.10348868589481759720.1)
                  00011e54    00000011            : _printfi.c.obj (.rodata.str1.15363888844622738466.1)
                  00011e65    00000010     mode_q3.o (.rodata.str1.7204345060774553448.1)
                  00011e75    0000000f     mode_q2.o (.rodata.str1.12000245628623682631.1)
                  00011e84    0000000f     mode_q3.o (.rodata.str1.17494007014278973318.1)
                  00011e93    0000000f     mode_q3.o (.rodata.str1.5780323668065974028.1)
                  00011ea2    0000000f     mode_q3.o (.rodata.str1.7991337100288050501.1)
                  00011eb1    0000000d     mode_q4.o (.rodata.str1.2191533312964934195.1)
                  00011ebe    0000000d     mode_q5.o (.rodata.str1.7314655643982708748.1)
                  00011ecb    0000000c     mode_q3.o (.rodata.str1.1016257664365906864.1)
                  00011ed7    0000000c     mode_q3.o (.rodata.str1.10586001630365413017.1)
                  00011ee3    0000000c     main.o (.rodata.str1.8154729771448623357.1)
                  00011eef    0000000c     mode_q3.o (.rodata.str1.8986642548881936660.1)
                  00011efb    0000000c     mode_q3.o (.rodata.str1.9754817040246386364.1)
                  00011f07    0000000b     mode_q4.o (.rodata.str1.12432554435464107075.1)
                  00011f12    0000000b     mode_q3.o (.rodata.str1.562833118309740331.1)
                  00011f1d    0000000b     mode_q3.o (.rodata.str1.6404613994503893476.1)
                  00011f28    0000000b     mode_q3.o (.rodata.str1.84321516994772570.1)
                  00011f33    0000000b     mode_q3.o (.rodata.str1.8717823386187681007.1)
                  00011f3e    0000000a     mode_q3.o (.rodata.str1.10226908250327022832.1)
                  00011f48    0000000a     mode_q3.o (.rodata.str1.10942006209448378750.1)
                  00011f52    0000000a     mode_q2.o (.rodata.str1.11523112357175983184.1)
                  00011f5c    0000000a     mode_q3.o (.rodata.str1.1220366195143254660.1)
                  00011f66    0000000a     mode_q3.o (.rodata.str1.12759949497886815100.1)
                  00011f70    0000000a     mode_q3.o (.rodata.str1.13342177205031794157.1)
                  00011f7a    0000000a     mode_q3.o (.rodata.str1.2929653098642110185.1)
                  00011f84    0000000a     mode_q5.o (.rodata.str1.346365449426996999.1)
                  00011f8e    0000000a     mode_q3.o (.rodata.str1.7060003207773997425.1)
                  00011f98    0000000a     mode_q2.o (.rodata.str1.9567273675917310741.1)
                  00011fa2    00000009     curve_control_v5.o (.rodata.str1.1305222016835215941.1)
                  00011fab    00000009     curve_control_q2.o (.rodata.str1.13472986062709134243.1)
                  00011fb4    00000009     curve_control_v5.o (.rodata.str1.13677535125780644284.1)
                  00011fbd    00000009     main.o (.rodata.str1.15159059442110792349.1)
                  00011fc6    00000009     curve_control_v4.o (.rodata.str1.16351345713863443003.1)
                  00011fcf    00000009     main.o (.rodata.str1.17100691992556644108.1)
                  00011fd8    00000009     curve_control_q2.o (.rodata.str1.18063372638663572880.1)
                  00011fe1    00000009     curve_control_v5.o (.rodata.str1.2338023165983849702.1)
                  00011fea    00000009     curve_control_q2.o (.rodata.str1.2476311477916759975.1)
                  00011ff3    00000009     curve_control_v4.o (.rodata.str1.2782048826308065172.1)
                  00011ffc    00000009     curve_control_v4.o (.rodata.str1.3798165815679913760.1)
                  00012005    00000009     curve_control_q2.o (.rodata.str1.423682416651329065.1)
                  0001200e    00000009     curve_control_v5.o (.rodata.str1.4906364569853789704.1)
                  00012017    00000009     curve_control_v5.o (.rodata.str1.5124578994286619623.1)
                  00012020    00000009     curve_control_q2.o (.rodata.str1.5224194881743185477.1)
                  00012029    00000009     curve_control_v4.o (.rodata.str1.6092324763546605085.1)
                  00012032    00000009     curve_control_q2.o (.rodata.str1.6335129272847673625.1)
                  0001203b    00000009     curve_control_v5.o (.rodata.str1.6856170066211118364.1)
                  00012044    00000009     curve_control_v4.o (.rodata.str1.7563834387050621871.1)
                  0001204d    00000009     curve_control_v5.o (.rodata.str1.7967865634623334501.1)
                  00012056    00000009     curve_control_v4.o (.rodata.str1.9219738293339624090.1)
                  0001205f    00000001     --HOLE-- [fill = 0]
                  00012060    00000008     ti_msp_dl_config.o (.rodata.gMOTORConfig)
                  00012068    00000008     ti_msp_dl_config.o (.rodata.gSERVOConfig)
                  00012070    00000008     mode_q3.o (.rodata.str1.12440744705780888960.1)
                  00012078    00000008     ball_controller.o (.rodata.str1.15373548251272383638.1)
                  00012080    00000007     mode_q4.o (.rodata.str1.18043278854847467344.1)
                  00012087    00000007     mode_q5.o (.rodata.str1.2979225331797050442.1)
                  0001208e    00000007     mode_q3.o (.rodata.str1.5411476461123188733.1)
                  00012095    00000007     mode_q2.o (.rodata.str1.653270486547990476.1)
                  0001209c    00000007     ball_controller.o (.rodata.str1.7514206647273068161.1)
                  000120a3    00000006     ball_controller.o (.rodata.str1.9965913147273296121.1)
                  000120a9    00000005     curve_control_v4.o (.rodata.CurveControlV4_ErrorMmQ8.positions_mm)
                  000120ae    00000005     curve_control_v5.o (.rodata.CurveControlV5_ErrorMmQ8.positions_mm)
                  000120b3    00000005     curve_control_q2.o (.rodata.Q2CurveControl_ErrorMmQ8.positions_mm)
                  000120b8    00000005     ball_controller.o (.rodata.str1.10494626577905757636.1)
                  000120bd    00000005     ball_controller.o (.rodata.str1.10939236789976858227.1)
                  000120c2    00000005     ball_controller.o (.rodata.str1.1104434689246913876.1)
                  000120c7    00000005     ball_controller.o (.rodata.str1.12132770121777714502.1)
                  000120cc    00000005     mode_q3.o (.rodata.str1.13375243626408535846.1)
                  000120d1    00000005     ball_controller.o (.rodata.str1.13848612681546166471.1)
                  000120d6    00000005     ball_controller.o (.rodata.str1.15107819391556604689.1)
                  000120db    00000005     ball_controller.o (.rodata.str1.15420841638448990988.1)
                  000120e0    00000005     mode_q4.o (.rodata.str1.16397872794373831453.1)
                  000120e5    00000005     ball_controller.o (.rodata.str1.16986257614558279921.1)
                  000120ea    00000005     ball_controller.o (.rodata.str1.17905621574516245696.1)
                  000120ef    00000005     ball_controller.o (.rodata.str1.2307660527429307428.1)
                  000120f4    00000005     ball_controller.o (.rodata.str1.3183613243663939604.1)
                  000120f9    00000005     ball_controller.o (.rodata.str1.3804352478133435022.1)
                  000120fe    00000005     ball_controller.o (.rodata.str1.3822154968170896582.1)
                  00012103    00000005     ball_controller.o (.rodata.str1.414734614887975191.1)
                  00012108    00000005     ball_controller.o (.rodata.str1.4358927263972989966.1)
                  0001210d    00000005     ball_controller.o (.rodata.str1.4532964936337997190.1)
                  00012112    00000005     mode_q5.o (.rodata.str1.4871013768477005065.1)
                  00012117    00000005     ball_controller.o (.rodata.str1.537950434228067385.1)
                  0001211c    00000005     ball_controller.o (.rodata.str1.5380601433434871543.1)
                  00012121    00000005     ball_controller.o (.rodata.str1.5666454689196785302.1)
                  00012126    00000005     ball_controller.o (.rodata.str1.6445768864395166464.1)
                  0001212b    00000005     ball_controller.o (.rodata.str1.6557511496543366014.1)
                  00012130    00000005     ball_controller.o (.rodata.str1.8207778480894621167.1)
                  00012135    00000005     ball_controller.o (.rodata.str1.9374701924376197480.1)
                  0001213a    00000005     ball_controller.o (.rodata.str1.9477710056303676393.1)
                  0001213f    00000004     mode_q5.o (.rodata.str1.12032551893987426967.1)
                  00012143    00000004     ball_controller.o (.rodata.str1.12858167458430746203.1)
                  00012147    00000004     mode_q5.o (.rodata.str1.15611696434259667401.1)
                  0001214b    00000004     ball_controller.o (.rodata.str1.16578723093797407074.1)
                  0001214f    00000004     ball_controller.o (.rodata.str1.17566769756159835881.1)
                  00012153    00000004     ball_controller.o (.rodata.str1.1846432445244231245.1)
                  00012157    00000004     ball_controller.o (.rodata.str1.2309070129460710909.1)
                  0001215b    00000004     ball_controller.o (.rodata.str1.2545081353386507913.1)
                  0001215f    00000004     mode_q3.o (.rodata.str1.3471518962308224908.1)
                  00012163    00000004     mode_q4.o (.rodata.str1.3474892823479312614.1)
                  00012167    00000003     ti_msp_dl_config.o (.rodata.gSERVOClockConfig)
                  0001216a    00000003     ti_msp_dl_config.o (.rodata.gTIMER_PIDClockConfig)
                  0001216d    00000003     main.o (.rodata.str1.12180500075719773345.1)
                  00012170    00000003     mode_q4.o (.rodata.str1.13490347279818074116.1)
                  00012173    00000003     main.o (.rodata.str1.14112174005742061988.1)
                  00012176    00000003     mode_q5.o (.rodata.str1.15518467767099819893.1)
                  00012179    00000003     main.o (.rodata.str1.2846389346932560359.1)
                  0001217c    00000003     main.o (.rodata.str1.288608917962107522.1)
                  0001217f    00000003     mode_q3.o (.rodata.str1.4801176681557736149.1)
                  00012182    00000003     main.o (.rodata.str1.7702501944640899365.1)
                  00012185    00000002     ti_msp_dl_config.o (.rodata.gMPU6050ClockConfig)
                  00012187    00000002     ti_msp_dl_config.o (.rodata.gOLEDClockConfig)
                  00012189    00000002     ti_msp_dl_config.o (.rodata.gSerialClockConfig)
                  0001218b    00000002     mode_q3.o (.rodata.str1.18172109582703375473.1)
                  0001218d    00000003     --HOLE-- [fill = 0]

.init_array 
*          0    00000000    00000000     UNINITIALIZED

.binit     0    00000000    00000000     

.bss       0    20200000    00004422     UNINITIALIZED
                  20200000    00003ae8     mode_q3.o (.bss.g_ball)
                  20203ae8    00000480     (.common:OLED_GRAM)
                  20203f68    000000bc     (.common:gTIMER_PIDBackup)
                  20204024    000000a0     (.common:gSERVOBackup)
                  202040c4    00000064     mode_q5.o (.bss.g_curve)
                  20204128    00000064     uart.o (.bss.g_uartRxBuilding)
                  2020418c    00000064     (.common:UART_RxPacket)
                  202041f0    00000060     mode_q2.o (.bss.g_curve)
                  20204250    00000060     mode_q4.o (.bss.g_curve)
                  202042b0    0000003c     mode_q4.o (.bss.Ball_PID)
                  202042ec    0000003c     mode_q5.o (.bss.Ball_PID)
                  20204328    0000002c     mode_q5.o (.bss.g_telemetry)
                  20204354    00000028     mode_q2.o (.bss.g_telemetry)
                  2020437c    00000028     mode_q4.o (.bss.g_telemetry)
                  202043a4    0000000c     mode_q3.o (.bss.g_ui)
                  202043b0    00000004     mode_q4.o (.bss.Ball_Dx)
                  202043b4    00000004     mode_q5.o (.bss.Ball_Dx)
                  202043b8    00000004     mode_q4.o (.bss.Ball_Servo_Angle)
                  202043bc    00000004     mode_q5.o (.bss.Ball_Servo_Angle)
                  202043c0    00000004     encoder.o (.bss.Encoder_Count1)
                  202043c4    00000004     encoder.o (.bss.Encoder_Count2)
                  202043c8    00000004     mode_q4.o (.bss.UART_RxCount)
                  202043cc    00000004     mode_q5.o (.bss.UART_RxCount)
                  202043d0    00000004     mode_q4.o (.bss.g_ball_start_ms)
                  202043d4    00000004     mode_q5.o (.bss.g_ball_start_ms)
                  202043d8    00000004     mode_q2.o (.bss.g_last_oled_ms)
                  202043dc    00000004     mode_q4.o (.bss.g_last_oled_ms)
                  202043e0    00000004     mode_q5.o (.bss.g_last_oled_ms)
                  202043e4    00000004     mode_q5.o (.bss.g_target_capture_start_ms)
                  202043e8    00000004     mode_q5.o (.bss.g_target_capture_sum)
                  202043ec    00000004     uart.o (.bss.g_uartPendingMaxGapMs)
                  202043f0    00000004     uart.o (.bss.g_uartPreviousArrivalMs)
                  202043f4    00000004     mode_q2.o (.bss.g_uptime_ms)
                  202043f8    00000004     mode_q4.o (.bss.g_uptime_ms)
                  202043fc    00000004     mode_q5.o (.bss.g_uptime_ms)
                  20204400    00000004     (.common:UART_RxOverwriteCount)
                  20204404    00000004     (.common:UART_RxPacketTimeMs)
                  20204408    00000001     mode_q4.o (.bss.Ball_Control_Enable)
                  20204409    00000001     mode_q5.o (.bss.Ball_Control_Enable)
                  2020440a    00000001     mode_q4.o (.bss.Ball_Within1cm)
                  2020440b    00000001     mode_q5.o (.bss.Ball_Within1cm)
                  2020440c    00000001     key.o (.bss.Key_Tick.Count)
                  2020440d    00000001     key.o (.bss.Key_Tick.CurrState)
                  2020440e    00000001     key.o (.bss.Key_Tick.PrevState)
                  2020440f    00000001     mode_q4.o (.bss.g_ball_valid_prev)
                  20204410    00000001     mode_q5.o (.bss.g_ball_valid_prev)
                  20204411    00000001     mode_q2.o (.bss.g_control_divider)
                  20204412    00000001     mode_q4.o (.bss.g_control_divider)
                  20204413    00000001     mode_q5.o (.bss.g_control_divider)
                  20204414    00000001     mode_q4.o (.bss.g_curve_start_pending)
                  20204415    00000001     mode_q5.o (.bss.g_curve_start_pending)
                  20204416    00000001     mode_q2.o (.bss.g_start_requested)
                  20204417    00000001     mode_q2.o (.bss.g_started_once)
                  20204418    00000001     mode_q4.o (.bss.g_started_once)
                  20204419    00000001     mode_q5.o (.bss.g_started_once)
                  2020441a    00000001     mode_q5.o (.bss.g_target_capture_active)
                  2020441b    00000001     mode_q5.o (.bss.g_target_capture_count)
                  2020441c    00000001     uart.o (.bss.g_uartHasPreviousArrival)
                  2020441d    00000001     uart.o (.bss.g_uartRxLength)
                  2020441e    00000001     uart.o (.bss.g_uartRxOverflow)
                  2020441f    00000001     uart.o (.bss.g_uartRxState)
                  20204420    00000001     (.common:Key_Num)
                  20204421    00000001     (.common:UART_RxFlag)

.data      0    20204424    0000004b     UNINITIALIZED
                  20204424    00000005     huidu.o (.data.huidu_value)
                  20204429    00000001     main.o (.data.g_active_mode)
                  2020442a    00000002     mode_q3.o (.data.g_dump_count)
                  2020442c    00000004     libc.a : aeabi_portable.c.obj (.data.__aeabi_errno)
                  20204430    00000004     mode_q3.o (.data.g_dump_next_ms)
                  20204434    00000004     main.o (.data.g_last_menu_refresh_ms)
                  20204438    00000004     mode_q3.o (.data.g_oled_next_page_ms)
                  2020443c    00000004     main.o (.data.g_run_seconds)
                  20204440    00000004     main.o (.data.g_run_start_ms)
                  20204444    00000004     mode_q5.o (.data.g_target_cm)
                  20204448    00000004     mode_q5.o (.data.g_target_dx_px)
                  2020444c    00000004     mode_q3.o (.data.g_task_start_ms)
                  20204450    00000004     mode_q3.o (.data.g_uart_rx_count)
                  20204454    00000004     mode_q3.o (.data.g_vision_reference_ms)
                  20204458    00000004     mpu_port.o (.data.sys_tick_ms)
                  2020445c    00000004     main.o (.data.system_ms)
                  20204460    00000002     mode_q3.o (.data.g_dump_index)
                  20204462    00000002     mode_q3.o (.data.g_last_servo10)
                  20204464    00000001     main.o (.data.g_app_state)
                  20204465    00000001     mode_q3.o (.data.g_dump_active)
                  20204466    00000001     mode_q3.o (.data.g_dump_header_sent)
                  20204467    00000001     oled.o (.data.g_oledRefreshPage)
                  20204468    00000001     mode_q3.o (.data.g_oled_b_page)
                  20204469    00000001     main.o (.data.g_selected_mode)
                  2020446a    00000001     mode_q3.o (.data.g_task_started_once)
                  2020446b    00000001     mode_q3.o (.data.g_task_timeout_event)
                  2020446c    00000001     mode_q3.o (.data.g_task_watch_enabled)
                  2020446d    00000001     mode_q3.o (.data.g_vision_timeout_event)
                  2020446e    00000001     mode_q3.o (.data.g_vision_watch_enabled)

.stack     0    20207e00    00000200     UNINITIALIZED
                  20207e00    00000004     libc.a : boot_cortex_m.c.obj (.stack)
                  20207e04    000001fc     --HOLE--

__llvm_prf_cnts 
*          0    20200000    00000000     UNINITIALIZED

__llvm_prf_bits 
*          0    20200000    00000000     UNINITIALIZED

MODULE SUMMARY

       Module                         code    ro data   rw data
       ------                         ----    -------   -------
    .\
       mode_q3.o                      4614    953       15126  
       ball_controller.o              19028   165       0      
       mode_q5.o                      3716    209       252    
       ti_msp_dl_config.o             3406    101       348    
       mode_q4.o                      2750    206       226    
       curve_control_v5.o             2924    68        0      
       curve_control_q2.o             2788    59        0      
       curve_control_v4.o             2788    59        0      
       ball_pid_bank.o                1356    144       0      
       mode_q2.o                      1038    61        147    
       main.o                         1110    63        19     
       ball_estimator.o               836     0         0      
       ball_fast_estimator.o          824     0         0      
       pid.o                          648     0         0      
       curve_pid.o                    548     0         0      
       pid_q2.o                       548     0         0      
       ball_quiet_observer.o          522     0         0      
       huidu.o                        254     0         5      
       startup_mspm0g350x_ticlang.o   8       192       0      
       ball_ui.o                      152     0         0      
       delay.o                        28      0         0      
    +--+------------------------------+-------+---------+---------+
       Total:                         49886   2280      16123  
                                                               
    .\driver\
       oled.o                         3170    6080      1153   
       uart.o                         1050    0         221    
       encoder.o                      624     0         8      
       motor.o                        488     0         0      
       key.o                          332     0         4      
       servo.o                        108     0         0      
    +--+------------------------------+-------+---------+---------+
       Total:                         5772    6080      1386   
                                                               
    .\driver\mpu6050\
       mpu6050.o                      16      0         0      
       mpu_port.o                     0       0         4      
    +--+------------------------------+-------+---------+---------+
       Total:                         16      0         4      
                                                               
    C:/TI/mspm0_sdk_2_10_00_04/source/ti/driverlib/lib/ticlang/m0p/mspm0g1x0x_g3x0x/driverlib.a
       dl_timer.o                     608     0         0      
       dl_sysctl_mspm0g1x0x_g3x0x.o   416     0         0      
       dl_uart.o                      138     0         0      
       dl_i2c.o                       132     0         0      
       dl_common.o                    10      0         0      
    +--+------------------------------+-------+---------+---------+
       Total:                         1304    0         0      
                                                               
    F:\MCU\11_TI_MSP\CCS_ide\install\ccs\tools\compiler\ti-cgt-armllvm_4.0.4.LTS\lib\armv6m-ti-none-eabi/c/libc.a
       _printfi.c.obj                 4510    34        0      
       aeabi_ctype.S.obj              0       257       0      
       s_scalbn.c.obj                 216     0         0      
       e_sqrtf.c.obj                  160     0         0      
       copy_decompress_lzss.c.obj     124     0         0      
       s_frexp.c.obj                  92      0         0      
       _ltoa.c.obj                    88      0         0      
       vsprintf.c.obj                 78      0         0      
       atoi.c.obj                     64      0         0      
       autoinit.c.obj                 60      0         0      
       boot_cortex_m.c.obj            56      0         0      
       memccpy.c.obj                  34      0         0      
       copy_decompress_none.c.obj     18      0         0      
       memcpy16.S.obj                 18      0         0      
       copy_zero_init.c.obj           16      0         0      
       wcslen.c.obj                   16      0         0      
       memset16.S.obj                 14      0         0      
       aeabi_portable.c.obj           8       0         4      
       exit.c.obj                     6       0         0      
       pre_init.c.obj                 4       0         0      
    +--+------------------------------+-------+---------+---------+
       Total:                         5582    291       4      
                                                               
    F:\MCU\11_TI_MSP\CCS_ide\install\ccs\tools\compiler\ti-cgt-armllvm_4.0.4.LTS\lib\armv6m-ti-none-eabi/c/libsysbm.a
       hostexit.c.obj                 4       0         0      
    +--+------------------------------+-------+---------+---------+
       Total:                         4       0         0      
                                                               
    F:\MCU\11_TI_MSP\CCS_ide\install\ccs\tools\compiler\ti-cgt-armllvm_4.0.4.LTS\lib\armv6m-ti-none-eabi/libclang_rt.builtins.a
       adddf3.S.obj                   418     0         0      
       divdf3.S.obj                   268     0         0      
       muldf3.S.obj                   228     0         0      
       comparedf2.c.obj               220     0         0      
       addsf3.S.obj                   216     0         0      
       udivmoddi4.S.obj               162     0         0      
       mulsf3.S.obj                   140     0         0      
       divsf3.S.obj                   130     0         0      
       comparesf2.S.obj               118     0         0      
       aeabi_dcmp.S.obj               98      0         0      
       aeabi_fcmp.S.obj               98      0         0      
       aeabi_idivmod.S.obj            86      0         0      
       fixdfsi.S.obj                  74      0         0      
       fixunsdfsi.S.obj               66      0         0      
       aeabi_uidivmod.S.obj           64      0         0      
       floatsisf.S.obj                60      0         0      
       muldsi3.S.obj                  58      0         0      
       fixsfsi.S.obj                  56      0         0      
       fixunssfsi.S.obj               50      0         0      
       floatsidf.S.obj                44      0         0      
       floatunsisf.S.obj              40      0         0      
       floatunsidf.S.obj              36      0         0      
       muldi3.S.obj                   36      0         0      
       ashldi3.S.obj                  30      0         0      
       aeabi_memset.S.obj             26      0         0      
       aeabi_uldivmod.S.obj           20      0         0      
       aeabi_memcpy.S.obj             8       0         0      
       aeabi_div0.c.obj               4       0         0      
    +--+------------------------------+-------+---------+---------+
       Total:                         2854    0         0      
                                                               
       Stack:                         0       0         512    
       Linker Generated:              0       51        0      
    +--+------------------------------+-------+---------+---------+
       Grand Total:                   65418   8702      18029  


LINKER GENERATED COPY TABLES

__TI_cinit_table @ 000121b4 records: 2, size/record: 8, table size: 16
	.data: load addr=00012190, load size=0000000f bytes, run addr=20204424, run size=0000004b bytes, compression=lzss
	.bss: load addr=000121ac, load size=00000008 bytes, run addr=20200000, run size=00004422 bytes, compression=zero_init


LINKER GENERATED HANDLER TABLE

__TI_handler_table @ 000121a0 records: 3, size/record: 4, table size: 12
	index: 0, handler: __TI_decompress_lzss
	index: 1, handler: __TI_decompress_none
	index: 2, handler: __TI_zero_init


FAR CALL TRAMPOLINES

callee name               trampoline name
   callee addr  tramp addr   call addr  call info
--------------  -----------  ---------  ----------------
__aeabi_dsub              $Tramp$TT$L$PI$$__aeabi_dsub
   00005ce5     00010024     00010022   libc.a : _printfi.c.obj (.text.OUTLINED_FUNCTION_0)
_c_int00_noargs           $Tramp$TT$L$PI$$_c_int00_noargs
   0000f521     0001006c     00010066   startup_mspm0g350x_ticlang.o (.text.Reset_Handler)

[2 trampolines]
[2 trampoline calls]


GLOBAL SYMBOLS: SORTED ALPHABETICALLY BY Name 

address   name                                 
-------   ----                                 
0001005f  ADC0_IRQHandler                      
0001005f  ADC1_IRQHandler                      
0001005f  AES_IRQHandler                       
0000d0b1  BallController_ApproachReasonShort   
0000d10d  BallController_BrakeReasonShort      
0000ef3b  BallController_DataAgeMs             
0000bd45  BallController_GetLog                
0000c63d  BallController_Init                  
0000eccd  BallController_IsActive              
0000ff75  BallController_IsArmed               
0000fe85  BallController_IsReady               
000000c1  BallController_OnMeasurement         
00009c45  BallController_OnVisionFault         
0000a2e5  BallController_RequestAbort          
0000ca19  BallController_RequestStart          
0000b925  BallController_RequestTimeout        
0000b9a9  BallController_ResultShort           
0000f799  BallController_SetLogFrozen          
0000a389  BallController_SettleModeShort       
0000903d  BallController_StateShort            
0000fc91  BallController_TaskElapsedMs         
0000c945  BallController_TaskTimerActive       
0000ed01  BallController_VisionWatchActive     
00005b51  BallEstimator_Add                    
0000fe95  BallEstimator_Init                   
0000fdd1  BallEstimator_Reset                  
00006729  BallFastEstimator_Add                
0000fea5  BallFastEstimator_Init               
0000fde3  BallFastEstimator_Reset              
0000ef6b  BallFastEstimator_Seed               
0000feb5  BallPidBank_Init                     
0000fdf5  BallPidBank_Reset                    
0000c9af  BallPidBank_ResetDynamics            
0000eed5  BallPidBank_ResetIntegrals           
00002ff5  BallPidBank_Update                   
00006b3d  BallQuietObserver_Add                
0000fec5  BallQuietObserver_Init               
0000fe07  BallQuietObserver_Reset              
0000f595  BallUiThrottle_Init                  
0000ff83  BallUiThrottle_Request               
0000cae9  BallUiThrottle_TakeRefresh           
00010062  C$$EXIT                              
0001005f  CANFD0_IRQHandler                    
0000ab15  CurveControlV4_ErrorMmQ8             
0000b29d  CurveControlV4_FilteredMask          
0000e441  CurveControlV4_GetOutput             
0000afc5  CurveControlV4_Init                  
000083b1  CurveControlV4_PushSample1ms         
0000a75f  CurveControlV4_Start                 
0000c1b1  CurveControlV4_StateName             
0000561d  CurveControlV4_Step5ms               
0000d43d  CurveControlV4_StopImmediate         
0000abad  CurveControlV5_ErrorMmQ8             
0000b32d  CurveControlV5_FilteredMask          
0000e10d  CurveControlV5_GetOutput             
0000acdd  CurveControlV5_Init                  
000084b3  CurveControlV5_PushSample1ms         
0000a4d1  CurveControlV5_Start                 
0000b815  CurveControlV5_StateName             
000048a5  CurveControlV5_Step5ms               
0000d1c5  CurveControlV5_StopImmediate         
0000f119  Curve_PID_Reset                      
00004aa1  Curve_PID_Update                     
0001005f  DAC0_IRQHandler                      
00010011  DL_Common_delayCycles                
0000d051  DL_I2C_fillControllerTXFIFO          
0000f56f  DL_I2C_setClockConfig                
0000f895  DL_SYSCTL_configFCC                  
00009665  DL_SYSCTL_configSYSPLL               
0000cc7d  DL_SYSCTL_setHFCLKSourceHFXTParams   
0000e1dd  DL_SYSCTL_switchMCLKfromSYSOSCtoHSCLK
000081a9  DL_Timer_initFourCCPWMMode           
000087b5  DL_Timer_initTimerMode               
0000f921  DL_Timer_setCaptCompUpdateMethod     
0000fb79  DL_Timer_setCaptureCompareOutCtl     
0000ff25  DL_Timer_setCaptureCompareValue      
0000f93d  DL_Timer_setClockConfig              
0000decd  DL_UART_init                         
0000fe4f  DL_UART_setClockConfig               
0000efcd  DL_UART_transmitDataBlocking         
0001005f  DMA_IRQHandler                       
0001005f  Default_Handler                      
0000d221  Encoder_Init                         
0000f601  Encoder_ReadDelta1                   
0000f625  Encoder_ReadDelta2                   
0000f4d1  Encoder_Reset                        
0001005f  GROUP0_IRQHandler                    
00009e99  GROUP1_IRQHandler                    
00010063  HOSTexit                             
0001005f  HardFault_Handler                    
0001005f  I2C0_IRQHandler                      
0001005f  I2C1_IRQHandler                      
0000ce71  Key_GetNum                           
00003da7  Key_Init                             
20204420  Key_Num                              
0000ced1  Key_Tick                             
0000c6ad  ModeQ2_Init                          
0000e879  ModeQ2_Loop                          
0000fd6d  ModeQ2_Start                         
0000dbe9  ModeQ2_Stop                          
00006889  ModeQ2_Tick1ms                       
[...]
0000ff91  __aeabi_memset8                      
0000f649  __aeabi_ui2d                         
0000f4f9  __aeabi_ui2f                         
0000e64d  __aeabi_uidiv                        
0000e64d  __aeabi_uidivmod                     
0000fda9  __aeabi_uldivmod                     
0000f779  __ashldi3                            
ffffffff  __binit__                            
0000ca81  __cmpdf2                             
0000eb05  __cmpsf2                             
00007f99  __divdf3                             
0000bcc1  __divsf3                             
0000ca81  __eqdf2                              
0000eb05  __eqsf2                              
0000dda9  __fixdfsi                            
0000ec95  __fixsfsi                            
0000e509  __fixunsdfsi                         
0000ef09  __fixunssfsi                         
0000f35d  __floatsidf                          
0000e92d  __floatsisf                          
0000f649  __floatunsidf                        
0000f4f9  __floatunsisf                        
0000c559  __gedf2                              
0000e969  __gesf2                              
0000c559  __gtdf2                              
0000e969  __gtsf2                              
0000ca81  __ledf2                              
0000eb05  __lesf2                              
0000ca81  __ltdf2                              
0000eb05  __ltsf2                              
UNDEFED   __mpu_init                           
00009205  __muldf3                             
0000f66d  __muldi3                             
0000eb41  __muldsi3                            
0000b5f1  __mulsf3                             
0000ca81  __nedf2                              
0000eb05  __nesf2                              
20207e00  __stack                              
20200000  __start___llvm_prf_bits              
20200000  __start___llvm_prf_cnts              
20200000  __stop___llvm_prf_bits               
20200000  __stop___llvm_prf_cnts               
00005ce5  __subdf3                             
000099c9  __subsf3                             
0000a6bd  __udivmoddi4                         
0000f521  _c_int00_noargs                      
UNDEFED   _system_post_cinit                   
0001007d  _system_pre_init                     
00010059  abort                                
000113cc  asc2_1206                            
00010ddc  asc2_1608                            
00010080  asc2_2412                            
0000e68d  atoi                                 
ffffffff  binit                                
0000f991  delay_ms                             
0000d2d9  frexp                                
0000d2d9  frexpl                               
20204024  gSERVOBackup                         
20203f68  gTIMER_PIDBackup                     
2020443c  g_run_seconds                        
0000eea1  get_gpio_state                       
0000d97d  huidu_get_mask                       
0000cd45  huidu_get_value                      
20204424  huidu_value                          
00000000  interruptVectors                     
000098f1  ldexp                                
000098f1  ldexpl                               
00009aa1  main                                 
0000f6d5  memccpy                              
000098f1  scalbn                               
000098f1  scalbnl                              
0000a941  sqrtf                                
20204458  sys_tick_ms                          
2020445c  system_ms                            
0000f389  vsprintf                             
0000ff55  wcslen                               


GLOBAL SYMBOLS: SORTED BY Symbol Address 

address   name                                 
-------   ----                                 
00000000  __TI_ATRegion0_region_sz             
00000000  __TI_ATRegion0_src_addr              
00000000  __TI_ATRegion0_trg_addr              
00000000  __TI_ATRegion1_region_sz             
00000000  __TI_ATRegion1_src_addr              
00000000  __TI_ATRegion1_trg_addr              
00000000  __TI_ATRegion2_region_sz             
00000000  __TI_ATRegion2_src_addr              
00000000  __TI_ATRegion2_trg_addr              
00000000  __TI_static_base__                   
00000000  interruptVectors                     
000000c1  BallController_OnMeasurement         
00000200  __STACK_SIZE                         
00000e6d  __TI_printfi                         
00002ff5  BallPidBank_Update                   
00003b1f  PID_Update                           
00003da7  Key_Init                             
00003da9  ModeQ3_Loop                          
00004251  SYSCFG_DL_GPIO_init                  
000048a5  CurveControlV5_Step5ms               
00004aa1  Curve_PID_Update                     
00004c97  Q2_PID_Update                        
00004e8d  ModeQ5_Tick1ms                       
00005081  ModeQ4_Tick1ms                       
0000561d  CurveControlV4_Step5ms               
000057e1  Q2CurveControl_Step5ms               
00005b51  BallEstimator_Add                    
00005ce5  __aeabi_dsub                         
00005ce5  __subdf3                             
00005cef  __adddf3                             
00005cef  __aeabi_dadd                         
00005e77  __aeabi_idiv0                        
00006727  __aeabi_ldiv0                        
00006729  BallFastEstimator_Add                
00006889  ModeQ2_Tick1ms                       
000069e5  OLED_ShowChar                        
00006b3d  BallQuietObserver_Add                
00007d71  ModeQ5_Init                          
00007f99  __aeabi_ddiv                         
00007f99  __divdf3                             
000081a9  DL_Timer_initFourCCPWMMode           
000083b1  CurveControlV4_PushSample1ms         
000084b3  CurveControlV5_PushSample1ms         
000085b5  Q2CurveControl_PushSample1ms         
000087b5  DL_Timer_initTimerMode               
000089a9  OLED_Init                            
00008d75  UART0_IRQHandler                     
00008e65  UART_TakeLatestPacket                
00008f55  SYSCFG_DL_SYSCTL_SYSPLL_init         
0000903d  BallController_StateShort            
00009205  __aeabi_dmul                         
00009205  __muldf3                             
000094a9  ModeQ4_Init                          
00009665  DL_SYSCTL_configSYSPLL               
000098f1  ldexp                                
000098f1  ldexpl                               
000098f1  scalbn                               
000098f1  scalbnl                              
000099c9  __aeabi_fsub                         
000099c9  __subsf3                             
000099d3  __addsf3                             
000099d3  __aeabi_fadd                         
00009aa1  main                                 
00009c45  BallController_OnVisionFault         
00009dd5  ModeQ3_Init                          
00009e99  GROUP1_IRQHandler                    
0000a17d  ModeQ5_Stop                          
0000a2e5  BallController_RequestAbort          
0000a389  BallController_SettleModeShort       
0000a4d1  CurveControlV5_Start                 
0000a575  OLED_RefreshStep                     
0000a619  TIMA0_IRQHandler                     
0000a6bd  __udivmoddi4                         
0000a75f  CurveControlV4_Start                 
0000a7ff  Q2CurveControl_Start                 
0000a8a1  SYSCFG_DL_initPower                  
0000a941  sqrtf                                
0000ab15  CurveControlV4_ErrorMmQ8             
0000abad  CurveControlV5_ErrorMmQ8             
0000ac45  Q2CurveControl_ErrorMmQ8             
0000acdd  CurveControlV5_Init                  
0000afc5  CurveControlV4_Init                  
0000b0e9  Q2CurveControl_Init                  
0000b29d  CurveControlV4_FilteredMask          
0000b32d  CurveControlV5_FilteredMask          
0000b3bd  Q2CurveControl_FilteredMask          
0000b4d9  SYSCFG_DL_MOTOR_init                 
0000b565  SYSCFG_DL_SERVO_init                 
0000b5f1  __aeabi_fmul                         
0000b5f1  __mulsf3                             
0000b815  CurveControlV5_StateName             
0000b925  BallController_RequestTimeout        
0000b9a9  BallController_ResultShort           
0000bb35  ModeQ4_Stop                          
0000bcc1  __aeabi_fdiv                         
0000bcc1  __divsf3                             
0000bd45  BallController_GetLog                
0000be45  Motor1_SetSpeed                      
0000bec5  Motor2_SetSpeed                      
0000c03d  ModeQ5_Start                         
0000c135  __TI_decompress_lzss                 
0000c1b1  CurveControlV4_StateName             
0000c229  Q2CurveControl_StateName             
0000c3fd  OLED_WR_Byte                         
0000c471  SYSCFG_DL_SYSCTL_init                
0000c4e5  UART_ResetRxMailbox                  
0000c559  __gedf2                              
0000c559  __gtdf2                              
0000c63d  BallController_Init                  
0000c6ad  ModeQ2_Init                          
0000c71d  ModeQ3_Tick1ms                       
0000c8d9  Servo_SetAngle1                      
0000c945  BallController_TaskTimerActive       
0000c9af  BallPidBank_ResetDynamics            
0000ca19  BallController_RequestStart          
0000ca81  __cmpdf2                             
0000ca81  __eqdf2                              
0000ca81  __ledf2                              
0000ca81  __ltdf2                              
0000ca81  __nedf2                              
0000cae9  BallUiThrottle_TakeRefresh           
0000cc7d  DL_SYSCTL_setHFCLKSourceHFXTParams   
0000cce1  OLED_ClearPoint                      
0000cd45  huidu_get_value                      
0000cda9  __aeabi_dcmpeq                       
0000cdbd  __aeabi_dcmplt                       
0000cdd1  __aeabi_dcmple                       
0000cde5  __aeabi_dcmpge                       
0000cdf9  __aeabi_dcmpgt                       
0000ce0d  __aeabi_fcmpeq                       
0000ce21  __aeabi_fcmplt                       
0000ce35  __aeabi_fcmple                       
0000ce49  __aeabi_fcmpge                       
0000ce5d  __aeabi_fcmpgt                       
0000ce71  Key_GetNum                           
0000ced1  Key_Tick                             
0000cf31  SYSCFG_DL_MPU6050_init               
0000cf91  SYSCFG_DL_OLED_init                  
0000d051  DL_I2C_fillControllerTXFIFO          
0000d0b1  BallController_ApproachReasonShort   
0000d10d  BallController_BrakeReasonShort      
0000d1c5  CurveControlV5_StopImmediate         
0000d221  Encoder_Init                         
0000d27d  ModeQ3_Stop                          
0000d2d9  frexp                                
0000d2d9  frexpl                               
0000d43d  CurveControlV4_StopImmediate         
0000d545  OLED_ClearBuffer                     
0000d59d  Q2CurveControl_StopImmediate         
0000d5f5  __TI_ltoa                            
0000d6a5  __aeabi_idiv                         
0000d6a5  __aeabi_idivmod                      
0000d97d  huidu_get_mask                       
0000dbe9  ModeQ2_Stop                          
0000dda9  __aeabi_d2iz                         
0000dda9  __fixdfsi                            
0000decd  DL_UART_init                         
0000df15  ModeQ4_Start                         
0000dfed  OLED_DisplayTurn                     
0000e035  OLED_DrawPoint                       
0000e0c5  SYSCFG_DL_Serial_init                
0000e10d  CurveControlV5_GetOutput             
0000e1dd  DL_SYSCTL_switchMCLKfromSYSOSCtoHSCLK
0000e3b9  SYSCFG_DL_init                       
0000e441  CurveControlV4_GetOutput             
0000e483  Q2CurveControl_GetOutput             
0000e509  __aeabi_d2uiz                        
0000e509  __fixunsdfsi                         
0000e5cd  ModeQ3_Start                         
0000e64d  __aeabi_uidiv                        
0000e64d  __aeabi_uidivmod                     
0000e68d  atoi                                 
0000e879  ModeQ2_Loop                          
0000e8b5  ModeQ4_Loop                          
0000e8f1  ModeQ5_Loop                          
0000e92d  __aeabi_i2f                          
0000e92d  __floatsisf                          
0000e969  __gesf2                              
0000e969  __gtsf2                              
0000e9a5  __TI_auto_init_nobinit_nopinit       
0000eb05  __cmpsf2                             
0000eb05  __eqsf2                              
0000eb05  __lesf2                              
0000eb05  __ltsf2                              
0000eb05  __nesf2                              
0000eb41  __muldsi3                            
0000ec5b  UART_SendString                      
0000ec95  __aeabi_f2iz                         
0000ec95  __fixsfsi                            
0000eccd  BallController_IsActive              
0000ed01  BallController_VisionWatchActive     
0000ed69  Motor1_Brake                         
0000ed9d  Motor2_Brake                         
0000edd1  OLED_ColorTurn                       
0000ee05  SYSCFG_DL_TIMER_PID_init             
0000eea1  get_gpio_state                       
0000eed5  BallPidBank_ResetIntegrals           
0000ef09  __aeabi_f2uiz                        
0000ef09  __fixunssfsi                         
0000ef3b  BallController_DataAgeMs             
0000ef6b  BallFastEstimator_Seed               
0000efcd  DL_UART_transmitDataBlocking         
0000f02d  OLED_DrawPrintf                      
0000f05d  UART_Printf                          
0000f119  Curve_PID_Reset                      
0000f175  Q2_PID_Reset                         
0000f35d  __aeabi_i2d                          
0000f35d  __floatsidf                          
0000f389  vsprintf                             
0000f4d1  Encoder_Reset                        
0000f4f9  __aeabi_ui2f                         
0000f4f9  __floatunsisf                        
0000f521  _c_int00_noargs                      
0000f56f  DL_I2C_setClockConfig                
0000f595  BallUiThrottle_Init                  
0000f601  Encoder_ReadDelta1                   
0000f625  Encoder_ReadDelta2                   
0000f649  __aeabi_ui2d                         
0000f649  __floatunsidf                        
0000f66d  __aeabi_lmul                         
0000f66d  __muldi3                             
0000f6d5  memccpy                              
0000f739  OLED_RefreshBusy                     
0000f779  __aeabi_llsl                         
0000f779  __ashldi3                            
0000f799  BallController_SetLogFrozen          
0000f895  DL_SYSCTL_configFCC                  
0000f921  DL_Timer_setCaptCompUpdateMethod     
0000f93d  DL_Timer_setClockConfig              
0000f975  UART_SendByte                        
0000f991  delay_ms                             
0000f9ad  OLED_Refresh                         
0000fb79  DL_Timer_setCaptureCompareOutCtl     
0000fc91  BallController_TaskElapsedMs         
0000fd6d  ModeQ2_Start                         
0000fda9  __aeabi_uldivmod                     
0000fdd1  BallEstimator_Reset                  
0000fde3  BallFastEstimator_Reset              
0000fdf5  BallPidBank_Reset                    
0000fe07  BallQuietObserver_Reset              
0000fe4f  DL_UART_setClockConfig               
0000fe61  TI_memcpy_small                      
0000fe73  __TI_decompress_none                 
0000fe85  BallController_IsReady               
0000fe95  BallEstimator_Init                   
0000fea5  BallFastEstimator_Init               
0000feb5  BallPidBank_Init                     
0000fec5  BallQuietObserver_Init               
0000ff25  DL_Timer_setCaptureCompareValue      
0000ff35  SYSCFG_DL_SYSTICK_init               
0000ff45  SysTick_Handler                      
0000ff55  wcslen                               
0000ff65  __TI_zero_init                       
0000ff75  BallController_IsArmed               
0000ff83  BallUiThrottle_Request               
0000ff91  __aeabi_memset                       
0000ff91  __aeabi_memset4                      
0000ff91  __aeabi_memset8                      
0000ffad  TI_memset_small                      
0000ffd5  Motor_StopSafe                       
0000ffe1  OLED_Clear                           
0000ffed  OLED_RefreshBegin                    
00010005  __aeabi_memclr                       
00010005  __aeabi_memclr4                      
00010005  __aeabi_memclr8                      
00010011  DL_Common_delayCycles                
00010049  __aeabi_errno_addr                   
00010051  __aeabi_memcpy                       
00010051  __aeabi_memcpy4                      
00010051  __aeabi_memcpy8                      
00010059  abort                                
0001005f  ADC0_IRQHandler                      
0001005f  ADC1_IRQHandler                      
0001005f  AES_IRQHandler                       
0001005f  CANFD0_IRQHandler                    
0001005f  DAC0_IRQHandler                      
0001005f  DMA_IRQHandler                       
0001005f  Default_Handler                      
0001005f  GROUP0_IRQHandler                    
0001005f  HardFault_Handler                    
0001005f  I2C0_IRQHandler                      
0001005f  I2C1_IRQHandler                      
0001005f  NMI_Handler                          
0001005f  PendSV_Handler                       
0001005f  RTC_IRQHandler                       
0001005f  SPI0_IRQHandler                      
0001005f  SPI1_IRQHandler                      
0001005f  SVC_Handler                          
0001005f  TIMA1_IRQHandler                     
0001005f  TIMG0_IRQHandler                     
0001005f  TIMG12_IRQHandler                    
0001005f  TIMG6_IRQHandler                     
0001005f  TIMG7_IRQHandler                     
0001005f  TIMG8_IRQHandler                     
0001005f  UART1_IRQHandler                     
0001005f  UART2_IRQHandler                     
0001005f  UART3_IRQHandler                     
00010062  C$$EXIT                              
00010063  HOSTexit                             
00010067  Reset_Handler                        
0001007d  _system_pre_init                     
00010080  asc2_2412                            
00010ddc  asc2_1608                            
000113cc  asc2_1206                            
00011970  __aeabi_ctype_table_                 
00011970  __aeabi_ctype_table_C                
000121a0  __TI_Handler_Table_Base              
000121ac  __TI_Handler_Table_Limit             
000121b4  __TI_CINIT_Base                      
000121c4  __TI_CINIT_Limit                     
000121c4  __TI_CINIT_Warm                      
20200000  __start___llvm_prf_bits              
20200000  __start___llvm_prf_cnts              
20200000  __stop___llvm_prf_bits               
20200000  __stop___llvm_prf_cnts               
20203ae8  OLED_GRAM                            
20203f68  gTIMER_PIDBackup                     
20204024  gSERVOBackup                         
2020418c  UART_RxPacket                        
20204400  UART_RxOverwriteCount                
20204404  UART_RxPacketTimeMs                  
20204420  Key_Num                              
20204421  UART_RxFlag                          
20204424  huidu_value                          
2020442c  __aeabi_errno                        
2020443c  g_run_seconds                        
20204458  sys_tick_ms                          
2020445c  system_ms                            
20207e00  __stack                              
20208000  __STACK_END                          
ffffffff  __TI_pprof_out_hndl                  
ffffffff  __TI_prof_data_size                  
ffffffff  __TI_prof_data_start                 
ffffffff  __binit__                            
ffffffff  binit                                
UNDEFED   __mpu_init                           
UNDEFED   _system_post_cinit                   

[337 symbols]
